timestep,episode,episode_reward,episode_length,zombies_killed,wave,has_machinegun,mg_ammo,weapon,policy_loss,value_loss,entropy_loss,total_loss,clip_fraction,approx_kl,fps,elapsed_time
5200,1,2481.501999999969,5200,130,14,True,50,machinegun,,,,,,,20.090286955050278,258.8315453529358
8406,2,1107.2819999999904,3206,64,7,False,0,pistol,,,,,,,14.914746427833713,473.8596212863922
9855,3,986.037000000002,1449,25,3,False,0,pistol,,,,,,,61.55658852117117,497.39904499053955
11585,4,1001.1800000000023,1730,32,4,False,0,pistol,,,,,,,14.943362602582546,613.1696102619171
14533,5,1348.040999999994,2948,61,7,False,0,pistol,,,,,,,14.674252672391386,814.0657970905304
17795,6,1569.1110000000106,3262,61,7,False,0,pistol,,,,,,,24.758834916822728,945.8168303966522
20387,7,1132.1950000000002,2592,49,5,False,0,pistol,,,,,,,21.229142482893327,1067.9132416248322
22341,8,1337.1109999999908,1954,35,4,False,0,pistol,,,,,,,18.025913461068438,1176.3128397464752
25702,9,2179.671999999985,3361,68,7,False,0,pistol,,,,,,,15.787432479581396,1389.2038116455078
29101,10,1898.5680000000036,3399,73,6,False,0,pistol,,,,,,,15.857537408489348,1603.5499341487885
32609,11,2889.777000000022,3508,73,8,False,0,pistol,,,,,,,28.410582302264956,1727.0251338481903
36728,12,3353.720000000049,4119,83,9,False,0,pistol,,,,,,,21.267289340586526,1920.942367553711
37485,13,621.0929999999997,757,14,1,False,0,pistol,,,,,,,9.816840428370414,1998.3935692310333
39233,14,1262.6100000000033,1748,30,4,False,0,pistol,,,,,,,18.973893905148323,2090.520253419876
41786,15,2029.0309999999909,2553,44,5,False,0,pistol,,,,,,,24.39286323640252,2195.182097196579
44340,16,2429.119999999975,2554,49,5,False,0,pistol,,,,,,,24.34668026654605,2300.0835423469543
45669,17,863.4610000000026,1329,24,3,False,0,pistol,,,,,,,15.58741289322992,2385.34472489357
50239,18,3917.267999999981,4570,90,9,True,6,machinegun,,,,,,,21.14997161278215,2601.4207413196564
53684,19,2952.296000000005,3445,66,7,False,0,pistol,,,,,,,17.324126348320227,2800.540018558502
55730,20,1220.8399999999954,2046,38,4,False,0,pistol,,,,,,,21.231361669739638,2896.9069764614105
58269,21,945.1249999999981,2539,47,5,False,0,pistol,,,,,,,24.209565334784603,3001.7829682826996
61053,22,2215.4880000000067,2784,51,6,False,0,pistol,,,,,,,25.67167331257474,3110.229433298111
61966,23,425.1749999999997,913,14,2,False,0,pistol,,,,,,,11.34976072138464,3190.6717314720154
62474,24,-104.21000000000004,508,9,1,False,0,pistol,,,,,,,62.1469660620605,3198.8459856510162
64402,25,1573.4550000000013,1928,33,4,False,0,pistol,,,,,,,20.345779740059786,3293.6077315807343
66687,26,1426.3630000000016,2285,42,5,False,0,pistol,,,,,,,22.75272537027835,3394.035344362259
69733,27,3355.47999999999,3046,52,6,False,0,pistol,,,,,,,17.232390948862548,3570.7955758571625
71617,28,2246.939999999993,1884,34,4,False,0,pistol,,,,,,,62.01567586001955,3601.1750752925873
75526,29,4007.174999999988,3909,81,9,False,0,pistol,,,,,,,20.361293012060973,3793.1570711135864
78375,30,3278.9219999999914,2849,52,6,False,0,pistol,,,,,,,16.420883586975766,3966.8910727500916
80292,31,1682.1050000000173,1917,33,4,False,0,pistol,,,,,,,20.39614299731121,4060.8795087337494
83274,32,2546.541999999993,2982,57,6,False,0,pistol,,,,,,,26.88785528512789,4171.784689426422
85771,33,2488.3400000000015,2497,46,5,False,0,pistol,,,,,,,24.136062406206,4275.2399299144745
87879,34,2031.71299999998,2108,40,5,False,0,pistol,,,,,,,21.827029435040473,4371.817516326904
91362,35,4259.804999999974,3483,74,8,False,0,pistol,,,,,,,19.085642511788286,4554.310802221298
94224,36,3130.9090000000183,2862,54,6,False,0,pistol,,,,,,,16.626167420030377,4726.691106557846
100051,37,6516.131999999928,5827,147,15,True,116,machinegun,,,,,,,26.555628720539104,4946.117379188538
102308,38,1274.9300000000069,2257,42,5,False,0,pistol,,,,,,,22.546677652439385,5046.46768283844
103735,39,1432.731000000005,1427,27,3,False,0,pistol,,,,,,,16.68620748331352,5131.987498044968
105008,40,746.6100000000109,1273,23,3,False,0,pistol,,,,,,,15.31317090800583,5215.118623495102
108610,41,1659.669999999968,3602,69,7,False,0,pistol,,,,,,,19.769049791601812,5397.322712659836
109508,42,666.5540000000015,898,16,2,False,0,pistol,,,,,,,62.22169235417657,5411.7550637722015
110966,43,524.3100000000018,1458,27,3,False,0,pistol,,,,,,,17.072872149580107,5497.153782367706
115170,44,2478.5039999999776,4204,81,9,False,0,pistol,,,,,,,21.733845969236498,5690.5848915576935
117159,45,1019.3600000000022,1989,36,4,False,0,pistol,,,,,,,21.053895350276598,5785.056801319122
119610,46,1418.224000000004,2451,48,5,False,0,pistol,,,,,,,23.99978994602379,5887.182779073715
123243,47,2438.2479999999937,3633,72,8,False,0,pistol,,,,,,,19.86992021956368,6070.022053718567
125326,48,1286.8800000000122,2083,37,4,False,0,pistol,,,,,,,21.51074014291118,6166.857482433319
126658,49,623.2199999999947,1332,24,3,False,0,pistol,,,,,,,62.13129151825981,6188.296042203903
128458,50,1248.3499999999967,1800,32,4,False,0,pistol,,,,,,,19.731336238496585,6279.521583080292
131982,51,2276.385,3524,77,8,False,0,pistol,,,,,,,19.353004888594285,6461.612265825272
133791,52,1151.1300000000028,1809,31,4,False,0,pistol,,,,,,,19.73623643490677,6553.27116394043
135460,53,-292.6849999999979,1669,24,3,True,50,pistol,,,,,,,18.58124155544508,6643.093014717102
135735,54,-326.53000000000014,275,1,1,False,0,pistol,,,,,,,59.907145071931666,6647.683534622192
135987,55,-439.2999999999999,252,0,1,False,0,pistol,,,,,,,61.783235408205044,6651.7623953819275
136218,56,-358.0100000000001,231,1,1,False,0,pistol,,,,,,,61.7925674748323,6655.500802993774
136449,57,-462.3000000000003,231,0,1,False,0,pistol,,,,,,,61.84205808409942,6659.23620223999
136632,58,-376.80000000000007,183,0,1,False,0,pistol,,,,,,,61.829746953673705,6662.196036815643
136851,59,-366.0999999999997,219,0,1,False,0,pistol,,,,,,,61.899284543181125,6665.734130144119
136956,60,-239.89999999999992,105,0,1,False,0,pistol,,,,,,,61.157402971370296,6667.451108932495
137141,61,-403.2000000000001,185,0,1,False,0,pistol,,,,,,,61.85210137942931,6670.442204713821
137474,62,-712.9999999999999,333,0,1,False,0,pistol,,,,,,,4.914415243151487,6738.202129125595
137785,63,-368.00000000000057,311,0,1,False,0,pistol,,,,,,,61.940397869551454,6743.223166465759
138005,64,-314.0999999999999,220,0,1,False,0,pistol,,,,,,,60.52553858400524,6746.858084440231
138299,65,-551.8000000000005,294,0,1,False,0,pistol,,,,,,,61.82359745769914,6751.61363697052
138610,66,-683.8000000000015,311,0,1,False,0,pistol,,,,,,,60.33135936380577,6756.768587112427
138833,67,-545.6000000000014,223,0,1,False,0,pistol,,,,,,,61.69966184015606,6760.38295507431
139248,68,-535.0000000000015,415,0,1,False,0,pistol,,,,,,,61.983434393503664,6767.078378677368
139413,69,-371.7,165,0,1,False,0,pistol,,,,,,,2.4992216522176967,6833.099021434784
139615,70,-432.4000000000009,202,0,1,False,0,pistol,,,,,,,61.82313077660852,6836.366498708725
139877,71,-268.7,262,0,1,False,0,pistol,,,,,,,61.74098407555529,6840.610118865967
140076,72,-445.30000000000075,199,0,1,False,0,pistol,,,,,,,61.75237259002007,6843.832755565643
140217,73,-312.5000000000003,141,0,1,False,0,pistol,,,,,,,61.81962268087641,6846.1136746406555
140356,74,-314.20000000000033,139,0,1,False,0,pistol,,,,,,,61.72384486465942,6848.365722417831
140686,75,-479.800000000001,330,0,1,False,0,pistol,,,,,,,62.09811097277836,6853.679972171783
140966,76,-458.20000000000056,280,0,1,False,0,pistol,,,,,,,62.02616696384768,6858.194284200668
141197,77,-441.4000000000007,231,0,1,False,0,pistol,,,,,,,61.890137563913676,6861.926815986633
141416,78,-441.3000000000007,219,0,1,False,0,pistol,,,,,,,3.323236335781781,6927.82652425766
141593,79,-270.3,177,0,1,False,0,pistol,,,,,,,61.8478007465805,6930.688472747803
141762,80,-389.30000000000035,169,0,1,False,0,pistol,,,,,,,61.66294452524037,6933.429270505905
141880,81,-286.00000000000034,118,0,1,False,0,pistol,,,,,,,61.494228329413076,6935.3482410907745
142025,82,-320.80000000000035,145,0,1,False,0,pistol,,,,,,,61.936936712153184,6937.689464569092
142166,83,-284.0,141,0,1,False,0,pistol,,,,,,,59.42890309982561,6940.062130451202
142365,84,-435.50000000000057,199,0,1,False,0,pistol,,,,,,,61.68934755815084,6943.288056373596
142490,85,-285.50000000000017,125,0,1,False,0,pistol,,,,,,,61.66039738289549,6945.315373659134
142629,86,-321.4000000000003,139,0,1,False,0,pistol,,,,,,,61.74191883329547,6947.566765069962
142787,87,-344.50000000000045,158,0,1,False,0,pistol,,,,,,,58.95216486180713,6950.246991157532
143088,88,-480.0000000000006,301,0,1,False,0,pistol,,,,,,,61.99022296162882,6955.102688550949
143290,89,-281.1,202,0,1,False,0,pistol,,,,,,,61.93367620503208,6958.364327907562
143466,90,-384.80000000000035,176,0,1,False,0,pistol,,,,,,,2.5069233411663236,7028.569988012314
143630,91,-315.5000000000001,164,0,1,False,0,pistol,,,,,,,61.84431953891104,7031.221894979477
143879,92,-484.0000000000005,249,0,1,False,0,pistol,,,,,,,62.04941177980367,7035.234917640686
144060,93,-391.10000000000065,181,0,1,False,0,pistol,,,,,,,61.73032342902845,7038.167108058929
144228,94,-370.6000000000003,168,0,1,False,0,pistol,,,,,,,59.1067054916218,7041.009512901306
144346,95,-295.6000000000003,118,0,1,False,0,pistol,,,,,,,61.481952355101946,7042.928861379623
144549,96,-433.20000000000067,203,0,1,False,0,pistol,,,,,,,56.952722369598575,7046.493337392807
144679,97,-301.5000000000003,130,0,1,False,0,pistol,,,,,,,61.73138773133158,7048.599339962006
144839,98,-357.90000000000055,160,0,1,False,0,pistol,,,,,,,56.209037839264894,7051.445950508118
145177,99,-439.20000000000044,338,0,1,False,0,pistol,,,,,,,61.96536879754491,7056.900709867477
145392,100,-439.90000000000066,215,0,1,False,0,pistol,,,,,,,61.95028082765034,7060.371328115463
