timestep,episode,episode_reward,episode_length,zombies_killed,wave,has_machinegun,mg_ammo,weapon,policy_loss,value_loss,entropy_loss,total_loss,clip_fraction,approx_kl,fps,elapsed_time
3593,1,2413.6100000000138,3593,69,7,False,0,pistol,,,,,,,25.72263387305743,139.6824312210083
6724,2,162.14299999999156,3131,62,6,True,54,machinegun,,,,,,,15.815149568989387,337.7198395729065
7792,3,260.90000000000094,1068,18,2,False,0,pistol,,,,,,,60.96742236726957,355.23753452301025
10816,4,549.3619999999994,3024,57,6,False,0,pistol,,,,,,,14.868790511930994,558.6166391372681
12925,5,135.22149999999922,2109,38,2,False,0,pistol,,,,,,,19.492609651823624,666.8115787506104
15197,6,962.4149999999959,2272,43,5,False,0,pistol,,,,,,,20.054324860435013,780.1039440631866
19573,7,2426.4889999999923,4376,111,12,False,0,pistol,,,,,,,21.113251141658928,987.3672330379486
21370,8,750.5399999999988,1797,31,3,False,0,pistol,,,,,,,16.88213120216987,1094.122492313385
23236,9,1043.5375000000013,1866,35,4,False,0,pistol,,,,,,,18.196442649127018,1196.670096874237
23995,10,102.25200000000012,759,14,2,False,0,pistol,,,,,,,60.504521422748326,1209.2147417068481
24632,11,126.55250000000001,637,11,2,False,0,pistol,,,,,,,8.115964098856274,1287.7021353244781
28046,12,369.4184999999975,3414,69,7,False,0,pistol,,,,,,,28.426542629341537,1407.8012413978577
33057,13,944.3205000000028,5011,109,11,False,0,pistol,,,,,,,17.987309300517886,1686.3866312503815
35751,14,990.2060000000128,2694,54,6,False,0,pistol,,,,,,,23.7054877129349,1800.0312893390656
38834,15,1758.654000000014,3083,58,6,False,0,pistol,,,,,,,25.189993026185906,1922.4212563037872
42526,16,614.5110000000013,3692,84,9,False,0,pistol,,,,,,,17.77514040260218,2130.1271607875824
45861,17,623.201999999998,3335,68,7,False,0,pistol,,,,,,,13.830358484978612,2371.2634575366974
48092,18,513.2004999999982,2231,39,4,False,0,pistol,,,,,,,20.649038386447515,2479.3073856830597
50716,19,324.7209999999948,2624,50,6,False,0,pistol,,,,,,,24.21556190318083,2587.667545557022
55803,20,612.3410000000034,5087,109,10,False,0,pistol,,,,,,,18.12945596100832,2868.2607247829437
58906,21,-176.531500000008,3103,60,7,False,0,pistol,,,,,,,25.987819535927404,2987.662934064865
61629,22,245.33000000000197,2723,48,4,False,0,pistol,,,,,,,14.975181420877338,3169.4972138404846
64666,23,1878.5790000000077,3037,57,6,False,0,pistol,,,,,,,24.877952957367956,3291.5732610225677
67865,24,991.5525000000049,3199,62,7,False,0,pistol,,,,,,,15.37643750184211,3499.6189391613007
70806,25,-57.687500000000384,2941,57,6,False,0,pistol,,,,,,,24.42266557164441,3620.0399663448334
73831,26,993.0674999999986,3025,55,6,False,0,pistol,,,,,,,15.09273930499978,3820.467561006546
76561,27,1901.3100000000115,2730,53,6,True,50,machinegun,,,,,,,23.750741115866326,3935.4114294052124
77744,28,175.21149999999957,1183,21,3,False,0,pistol,,,,,,,62.2547522452736,3954.414082288742
78396,29,411.52250000000055,652,11,2,False,0,pistol,,,,,,,8.060830498877108,4035.2991213798523
79182,30,266.64750000000123,786,13,2,False,0,pistol,,,,,,,60.926345002494365,4048.2000257968903
81454,31,716.287500000008,2272,41,5,False,0,pistol,,,,,,,19.36402693753769,4165.53111076355
83546,32,961.8975000000007,2092,36,4,False,0,pistol,,,,,,,17.540616883383056,4284.797242641449
86903,33,1615.0264999999956,3357,63,7,False,0,pistol,,,,,,,14.643543193027595,4514.045205593109
90655,34,2184.313500000012,3752,73,8,False,0,pistol,,,,,,,16.864426678868387,4736.525427341461
91352,35,479.1150000000006,697,11,2,False,0,pistol,,,,,,,62.18630924773331,4747.733780622482
96207,36,1342.3270000000023,4855,99,10,False,0,pistol,,,,,,,19.9327978063085,4991.302284240723
97466,37,351.3720000000011,1259,23,3,True,48,machinegun,,,,,,,11.71921662547564,5098.7327671051025
100578,38,1540.147000000002,3112,66,6,False,0,pistol,,,,,,,15.905490740419571,5294.388619661331
103904,39,645.3149999999932,3326,65,7,True,50,machinegun,,,,,,,27.558252802216114,5415.078793525696
107521,40,952.2554999999875,3617,69,7,False,0,pistol,,,,,,,17.630852202860098,5620.230616569519
109789,41,378.86250000000047,2268,40,5,False,0,pistol,,,,,,,19.51952798103839,5736.422063827515
111598,42,795.1764999999988,1809,31,4,False,0,pistol,,,,,,,16.25664448999921,5847.699752807617
115024,43,1833.8505000000039,3426,61,7,False,0,pistol,,,,,,,15.61798337393743,6067.062406301498
118264,44,2355.303000000005,3240,66,7,True,50,machinegun,,,,,,,25.515682038007828,6194.04323887825
122387,45,2844.251999999988,4123,80,7,False,0,pistol,,,,,,,18.530622653120016,6416.539891719818
123835,46,835.3125000000022,1448,26,2,False,0,pistol,,,,,,,16.19782576815341,6506.17235994339
127622,47,1181.4875000000086,3787,70,8,False,0,pistol,,,,,,,19.577189790700803,6699.611853122711
130781,48,-132.82499999999825,3159,62,7,False,0,pistol,,,,,,,27.25287196967931,6815.526326179504
134186,49,773.6809999999916,3405,73,8,False,0,pistol,,,,,,,18.374412183799507,7000.838473558426
137270,50,2125.5809999999897,3084,64,7,True,48,machinegun,,,,,,,17.079598822136603,7181.404852151871
138925,51,321.6725000000023,1655,30,4,False,0,pistol,,,,,,,61.764734088381125,7208.200159072876
139910,52,392.2700000000006,985,18,2,False,0,pistol,,,,,,,11.925851967531878,7290.793919086456
141335,53,-49.99849999999998,1425,26,2,False,0,pistol,,,,,,,16.265561785723403,7378.402431726456
143814,54,-559.7199999999993,2479,45,5,False,0,pistol,,,,,,,23.471293946481897,7484.020898342133
146549,55,873.9574999999992,2735,53,6,False,0,pistol,,,,,,,24.94940262817413,7593.642872333527
149013,56,712.1085000000043,2464,46,5,True,49,machinegun,,,,,,,23.658407987589754,7697.791976690292
151315,57,482.6100000000004,2302,41,5,False,0,pistol,,,,,,,22.352241193805327,7800.779500246048
154785,58,-262.4760000000057,3470,74,8,False,0,pistol,,,,,,,14.916995001383755,8033.400177001953
157341,59,496.3335000000039,2556,49,5,False,0,pistol,,,,,,,20.82205135638726,8156.154810190201
160271,60,579.2550000000056,2930,54,6,False,0,pistol,,,,,,,15.037445473935982,8351.001883268356
163150,61,1456.2115000000063,2879,52,6,False,0,pistol,,,,,,,25.448172937213034,8464.133892059326
164924,62,479.3674999999952,1774,32,4,False,0,pistol,,,,,,,18.862581427846017,8558.182608366013
166734,63,484.82450000000256,1810,33,3,True,47,machinegun,,,,,,,19.104960455333472,8652.922488451004
168914,64,895.7125000000013,2180,39,4,False,0,pistol,,,,,,,21.70709292353131,8753.350578308105
171883,65,896.993999999996,2969,56,6,False,0,pistol,,,,,,,26.177655012429998,8866.768010139465
175983,66,181.10199999999583,4100,102,10,True,87,machinegun,,,,,,,20.79378215475625,9063.942420721054
178941,67,1594.3324999999911,2958,60,7,False,0,pistol,,,,,,,15.39912062493687,9256.031406402588
181694,68,1160.6644999999778,2753,54,6,False,0,pistol,,,,,,,24.927759693517356,9366.470623493195
185433,69,1811.9880000000117,3739,74,6,True,32,machinegun,,,,,,,18.639028685145924,9567.07129240036
186730,70,639.6749999999972,1297,21,1,False,0,pistol,,,,,,,13.930922733274464,9660.173617362976
189725,71,1064.0125000000087,2995,55,6,False,0,pistol,,,,,,,25.640014764897565,9776.983305454254
193460,72,1283.2689999999905,3735,71,8,False,0,pistol,,,,,,,18.698593382314083,9976.731029510498
194514,73,-29.980000000000068,1054,18,2,False,0,pistol,,,,,,,61.13882375849868,9993.970571517944
196014,74,417.633,1500,28,3,False,0,pistol,,,,,,,15.82117441025547,10088.780310153961
199924,75,-395.95950000000045,3910,75,8,False,0,pistol,,,,,,,19.273944445877675,10291.644951820374
200218,76,-174.95249999999996,294,5,1,False,0,pistol,,,,,,,62.057023750829295,10296.382625341415
203042,77,378.8389999999982,2824,47,5,False,0,pistol,,,,,,,14.596970494766943,10489.847552061081
207779,78,1657.399499999978,4737,95,10,True,50,machinegun,,,,,,,21.43342136104976,10710.85763502121
209051,79,970.5930000000037,1272,23,3,False,0,pistol,,,,,,,13.595362596499015,10804.419049501419
210685,80,465.3450000000013,1634,28,3,False,0,pistol,,,,,,,61.77224971464047,10830.871144771576
213937,81,709.440000000001,3252,63,7,False,0,pistol,,,,,,,16.472034125851728,11028.29676437378
217866,82,1171.4290000000012,3929,72,8,False,0,pistol,,,,,,,19.769052322897117,11227.041835308075
221364,83,2212.7479999999587,3498,68,7,False,0,pistol,,,,,,,18.687853771258382,11414.22232890129
223573,84,518.5474999999934,2209,41,5,False,0,pistol,,,,,,,20.92110354994995,11519.80959033966
225957,85,830.5875000000012,2384,42,5,False,0,pistol,,,,,,,21.160902174629488,11632.470278263092
229699,86,-101.37199999999365,3742,73,8,True,48,machinegun,,,,,,,19.028935853161954,11829.118495225906
231440,87,494.91250000000485,1741,31,3,False,0,pistol,,,,,,,18.3220742858679,11924.140585660934
234048,88,593.5210000000021,2608,50,5,True,38,machinegun,,,,,,,22.835308408826588,12038.349811553955
237030,89,1057.0249999999935,2982,59,6,False,0,pistol,,,,,,,25.207871693666245,12156.646295547485
242109,90,2412.940499999951,5079,103,11,False,0,pistol,,,,,,,17.553687810425377,12445.9872879982
245791,91,263.429500000001,3682,84,9,False,0,pistol,,,,,,,17.66886543775761,12654.376536130905
250713,92,2310.7319999999986,4922,100,11,False,0,pistol,,,,,,,23.25478384079269,12866.032017946243
253240,93,663.8065000000054,2527,48,5,True,99,machinegun,,,,,,,22.995369745401355,12975.923812866211
257120,94,-620.3354999999985,3880,87,9,False,0,pistol,,,,,,,19.765783997221746,13172.222757101059
260198,95,1695.3195000000137,3078,55,6,False,0,pistol,,,,,,,15.757514801172062,13367.558239221573
262638,96,1287.5189999999802,2440,46,4,False,0,pistol,,,,,,,21.871874036389663,13479.117137670517
266979,97,1013.885499999991,4341,88,9,False,0,pistol,,,,,,,20.850760641486378,13687.311069726944
268559,98,-11.984999999999904,1580,27,3,False,0,pistol,,,,,,,16.109543294445345,13785.389670610428
270980,99,422.71800000000826,2421,45,5,False,0,pistol,,,,,,,22.242617268834856,13894.234860420227
273504,100,1976.829500000016,2524,49,5,False,0,pistol,,,,,,,22.79940846579904,14004.939572572708
276863,101,55.98500000000459,3359,68,7,False,0,pistol,,,,,,,17.424987929055014,14197.708800077438
279353,102,1384.8394999999991,2490,46,5,False,0,pistol,,,,,,,22.653689600095134,14307.624757766724
282119,103,2294.6784999999986,2766,55,6,False,0,pistol,,,,,,,23.63494440580963,14424.654951572418
285169,104,567.6980000000029,3050,59,6,False,0,pistol,,,,,,,15.270476556162503,14624.386894464493
288035,105,1088.5225000000007,2866,59,5,False,0,pistol,,,,,,,24.385402495458518,14741.916314601898
290568,106,-110.18499999999435,2533,46,5,False,0,pistol,,,,,,,22.73313986183974,14853.33965420723
294844,107,1419.2379999999844,4276,85,9,False,0,pistol,,,,,,,19.19205234133316,15076.140306711197
297449,108,721.3324999999933,2605,50,5,False,0,pistol,,,,,,,12.684543479068905,15281.508448123932
300844,109,1486.624999999999,3395,62,7,False,0,pistol,,,,,,,24.53119021564868,15419.903766393661
303249,110,621.3849999999946,2405,44,2,False,0,pistol,,,,,,,11.081992532829831,15636.92259478569
304842,111,528.2074999999975,1593,28,3,False,0,pistol,,,,,,,59.91116855371385,15663.512068986893
307857,112,1212.142500000016,3015,63,7,False,0,pistol,,,,,,,15.251472693947058,15861.198011159897
311505,113,1112.1955000000166,3648,69,7,True,42,machinegun,,,,,,,18.601060371316326,16057.315947294235
315827,114,171.70349999999468,4322,106,11,True,7,machinegun,,,,,,,20.82202015956471,16264.88475227356
320321,115,-700.0929999999931,4494,101,11,False,0,pistol,,,,,,,22.052378337532843,16468.672381401062
322777,116,860.9694999999996,2456,49,4,True,26,machinegun,,,,,,,23.338055986890065,16573.908334732056
324936,117,958.8375000000048,2159,39,4,False,0,pistol,,,,,,,21.41507151029841,16674.72526907921
327653,118,1562.975000000015,2717,49,5,False,0,pistol,,,,,,,24.69788963815688,16784.73474907875
331298,119,1840.35700000002,3645,75,8,False,0,pistol,,,,,,,18.854259559749707,16978.059856176376
335190,120,1945.5794999999955,3892,86,9,False,0,pistol,,,,,,,19.869549694254207,17173.937556028366
339779,121,2798.74849999999,4589,90,9,True,50,machinegun,,,,,,,22.12762510014743,17381.32546067238
342905,122,1460.5944999999942,3126,60,7,False,0,pistol,,,,,,,16.908242416607617,17566.205782175064
345659,123,879.3689999999847,2754,51,6,True,79,machinegun,,,,,,,24.780049432142235,17677.343665361404
349024,124,867.9410000000145,3365,70,8,False,0,pistol,,,,,,,17.884501404928226,17865.495494127274
351229,125,899.2525000000074,2205,39,4,False,0,pistol,,,,,,,21.500825318754146,17968.049790859222
354069,126,1446.7690000000036,2840,54,6,False,0,pistol,,,,,,,24.96585406685657,18081.805248498917
357205,127,1708.5124999999857,3136,54,6,False,0,pistol,,,,,,,16.97258075254031,18266.573937177658
359826,128,961.2239999999928,2621,52,6,False,0,pistol,,,,,,,23.938473545577736,18376.06304335594
363615,129,1725.6535000000106,3789,90,10,True,44,machinegun,,,,,,,19.373170375151464,18571.642887353897
367783,130,2040.2670000000394,4168,82,9,False,0,pistol,,,,,,,20.596468148737877,18774.007757663727
369446,131,760.9524999999998,1663,29,3,False,0,pistol,,,,,,,17.697405440603585,18867.97642350197
370151,132,217.58749999999947,705,12,2,False,0,pistol,,,,,,,62.06626991619981,18879.335348129272
372838,133,938.1229999999972,2687,51,6,False,0,pistol,,,,,,,15.088600484358206,19057.41691303253
375597,134,629.2265000000017,2759,51,6,False,0,pistol,,,,,,,24.773099510382284,19168.787795305252
378093,135,2074.70500000001,2496,46,5,False,0,pistol,,,,,,,22.887403102628813,19277.843509435654
380477,136,553.9324999999997,2384,44,5,False,0,pistol,,,,,,,22.553321721046203,19383.548645973206
383265,137,595.7564999999948,2788,56,6,False,0,pistol,,,,,,,15.5544928906734,19562.789546489716
385111,138,386.3174999999978,1846,33,3,False,0,pistol,,,,,,,18.722734218620243,19661.386340379715
388652,139,796.4784999999985,3541,73,8,True,31,machinegun,,,,,,,28.29712579602841,19786.52281498909
391845,140,-428.99100000000385,3193,64,7,False,0,pistol,,,,,,,15.337557338101256,19994.70467877388
394557,141,1240.4744999999948,2712,52,6,False,0,pistol,,,,,,,22.375394713202255,20115.909361362457
397171,142,854.7194999999873,2614,48,5,False,0,pistol,,,,,,,22.204706766645664,20233.632261753082
400807,143,436.3494999999989,3636,72,8,False,0,pistol,,,,,,,17.115051700067202,20446.076936006546
403661,144,957.2625000000065,2854,53,6,False,0,pistol,,,,,,,13.85674636531968,20652.04169154167
405730,145,475.18699999999944,2069,38,4,False,0,pistol,,,,,,,17.94001893811946,20767.37053322792
408108,146,449.88749999999834,2378,45,5,False,0,pistol,,,,,,,20.12040004501022,20885.55913209915
411782,147,1917.1470000000124,3674,71,8,False,0,pistol,,,,,,,16.280016445762435,21111.234664201736
416009,148,2324.459500000022,4227,85,9,False,0,pistol,,,,,,,19.651665100782225,21326.331053972244
419198,149,1732.0164999999924,3189,68,7,True,49,machinegun,,,,,,,26.768406975409377,21445.464118242264
422602,150,1040.6654999999994,3404,72,8,False,0,pistol,,,,,,,17.752115254989437,21637.215999364853
425136,151,1560.926499999995,2534,45,5,False,0,pistol,,,,,,,23.144319138603187,21746.702996253967
426586,152,651.0970000000015,1450,26,2,False,0,pistol,,,,,,,15.82423165976452,21838.334712266922
429737,153,1380.8624999999854,3151,60,7,False,0,pistol,,,,,,,26.40892349148584,21957.650530576706
430254,154,175.59250000000057,517,10,1,False,0,pistol,,,,,,,6.715024060148387,22034.642159700394
433605,155,465.48449999999684,3351,64,7,True,76,machinegun,,,,,,,27.3285956525377,22157.26106238365
434620,156,706.9600000000004,1015,18,2,False,0,pistol,,,,,,,11.880705632586114,22242.69379067421
437570,157,1469.9720000000043,2950,58,6,False,0,pistol,,,,,,,25.401382628252048,22358.829291582108
441891,158,1939.3185000000253,4321,96,10,False,0,pistol,,,,,,,20.886456437970185,22565.70984864235
446295,159,448.9985000000027,4404,83,9,False,0,pistol,,,,,,,21.04906853955218,22774.935346126556
447292,160,2.0924999999999443,997,17,1,False,0,pistol,,,,,,,11.597244958658639,22860.90412902832
448016,161,-28.76749999999999,724,13,2,False,0,pistol,,,,,,,61.638410773196995,22872.6501352787
451902,162,926.4655000000041,3886,71,8,False,0,pistol,,,,,,,19.393120440003212,23073.03057384491
453899,163,74.87249999999713,1997,35,3,False,0,pistol,,,,,,,19.767780273303092,23174.053634166718
457098,164,1236.5525000000075,3199,60,6,False,0,pistol,,,,,,,16.97274943775432,23362.532326459885
460338,165,1290.9000000000128,3240,68,7,True,47,machinegun,,,,,,,24.41351305061571,23495.24581718445
462980,166,813.6074999999984,2642,49,5,False,0,pistol,,,,,,,13.749247288548181,23687.401895046234
465604,167,349.14750000000396,2624,50,5,False,0,pistol,,,,,,,23.424404908501806,23799.421896219254
467286,168,724.5424999999998,1682,32,4,False,0,pistol,,,,,,,17.53538020215662,23895.342346429825
471649,169,728.2175000000094,4363,90,10,False,0,pistol,,,,,,,20.8070803279286,24105.030673503876
473448,170,29.09749999999975,1799,32,4,False,0,pistol,,,,,,,18.473556496868873,24202.413201093674
476025,171,1370.5549999999946,2577,47,5,False,0,pistol,,,,,,,23.3741988424173,24312.663052797318
480013,172,213.65349999999484,3988,85,8,True,203,machinegun,,,,,,,19.745286232726798,24514.63539457321
484293,173,1436.1225000000077,4280,90,10,True,50,machinegun,,,,,,,20.598677937427418,24722.415819644928
486826,174,517.1509999999988,2533,47,5,False,0,pistol,,,,,,,23.168917737514096,24831.74341082573
488877,175,913.1374999999977,2051,38,4,False,0,pistol,,,,,,,19.504942781649724,24936.896327733994
492801,176,2010.2829999999917,3924,81,9,False,0,pistol,,,,,,,17.390869769776227,25162.53206562996
494806,177,691.3200000000002,2005,39,4,True,59,machinegun,,,,,,,16.899241639459838,25281.176580905914
498664,178,2446.0835000000543,3858,85,9,True,43,machinegun,,,,,,,16.025202890684838,25521.922490119934
500099,179,624.3624999999952,1435,25,3,False,0,pistol,,,,,,,13.730684331444618,25626.43308210373
502174,180,661.4049999999979,2075,36,4,False,0,pistol,,,,,,,19.654288895206978,25732.008091688156
504100,181,740.572499999997,1926,34,4,False,0,pistol,,,,,,,15.395261252905396,25857.11162519455
507425,182,1083.357499999998,3325,70,8,False,0,pistol,,,,,,,21.743620769333067,26010.03024673462
509704,183,476.3485000000036,2279,39,4,False,0,pistol,,,,,,,18.820245272944142,26131.123352766037
512301,184,725.447500000016,2597,47,5,False,0,pistol,,,,,,,12.7844966234497,26334.26012158394
514154,185,99.53299999999834,1853,33,4,False,0,pistol,,,,,,,17.365208675682748,26440.967828035355
516626,186,715.2694999999989,2472,47,5,True,49,machinegun,,,,,,,20.51328686240989,26561.475183725357
519783,187,447.39349999999445,3157,61,7,False,0,pistol,,,,,,,24.53313446477867,26690.158385515213
522831,188,699.929499999993,3048,61,7,False,0,pistol,,,,,,,14.759070517454727,26896.67559170723
525702,189,374.2059999999919,2871,56,6,False,0,pistol,,,,,,,23.26689156374942,27020.06992173195
528470,190,639.2994999999972,2768,50,5,False,0,pistol,,,,,,,14.059477322435933,27216.947906017303
532210,191,1925.0309999999495,3740,78,8,True,44,machinegun,,,,,,,28.074486403393507,27350.16503548622
535060,192,1102.1065000000003,2850,50,6,False,0,pistol,,,,,,,15.276890117609035,27536.72140812874
537050,193,1066.4205000000056,1990,36,4,False,0,pistol,,,,,,,19.511796973564447,27638.711079120636
538717,194,596.6174999999978,1667,29,1,False,0,pistol,,,,,,,16.786225057228254,27738.018851280212
544128,195,2149.977999999988,5411,116,11,True,99,machinegun,,,,,,,23.657524627178777,27966.74109697342
545549,196,541.6600000000011,1421,25,3,False,0,pistol,,,,,,,14.632814821149587,28063.851680994034
549836,197,-600.9789999999947,4287,113,12,True,354,machinegun,,,,,,,19.533316362653924,28283.32308459282
551363,198,1261.4774999999986,1527,29,3,False,0,pistol,,,,,,,15.717771847840742,28380.47435426712
554958,199,1199.8920000000094,3595,70,8,False,0,pistol,,,,,,,27.76989488763116,28509.931200504303
556889,200,1108.6059999999893,1931,36,4,False,0,pistol,,,,,,,18.63149536203681,28613.57300710678
558915,201,934.7225000000044,2026,35,4,False,0,pistol,,,,,,,16.909753681173658,28733.385613918304
562558,202,309.13099999998786,3643,69,7,False,0,pistol,,,,,,,15.6452687068453,28966.235655784607
565416,203,664.4735000000047,2858,53,6,False,0,pistol,,,,,,,13.05867372512938,29185.094136953354
566944,204,662.8499999999965,1528,28,3,False,0,pistol,,,,,,,60.50810342534172,29210.347107172012
571887,205,2171.959499999984,4943,115,12,False,0,pistol,,,,,,,15.346123455797526,29532.448123693466
573753,206,673.7375000000009,1866,34,4,False,0,pistol,,,,,,,18.265984285673966,29634.605321884155
578025,207,1631.4105000000293,4272,94,10,True,71,machinegun,,,,,,,16.211941030551582,29898.11489367485
581772,208,-165.9640000000089,3747,83,9,True,88,machinegun,,,,,,,14.578189050986808,30155.142848730087
584993,209,736.7949999999877,3221,61,7,True,50,machinegun,,,,,,,22.585442596557154,30297.75692796707
586973,210,942.2374999999995,1980,35,4,False,0,pistol,,,,,,,15.647818130276546,30424.2922604084
588865,211,1351.3275000000053,1892,35,4,False,0,pistol,,,,,,,16.10181005417938,30541.794723033905
591660,212,743.0945000000081,2795,54,6,False,0,pistol,,,,,,,20.74582050343657,30676.520756721497
594959,213,-229.81199999999902,3299,66,7,False,0,pistol,,,,,,,14.148016176048284,30909.698476791382
596459,214,223.50749999999852,1500,26,3,False,0,pistol,,,,,,,15.578229198281472,31005.986793994904
599759,215,134.85349999999644,3300,67,7,False,0,pistol,,,,,,,26.46696082327565,31130.670637130737
602691,216,1414.8524999999909,2932,56,6,False,0,pistol,,,,,,,12.699880345262402,31361.539038658142
603330,217,-45.909999999999776,639,12,2,False,0,pistol,,,,,,,61.63231417134456,31371.907145261765
605416,218,887.3430000000021,2086,38,3,True,14,machinegun,,,,,,,15.002929690063759,31510.946792125702
608824,219,1396.255499999993,3408,66,7,False,0,pistol,,,,,,,12.432509465032233,31785.066976070404
612380,220,-150.8000000000118,3556,73,8,False,0,pistol,,,,,,,16.19309336280569,32004.66693353653
615404,221,1555.3404999999818,3024,56,6,False,0,pistol,,,,,,,22.210144777081645,32140.82110142708
616975,222,726.007500000004,1571,29,2,False,0,pistol,,,,,,,13.173278961722476,32260.077786684036
620550,223,35.05899999999447,3575,78,7,False,0,pistol,,,,,,,15.022248443752039,32498.058267593384
622847,224,754.9040000000059,2297,40,5,False,0,pistol,,,,,,,21.052810289754888,32607.164978265762
625922,225,716.8939999999972,3075,56,6,False,0,pistol,,,,,,,25.026660483138663,32730.034067869186
629880,226,594.1815000000008,3958,77,8,False,0,pistol,,,,,,,18.665383040668704,32942.084475278854
633009,227,946.3925000000041,3129,61,6,False,0,pistol,,,,,,,16.276611092712525,33134.32362604141
636798,228,829.7380000000069,3789,79,8,False,0,pistol,,,,,,,28.557621219132937,33267.00285696983
639519,229,715.5979999999979,2721,52,6,False,0,pistol,,,,,,,14.784284208675755,33451.049757003784
643249,230,551.2124999999975,3730,86,9,False,0,pistol,,,,,,,18.406536712606698,33653.6952791214
645999,231,9.15599999999922,2750,52,6,False,0,pistol,,,,,,,22.47986275467148,33776.027091264725
648139,232,1133.122500000003,2140,37,4,False,0,pistol,,,,,,,19.535808893375865,33885.5697350502
651824,233,-31.508000000004188,3685,79,8,False,0,pistol,,,,,,,16.895918608601036,34103.66986870766
654552,234,597.1855000000082,2728,52,6,False,0,pistol,,,,,,,22.560208163553906,34224.59089589119
657097,235,292.63600000000366,2545,50,6,False,0,pistol,,,,,,,22.866336552526967,34335.88996863365
658342,236,434.3724999999974,1245,21,3,False,0,pistol,,,,,,,13.968660362652948,34425.01814579964
661680,237,951.3405000000135,3338,63,7,False,0,pistol,,,,,,,17.287705708022525,34618.103437423706
664101,238,86.08899999999792,2421,45,5,False,0,pistol,,,,,,,22.372585024712194,34726.316323041916
666962,239,-147.09499999998943,2861,55,6,False,0,pistol,,,,,,,24.749008891177514,34841.916999816895
668531,240,276.4600000000037,1569,29,3,False,0,pistol,,,,,,,16.526272732692945,34936.85684657097
670898,241,479.0325000000003,2367,42,5,False,0,pistol,,,,,,,22.08326282223319,35044.04217982292
674098,242,547.6789999999951,3200,62,5,False,0,pistol,,,,,,,15.951453384017345,35244.65094137192
677342,243,1753.438499999986,3244,61,7,False,0,pistol,,,,,,,22.04864425698078,35391.78028512001
680153,244,1553.2834999999893,2811,56,6,False,0,pistol,,,,,,,12.81687152852596,35611.10066485405
683270,245,897.4674999999985,3117,61,7,False,0,pistol,,,,,,,22.030190078310063,35752.588436841965
685107,246,866.974499999994,1837,32,3,False,0,pistol,,,,,,,17.927305273400012,35855.05790758133
688440,247,1757.154000000006,3333,67,7,False,0,pistol,,,,,,,16.36975230591491,36058.665229558945
690609,248,1462.6145000000054,2169,40,5,False,0,pistol,,,,,,,20.546776078663438,36164.229382276535
694388,249,1185.5845000000036,3779,69,7,False,0,pistol,,,,,,,17.634646209386872,36378.52355623245
698053,250,2045.2549999999887,3665,72,8,False,0,pistol,,,,,,,27.700811416202907,36510.830243587494
702286,251,2822.008000000021,4233,81,9,False,0,pistol,,,,,,,19.683772386169853,36725.88060736656
705356,252,1838.9945000000232,3070,61,7,False,0,pistol,,,,,,,15.097240974993202,36929.229133844376
707906,253,1230.8045000000097,2550,49,5,True,50,machinegun,,,,,,,20.899134454541066,37051.24386692047
710765,254,1053.6024999999784,2859,51,6,False,0,pistol,,,,,,,14.16793983233803,37253.037585020065
713756,255,1870.969999999993,2991,60,6,False,0,pistol,,,,,,,23.90263855135121,37378.17030906677
716083,256,681.4574999999895,2327,44,5,False,0,pistol,,,,,,,20.997478550190454,37488.993248701096
717832,257,903.2999999999989,1749,32,4,False,0,pistol,,,,,,,17.077408804287618,37591.409343481064
720631,258,1587.9549999999913,2799,51,6,False,0,pistol,,,,,,,23.334856417049643,37711.35876441002
721660,259,408.4125000000014,1029,17,2,False,0,pistol,,,,,,,10.699918292718651,37807.52787184715
723870,260,1779.2599999999957,2210,42,5,False,0,pistol,,,,,,,20.704743825917674,37914.26680421829
726393,261,463.9544999999987,2523,47,5,False,0,pistol,,,,,,,22.82999290287792,38024.779410362244
729817,262,855.1344999999884,3424,72,8,False,0,pistol,,,,,,,15.715943282658277,38242.6474211216
731776,263,507.6249999999924,1959,34,4,False,0,pistol,,,,,,,18.043443722471473,38351.21881699562
733748,264,326.3270000000011,1972,36,4,False,0,pistol,,,,,,,18.338038710937763,38458.75494337082
736744,265,-278.58750000000083,2996,53,6,False,0,pistol,,,,,,,24.733774574336277,38579.88494229317
739524,266,-381.4764999999987,2780,52,6,False,0,pistol,,,,,,,13.918775312563877,38779.61525130272
741693,267,300.3124999999996,2169,41,5,False,0,pistol,,,,,,,19.924503333519187,38888.47627043724
743753,268,49.42000000000568,2060,38,4,True,49,machinegun,,,,,,,20.00799113993793,38991.43522000313
746820,269,285.91649999999953,3067,59,6,True,74,machinegun,,,,,,,25.453015108191394,39111.93184065819
748759,270,285.5754999999967,1939,34,4,False,0,pistol,,,,,,,18.87055305833864,39214.684606313705
752863,271,995.1864999999975,4104,80,9,False,0,pistol,,,,,,,20.002796692387424,39419.8560025692
756606,272,1203.3119999999985,3743,81,9,False,0,pistol,,,,,,,18.782179982482432,39619.14073586464
759243,273,1280.4534999999944,2637,47,5,False,0,pistol,,,,,,,23.498386512967,39731.361290454865
760212,274,444.5934999999983,969,18,2,False,0,pistol,,,,,,,11.455088624092243,39815.95261025429
763103,275,1258.088,2891,54,5,False,0,pistol,,,,,,,24.93962894983262,39931.87262630463
766567,276,-115.91250000000193,3464,71,8,False,0,pistol,,,,,,,17.801541400563437,40126.462606191635
770090,277,-16.64300000000842,3523,74,8,False,0,pistol,,,,,,,18.02361518033413,40321.92847466469
771224,278,244.7899999999985,1134,20,2,False,0,pistol,,,,,,,61.87390636989162,40340.25615763664
774512,279,226.4399999999956,3288,62,7,False,0,pistol,,,,,,,17.111127177817718,40532.411907196045
777240,280,-80.26850000000104,2728,50,6,False,0,pistol,,,,,,,24.113235331800187,40645.54487276077
782036,281,-395.8375000000151,4796,117,12,False,0,pistol,,,,,,,22.150767879383874,40862.06115221977
785079,282,2493.27850000001,3043,58,6,False,0,pistol,,,,,,,16.18897272111548,41050.0286898613
787470,283,1362.2624999999987,2391,46,5,False,0,pistol,,,,,,,22.129002511474244,41158.07702875137
790541,284,1135.3954999999878,3071,62,7,False,0,pistol,,,,,,,16.34179481055229,41346.000163555145
794727,285,1596.7430000000065,4186,94,10,False,0,pistol,,,,,,,20.22867569455462,41552.93423318863
797467,286,1412.825499999993,2740,55,6,False,0,pistol,,,,,,,24.16952224406467,41666.30024075508
799786,287,1770.6449999999927,2319,43,5,False,0,pistol,,,,,,,21.696429859259155,41773.184267282486
802255,288,2371.3075000000013,2469,47,5,False,0,pistol,,,,,,,22.59524348163664,41882.455147981644
805131,289,1141.026999999999,2876,58,6,False,0,pistol,,,,,,,15.381732356549332,42069.43026304245
807304,290,781.207500000001,2173,40,5,False,0,pistol,,,,,,,20.851614198333195,42173.64290976524
810015,291,1705.9590000000064,2711,54,6,False,0,pistol,,,,,,,23.959465327311865,42286.79243206978
810647,292,218.33750000000038,632,12,2,False,0,pistol,,,,,,,62.350785577992085,42296.92872095108
812705,293,418.60249999999974,2058,36,4,False,0,pistol,,,,,,,20.00222329068586,42399.817378520966
815994,294,970.8615000000021,3289,57,6,False,0,pistol,,,,,,,17.153348663102364,42591.55845665932
818033,295,565.912500000004,2039,37,4,False,0,pistol,,,,,,,19.75660588258822,42694.76452565193
820894,296,236.95999999999913,2861,52,6,False,0,pistol,,,,,,,24.75174735537009,42810.35241603851
824528,297,469.1925000000065,3634,71,8,False,0,pistol,,,,,,,18.392259587258824,43007.93563866615
826892,298,-406.09000000000026,2364,43,5,False,0,pistol,,,,,,,21.990387098656047,43115.437242507935
829692,299,613.632499999991,2800,51,6,False,0,pistol,,,,,,,15.082290939971458,43301.08551001549
830978,300,667.5804999999976,1286,23,2,False,0,pistol,,,,,,,62.31682750592211,43321.722083091736
831801,301,293.72500000000105,823,16,2,False,0,pistol,,,,,,,9.894578558011196,43404.89903593063
834329,302,894.3174999999904,2528,48,5,False,0,pistol,,,,,,,22.89312647383455,43515.32528424263
835359,303,611.4404999999988,1030,18,2,False,0,pistol,,,,,,,61.94214174299701,43531.95381402969
838186,304,1450.4124999999904,2827,55,6,False,0,pistol,,,,,,,15.278835645493082,43716.9810962677
841118,305,752.5999999999984,2932,55,6,False,0,pistol,,,,,,,25.07273790314747,43833.92094063759
843108,306,713.3474999999964,1990,34,4,False,0,pistol,,,,,,,19.500256832219122,43935.970980882645
847127,307,1176.0769999999889,4019,82,7,False,0,pistol,,,,,,,19.6891824108298,44140.09330487251
849345,308,463.91749999999803,2218,41,5,False,0,pistol,,,,,,,21.092754027302785,44245.247990846634
852430,309,-668.3214999999968,3085,59,6,True,49,machinegun,,,,,,,16.291115291112675,44434.6150970459
854960,310,164.11350000000144,2530,47,5,False,0,pistol,,,,,,,22.967761691042817,44544.76962184906
857134,311,738.8474999999972,2174,40,5,False,0,pistol,,,,,,,20.791009898610564,44649.33413910866
859078,312,280.8175000000024,1944,35,4,False,0,pistol,,,,,,,19.326055770209003,44749.923820495605
859691,313,-134.55749999999992,613,10,2,False,0,pistol,,,,,,,61.751099278157426,44759.85086226463
862157,314,506.1795000000006,2466,47,5,False,0,pistol,,,,,,,22.647381853207396,44868.73770356178
863670,315,-34.18250000000009,1513,26,3,False,0,pistol,,,,,,,16.200190649675214,44962.13176083565
864834,316,-96.70000000000013,1164,20,3,False,0,pistol,,,,,,,13.045037635922117,45051.3611805439
868493,317,919.3539999999962,3659,79,8,False,0,pistol,,,,,,,18.54372141080416,45248.67872595787
870383,318,949.0560000000044,1890,34,4,False,0,pistol,,,,,,,62.129121184543685,45279.09932565689
875782,319,1228.757499999994,5399,117,12,True,35,machinegun,,,,,,,18.26512348804001,45574.69009065628
877542,320,1110.7249999999954,1760,32,3,False,0,pistol,,,,,,,17.87414518070484,45673.15642118454
881545,321,164.8619999999945,4003,84,9,True,40,machinegun,,,,,,,19.637736927016576,45876.99874305725
884458,322,1820.957500000007,2913,56,6,False,0,pistol,,,,,,,24.92210318139242,45993.88302755356
886225,323,799.2599999999888,1767,31,4,False,0,pistol,,,,,,,18.168702578622423,46091.13825631142
890830,324,1450.647500000012,4605,94,10,False,0,pistol,,,,,,,21.484490578623866,46305.4790160656
893927,325,1778.514999999992,3097,61,5,False,0,pistol,,,,,,,16.362975374681977,46494.74786114693
895986,326,1180.0410000000138,2059,37,4,False,0,pistol,,,,,,,19.94165957680687,46597.99913620949
900898,327,2135.1080000000225,4912,112,12,False,0,pistol,,,,,,,22.529620139715213,46816.02331829071
903779,328,847.9499999999949,2881,51,6,False,0,pistol,,,,,,,15.458078165976065,47002.39845609665
906566,329,1339.8584999999848,2787,52,6,False,0,pistol,,,,,,,24.380186376804662,47116.71267962456
911693,330,3356.3665000000237,5127,104,11,False,0,pistol,,,,,,,17.58436102703763,47408.27866315842
914711,331,1506.2255000000073,3018,62,7,True,50,machinegun,,,,,,,25.430750537421687,47527.18125677109
918545,332,1830.0014999999808,3834,76,8,False,0,pistol,,,,,,,19.097971306999614,47727.93565249443
922037,333,-52.375499999992385,3492,67,7,False,0,pistol,,,,,,,17.85365596747227,47923.52593898773
924939,334,980.864999999992,2902,56,6,False,0,pistol,,,,,,,24.90510124871544,48040.048347234726
927400,335,1284.1274999999948,2461,44,5,False,0,pistol,,,,,,,22.24675881521638,48150.67130160332
930276,336,1426.4645000000019,2876,58,6,False,0,pistol,,,,,,,15.439416954702908,48336.9478533268
932456,337,1107.4674999999966,2180,40,5,False,0,pistol,,,,,,,20.761570617102365,48441.94963479042
934929,338,1773.4100000000035,2473,47,5,False,0,pistol,,,,,,,22.60044004485342,48551.372363328934
938463,339,790.4454999999939,3534,75,8,False,0,pistol,,,,,,,17.827871125023236,48749.6014111042
940547,340,1057.596499999993,2084,37,4,False,0,pistol,,,,,,,20.064877762991923,48853.46458387375
944170,341,551.3989999999977,3623,84,8,True,108,machinegun,,,,,,,18.214951623472366,49052.367203235626
946883,342,1603.8594999999991,2713,47,5,False,0,pistol,,,,,,,23.866468480703638,49166.04143023491
949835,343,708.539999999998,2952,55,6,False,0,pistol,,,,,,,24.805652728806827,49285.046646118164
952295,344,169.93699999999652,2460,45,5,False,0,pistol,,,,,,,22.463838837446247,49394.55606508255
954365,345,905.5295,2070,36,4,False,0,pistol,,,,,,,20.035205128290748,49497.87429022789
958183,346,671.2379999999879,3818,77,8,False,0,pistol,,,,,,,18.887732384096257,49700.01616740227
960875,347,798.21500000001,2692,47,5,False,0,pistol,,,,,,,14.578570244107603,49884.670855522156
961392,348,50.850000000000065,517,9,1,False,0,pistol,,,,,,,62.08647059018898,49892.998046159744
963639,349,265.03200000000055,2247,42,5,False,0,pistol,,,,,,,21.144175887611407,49999.268533706665
966175,350,1009.0865000000032,2536,49,4,False,0,pistol,,,,,,,22.83248585623493,50110.33844280243
967257,351,541.8474999999976,1082,20,2,False,0,pistol,,,,,,,12.289186373310129,50198.383415937424
971700,352,1599.6865000000048,4443,93,10,False,0,pistol,,,,,,,20.92283957368359,50410.73518180847
974736,353,286.2400000000034,3036,55,6,False,0,pistol,,,,,,,25.32639988203468,50530.61018371582
976602,354,1211.5724999999918,1866,34,4,False,0,pistol,,,,,,,18.61775545075709,50630.83718132973
980313,355,997.7264999999892,3711,74,8,False,0,pistol,,,,,,,18.53668073161425,50831.034932374954
983141,356,194.00999999999905,2828,54,6,False,0,pistol,,,,,,,15.209278038705122,51016.97415757179
983946,357,123.41749999999948,805,13,2,False,0,pistol,,,,,,,62.016806253465056,51029.954590559006
987109,358,892.3450000000079,3163,59,6,False,0,pistol,,,,,,,25.98358079930824,51151.68575119972
990216,359,-636.5349999999931,3107,59,6,False,0,pistol,,,,,,,16.240779670731712,51342.99439406395
992110,360,884.5224999999955,1894,33,4,False,0,pistol,,,,,,,18.777308474189827,51443.86091041565
995704,361,1779.8815000000059,3594,80,9,False,0,pistol,,,,,,,18.006219134166546,51643.45870256424
998984,362,871.1055000000102,3280,67,7,False,0,pistol,,,,,,,26.577378059344884,51766.87202453613
