timestep,episode,episode_reward,episode_length,zombies_killed,wave,has_machinegun,mg_ammo,weapon,policy_loss,value_loss,entropy_loss,total_loss,clip_fraction,approx_kl,fps,elapsed_time
1651832,1,-438.0000000000013,1144,16,2,False,0,pistol,,,,,,,214.7247624943581,5.327753067016602
1652172,2,-141.99999999999974,340,2,1,False,0,pistol,,,,,,,272.886393601041,6.598328590393066
1652972,3,-269.9499999999999,800,9,1,True,30,machinegun,,,,,,,73.34825534543613,17.526009798049927
1653823,4,-279.5499999999999,851,10,2,False,0,pistol,,,,,,,141.2520607050785,23.551435470581055
1654487,5,-163.40000000000038,664,8,1,True,47,machinegun,,,,,,,174.23639316337062,27.362802505493164
1655254,6,-396.6,767,10,1,False,0,pistol,,,,,,,73.17250522784849,37.84543561935425
1656152,7,-365.7,898,13,2,True,17,machinegun,,,,,,,203.06171774562156,42.26827955245972
1658055,8,-416.9000000000029,1903,31,4,False,0,pistol,,,,,,,106.92477103587625,60.06638169288635
1659157,9,-367.8000000000003,1102,16,2,True,25,machinegun,,,,,,,76.70519317843124,74.43356013298035
1660110,10,-318.30000000000007,953,13,2,False,0,pistol,,,,,,,170.4772057201282,80.02422070503235
1660997,11,-272.9000000000002,887,10,1,False,0,pistol,,,,,,,87.68296181582365,90.14070701599121
1661703,12,-392.5000000000011,706,9,1,False,0,pistol,,,,,,,207.79716739231057,93.53879451751709
1662808,13,-190.49999999999963,1105,15,2,False,0,pistol,,,,,,,183.04291524863584,99.57609033584595
1664121,14,-217.2500000000021,1313,22,3,True,25,machinegun,,,,,,,97.69510530438514,113.01647424697876
1664844,15,-236.5999999999999,723,11,2,True,70,machinegun,,,,,,,222.56475935779426,116.26541543006897
1666762,16,-210.25000000000162,1918,32,4,False,0,pistol,,,,,,,106.99948079547093,134.19123101234436
1667554,17,-346.7500000000004,792,12,2,False,0,pistol,,,,,,,67.06758830282712,146.0007541179657
1668336,18,-229.6999999999997,782,10,2,False,0,pistol,,,,,,,201.13375873827195,149.88956212997437
1668871,19,-154.80000000000032,535,5,1,False,0,pistol,,,,,,,211.16632710580276,152.4235646724701
1669873,20,-292.90000000000106,1002,14,2,False,0,pistol,,,,,,,92.84572180556538,163.21617007255554
1670454,21,-205.39999999999966,581,7,1,False,0,pistol,,,,,,,231.56191043254609,165.7256646156311
1670887,22,-214.8499999999999,433,6,1,False,0,pistol,,,,,,,250.16104061539497,167.4569616317749
1671865,23,-240.2500000000001,978,12,2,False,0,pistol,,,,,,,90.39405050091322,178.2766695022583
1672643,24,-337.9499999999996,778,10,2,True,33,machinegun,,,,,,,211.0715790657043,181.96327567100525
1673214,25,-289.00000000000034,571,6,1,False,0,pistol,,,,,,,223.67580177388598,184.5165820121765
1674135,26,-345.20000000000044,921,12,2,False,0,pistol,,,,,,,71.60266531168021,197.3798122406006
1674848,27,-115.70000000000027,713,8,1,False,0,pistol,,,,,,,149.45463144930483,202.15113472938538
1676072,28,-659.2500000000032,1224,17,2,False,0,pistol,,,,,,,78.55409741578968,217.76612424850464
1676751,29,-260.5500000000002,679,10,2,False,0,pistol,,,,,,,185.58300061078327,221.42531657218933
1677460,30,-261.1000000000003,709,8,1,False,0,pistol,,,,,,,59.39237479362041,233.36357164382935
1678603,31,-232.70000000000022,1143,15,2,True,48,machinegun,,,,,,,139.9199923579543,241.53298425674438
1679518,32,-257.80000000000024,915,12,2,True,45,machinegun,,,,,,,67.95237532689058,254.99890804290771
1679932,33,-190.74999999999974,414,5,1,False,0,pistol,,,,,,,144.97544986265484,257.8551800251007
1680421,34,-394.8000000000004,489,6,1,False,0,pistol,,,,,,,156.3003771529347,260.9843108654022
1681028,35,-384.50000000000006,607,9,1,False,0,pistol,,,,,,,198.78154375545228,264.038432598114
1681540,36,-88.95000000000013,512,8,1,False,0,pistol,,,,,,,49.465096793393485,274.3898277282715
1682584,37,-551.5500000000017,1044,15,1,True,40,machinegun,,,,,,,195.95078360563303,279.748743057251
1683096,38,-110.20000000000022,512,5,1,False,0,pistol,,,,,,,212.3417051480228,282.1604549884796
1683552,39,-236.54999999999964,456,5,1,True,25,machinegun,,,,,,,53.200889576845725,290.73221230506897
1684164,40,-163.0999999999996,612,7,1,False,0,pistol,,,,,,,199.50583136910274,293.80025029182434
1685183,41,-58.09999999999985,1019,15,2,True,51,machinegun,,,,,,,171.13311358549214,299.75524616241455
1685933,42,-305.99999999999983,750,9,1,True,48,machinegun,,,,,,,65.07716261876264,311.30995774269104
1686808,43,-421.35000000000014,875,13,2,True,49,machinegun,,,,,,,209.84653995154795,315.4803729057312
1687385,44,-301.7499999999998,577,8,1,False,0,pistol,,,,,,,213.1645496836857,318.18763971328735
1688824,45,-355.3999999999991,1439,23,3,False,0,pistol,,,,,,,98.32895379069662,332.8227252960205
1689438,46,-160.1499999999998,614,5,1,False,0,pistol,,,,,,,209.20824480938168,335.75825095176697
1690318,47,-164.40000000000003,880,13,2,False,0,pistol,,,,,,,92.42777381106893,345.2796936035156
1691347,48,-94.94999999999993,1029,15,2,False,0,pistol,,,,,,,210.92232548190398,350.1589126586914
1693540,49,-644.2999999999952,2193,37,4,False,0,pistol,,,,,,,137.20453598385856,366.14285016059875
1694009,50,-186.34999999999982,469,6,1,False,0,pistol,,,,,,,53.53535378935996,374.9040324687958
1694866,51,-188.25000000000065,857,12,2,False,0,pistol,,,,,,,221.31999923897592,378.77680921554565
1695231,52,-113.89999999999986,365,4,1,False,0,pistol,,,,,,,193.00875846095872,380.6684582233429
1695672,53,-152.04999999999993,441,6,1,False,0,pistol,,,,,,,180.30913160467975,383.11469531059265
1696216,54,-194.04999999999987,544,8,1,False,0,pistol,,,,,,,48.22803610279657,394.39499020576477
1696889,55,-201.09999999999988,673,8,1,False,0,pistol,,,,,,,159.99251107386524,398.6020028591156
1697333,56,-239.54999999999984,444,7,1,False,0,pistol,,,,,,,156.92258876169691,401.4321663379669
1698626,57,-714.049999999998,1293,21,3,False,0,pistol,,,,,,,92.14667681034757,415.46470189094543
1699098,58,-364.75000000000017,472,7,1,False,0,pistol,,,,,,,230.9777005199039,417.5086977481842
1699635,59,-239.04999999999976,537,7,1,False,0,pistol,,,,,,,212.49899620758083,420.03623032569885
1701034,60,-266.9499999999996,1399,20,2,False,0,pistol,,,,,,,107.06116402440766,433.10412979125977
1701525,61,-172.89999999999978,491,7,1,False,0,pistol,,,,,,,176.0692155938223,435.89336371421814
1702198,62,-374.30000000000024,673,9,1,False,0,pistol,,,,,,,67.73034882454253,445.83029961586
1702715,63,-180.49999999999983,517,6,1,False,0,pistol,,,,,,,199.29846299428488,448.4249687194824
1703889,64,-590.0000000000001,1174,17,2,False,0,pistol,,,,,,,256.52014006803773,453.0021493434906
1704308,65,-244.54999999999978,419,5,1,False,0,pistol,,,,,,,61.882138487326685,459.77345037460327
1705241,66,-393.25000000000074,933,13,2,False,0,pistol,,,,,,,283.45337865455593,463.06538128852844
1706232,67,-288.3999999999994,991,15,2,False,0,pistol,,,,,,,107.5678428986396,472.27854585647583
1707035,68,-126.15000000000035,803,10,2,False,0,pistol,,,,,,,269.41344492253586,475.259560585022
1707720,69,-293.10000000000014,685,9,1,False,0,pistol,,,,,,,296.4084672327156,477.57102060317993
1709027,70,-324.85000000000053,1307,18,2,False,0,pistol,,,,,,,141.543497895214,486.8053376674652
1710010,71,-503.79999999999933,983,15,2,False,0,pistol,,,,,,,301.3100760685379,490.0681748390198
1710571,72,-187.5999999999999,561,8,1,False,0,pistol,,,,,,,82.86648544544383,496.83866596221924
1711446,73,-240.7000000000004,875,12,2,False,0,pistol,,,,,,,287.26299438665507,499.8851821422577
1712785,74,-290.05000000000024,1339,19,2,True,46,machinegun,,,,,,,139.70783742538728,509.46983194351196
1714437,75,-776.8499999999962,1652,25,3,False,0,pistol,,,,,,,164.72459936075163,519.4992001056671
1715654,76,-342.3500000000017,1217,16,2,False,0,pistol,,,,,,,304.395582565934,523.4977345466614
1716161,77,-229.64999999999975,507,7,1,True,63,machinegun,,,,,,,305.30656509460647,525.1588406562805
1717048,78,-286.8999999999997,887,13,2,False,0,pistol,,,,,,,106.64342959134244,533.4766836166382
1718155,79,-584.8999999999983,1107,17,1,False,0,pistol,,,,,,,306.33977330922426,537.0907230377197
1719609,80,-528.9500000000015,1454,24,3,True,30,machinegun,,,,,,,145.7489172167237,547.0671441555023
1721151,81,-245.8000000000003,1542,26,3,True,115,machinegun,,,,,,,147.87584652677975,557.4952864646912
1722943,82,-147.4000000000001,1792,31,4,True,4,machinegun,,,,,,,161.25431805504303,568.6086163520813
1724685,83,-428.6999999999994,1742,29,3,False,0,pistol,,,,,,,160.11394143201844,579.4887819290161
1725902,84,-503.5500000000009,1217,18,2,False,0,pistol,,,,,,,293.006397561749,583.6427164077759
1727338,85,-207.60000000000028,1436,22,3,False,0,pistol,,,,,,,146.6294154402025,593.4365725517273
1728672,86,-432.20000000000044,1334,22,3,True,46,machinegun,,,,,,,144.3940975057831,602.6756420135498
1729462,87,-241.19999999999965,790,12,2,False,0,pistol,,,,,,,292.89394852933833,605.3733503818512
1732319,88,-652.5999999999973,2857,52,6,True,52,machinegun,,,,,,,187.87821148917928,620.5803594589233
1734173,89,-963.7999999999988,1854,29,2,False,0,pistol,,,,,,,169.1544161689933,631.5412096977234
1736387,90,-405.30000000000246,2214,36,4,False,0,pistol,,,,,,,184.18392979335562,643.5622847080231
1737820,91,-145.90000000000134,1433,20,3,False,0,pistol,,,,,,,149.78817934834078,653.1296057701111
1739913,92,-449.4000000000028,2093,37,4,False,0,pistol,,,,,,,172.8556897449776,665.2383694648743
1742385,93,-237.9999999999993,2472,45,5,False,0,pistol,,,,,,,181.72246111021676,678.8419284820557
1743403,94,-190.8499999999997,1018,17,2,False,0,pistol,,,,,,,108.83936466973682,688.1955735683441
1744625,95,-181.0999999999994,1222,20,2,False,0,pistol,,,,,,,283.8495317770409,692.501060962677
1746911,96,-207.60000000000358,2286,36,4,False,0,pistol,,,,,,,183.96985774990029,704.9274377822876
1748578,97,-56.700000000001076,1667,25,3,False,0,pistol,,,,,,,153.16611101938494,715.811445236206
1750094,98,-230.00000000000085,1516,26,3,False,0,pistol,,,,,,,151.96514279977092,725.8101897239685
1751003,99,-266.15000000000083,909,15,2,True,50,machinegun,,,,,,,300.8874601785758,728.8316860198975
1752818,100,-319.9999999999958,1815,32,3,False,0,pistol,,,,,,,163.83431248394376,739.9104235172272
1754622,101,-395.1500000000019,1804,30,4,False,0,pistol,,,,,,,165.67987300946396,750.7993197441101
1756490,102,-584.9499999999996,1868,31,4,False,0,pistol,,,,,,,162.05115729938615,762.3269321918488
1759017,103,-520.8000000000037,2527,47,5,False,0,pistol,,,,,,,179.64900222572084,776.3936710357666
1760909,104,-103.95000000000178,1892,31,4,False,0,pistol,,,,,,,163.22336633696764,787.9855694770813
1762148,105,-345.55000000000155,1239,19,2,False,0,pistol,,,,,,,132.3710242214036,797.3460233211517
1764205,106,-281.3500000000017,2057,35,4,False,0,pistol,,,,,,,172.52745273883087,809.269181728363
1765131,107,-395.15000000000157,926,14,2,False,0,pistol,,,,,,,302.91910773793,812.3266448974609
1766501,108,-118.30000000000089,1370,24,3,False,0,pistol,,,,,,,146.90763808717966,821.652622461319
1768936,109,-307.30000000000337,2435,43,5,False,0,pistol,,,,,,,187.63651935149397,834.6302897930145
1771074,110,-65.74999999999534,2138,38,4,False,0,pistol,,,,,,,179.18784014639039,846.5623862743378
1773698,111,-493.9000000000008,2624,46,5,False,0,pistol,,,,,,,143.27836339721603,864.8768186569214
1776277,112,-573.3500000000008,2579,46,5,False,0,pistol,,,,,,,191.27786097188678,878.3602542877197
1779599,113,-569.2500000000033,3322,68,7,False,0,pistol,,,,,,,206.34269878078055,894.4601652622223
1781676,114,-625.949999999993,2077,37,4,True,50,machinegun,,,,,,,171.47065910717671,906.5734124183655
1782753,115,-242.6000000000007,1077,17,2,False,0,pistol,,,,,,,126.59382427702134,915.0813257694244
1784487,116,-216.2500000000017,1734,27,3,False,0,pistol,,,,,,,165.2882080468959,925.572660446167
1786180,117,-434.0,1693,26,3,False,0,pistol,,,,,,,162.97007772166396,935.9614498615265
1788047,118,-97.2000000000015,1867,30,4,False,0,pistol,,,,,,,167.64313135830923,947.0985877513885
1788521,119,-128.19999999999985,474,7,1,False,0,pistol,,,,,,,292.8032921922219,948.7178521156311
1789474,120,-161.49999999999977,953,15,2,False,0,pistol,,,,,,,292.50991721161404,951.9762411117554
1790651,121,-676.3500000000026,1177,18,2,True,50,machinegun,,,,,,,134.2498329863979,960.7438237667084
1793421,122,-624.299999999993,2770,54,6,True,73,machinegun,,,,,,,193.400322342136,975.066910982132
1794621,123,-459.00000000000125,1200,17,2,True,40,machinegun,,,,,,,131.28938992916318,984.2074239253998
1795589,124,-211.00000000000063,968,15,2,False,0,pistol,,,,,,,293.8162879604749,987.5023920536041
1796546,125,-514.85,957,13,2,False,0,pistol,,,,,,,118.24803810781525,995.5959753990173
1797237,126,-258.4000000000001,691,11,2,True,36,machinegun,,,,,,,307.8325152829486,997.8411107063293
1799180,127,-486.8999999999936,1943,33,4,False,0,pistol,,,,,,,169.45070748687593,1009.3079159259796
1800349,128,-86.55000000000135,1169,16,2,False,0,pistol,,,,,,,135.590286783301,1017.9299721717834
1800879,129,-215.95000000000002,530,6,1,False,0,pistol,,,,,,,298.55552159153603,1019.7056427001953
1802027,130,-309.1500000000017,1148,17,2,False,0,pistol,,,,,,,308.268645775387,1023.4301867485046
1804155,131,-340.55000000000086,2128,36,4,True,48,machinegun,,,,,,,182.57322740931465,1035.086219072342
1805730,132,-286.55,1575,27,2,True,66,machinegun,,,,,,,153.1925444486601,1045.3678431510925
1806981,133,-386.55000000000126,1251,18,2,False,0,pistol,,,,,,,139.47297145389942,1054.3378603458405
1807883,134,-227.39999999999964,902,13,2,True,28,machinegun,,,,,,,291.02755746876653,1057.4377496242523
1808839,135,-396.8000000000006,956,12,2,False,0,pistol,,,,,,,114.8760272579391,1065.760187625885
1809572,136,-133.69999999999993,733,10,2,False,0,pistol,,,,,,,293.3474604095286,1068.2593276500702
1810279,137,-184.10000000000014,707,8,1,False,0,pistol,,,,,,,291.05223872979377,1070.6887979507446
1810799,138,-197.29999999999998,520,8,1,False,0,pistol,,,,,,,76.3806312747204,1077.4972026348114
1811166,139,-113.09999999999981,367,5,1,False,0,pistol,,,,,,,295.39557064838283,1078.7400200366974
1812001,140,-547.0000000000008,835,11,2,False,0,pistol,,,,,,,294.47846256957536,1081.5759720802307
1812556,141,-174.6499999999997,555,5,1,False,0,pistol,,,,,,,82.3971938838357,1088.312007188797
1813343,142,-235.80000000000013,787,10,2,False,0,pistol,,,,,,,293.0192774412642,1090.9982595443726
1813750,143,-269.7499999999997,407,6,1,False,0,pistol,,,,,,,299.04072049422217,1092.3596451282501
1815160,144,-392.0000000000008,1410,20,3,False,0,pistol,,,,,,,145.06148601293498,1102.0800795555115
1815910,145,-269.8499999999997,750,10,2,False,0,pistol,,,,,,,301.50167718818955,1104.5680348873138
1816389,146,-258.25,479,6,1,False,0,pistol,,,,,,,306.09065414680157,1106.1333496570587
1817744,147,-590.4999999999976,1355,23,3,False,0,pistol,,,,,,,147.49165472989904,1115.3206915855408
1818331,148,-200.7499999999996,587,6,1,False,0,pistol,,,,,,,276.02201174624986,1117.4477021694183
1818542,149,-265.9499999999998,211,3,1,False,0,pistol,,,,,,,263.4849950190811,1118.24889087677
1821746,150,-1264.099999999987,3204,57,6,False,0,pistol,,,,,,,151.46262143295922,1139.4030191898346
1822350,151,-184.25000000000023,604,5,1,False,0,pistol,,,,,,,303.6508460623646,1141.392616033554
1822978,152,-142.99999999999974,628,7,1,False,0,pistol,,,,,,,87.70565572027027,1148.5532658100128
1823906,153,-523.5000000000002,928,13,2,True,50,machinegun,,,,,,,298.2895495654842,1151.6647956371307
1824566,154,-411.0500000000009,660,10,2,False,0,pistol,,,,,,,304.58179043095566,1153.8321070671082
1825345,155,-156.9999999999998,779,11,2,True,44,machinegun,,,,,,,105.02916899007586,1161.2494730949402
1826164,156,-252.00000000000054,819,10,2,False,0,pistol,,,,,,,303.67307779179737,1163.946899652481
1827031,157,35.249999999999,867,13,2,False,0,pistol,,,,,,,115.67023548024203,1171.442724943161
1828147,158,-189.64999999999986,1116,17,2,False,0,pistol,,,,,,,301.72034467015175,1175.167636871338
1828545,159,-240.8999999999998,398,4,1,False,0,pistol,,,,,,,282.44012617767066,1176.5772624015808
1829745,160,-285.0500000000009,1200,20,3,True,46,machinegun,,,,,,,131.2494191366809,1185.7205600738525
1830796,161,-176.25000000000017,1051,17,2,False,0,pistol,,,,,,,297.09409170610485,1189.2585971355438
1831302,162,-300.84999999999974,506,7,1,False,0,pistol,,,,,,,76.99523753101569,1195.8308141231537
1832129,163,-325.4000000000017,827,11,2,False,0,pistol,,,,,,,288.86494625206853,1198.6941390037537
1834524,164,-1039.500000000004,2395,40,5,False,0,pistol,,,,,,,186.95143861494785,1211.5053215026855
1835470,165,-251.0000000000004,946,13,2,False,0,pistol,,,,,,,116.72857528832857,1219.6100270748138
1836417,166,-316.14999999999986,947,16,2,False,0,pistol,,,,,,,303.87131543188144,1222.7268915176392
1837369,167,-465.64999999999714,952,13,2,False,0,pistol,,,,,,,115.99674823804794,1230.9344100952148
1839021,168,-255.6500000000003,1652,26,3,False,0,pistol,,,,,,,298.4532702237373,1236.4700782299042
1839837,169,-278.0000000000003,816,12,1,True,32,machinegun,,,,,,,108.80454832652566,1243.9701714515686
1840912,170,-390.35000000000014,1075,16,2,False,0,pistol,,,,,,,261.45790102541963,1248.0821306705475
1841829,171,-453.3000000000018,917,14,1,False,0,pistol,,,,,,,83.62450037418395,1259.048267841339
1843461,172,-258.1999999999993,1632,25,3,False,0,pistol,,,,,,,103.61396732572271,1274.7996053695679
1844093,173,-270.2499999999998,632,9,1,False,0,pistol,,,,,,,201.7809004202018,1277.9322373867035
1846100,174,-176.40000000000114,2007,35,4,False,0,pistol,,,,,,,114.9391885418221,1295.3941903114319
1847615,175,-411.84999999999826,1515,26,3,False,0,pistol,,,,,,,93.54618102983481,1311.5899324417114
1849954,176,-459.3000000000031,2339,39,4,True,46,machinegun,,,,,,,111.86369010607845,1332.499849319458
1850676,177,-154.84999999999988,722,9,1,False,0,pistol,,,,,,,182.759667780743,1336.4513401985168
1851379,178,-452.3000000000012,703,10,2,True,32,machinegun,,,,,,,184.088853249517,1340.2706954479218
1852992,179,-137.45000000000203,1613,26,3,True,47,machinegun,,,,,,,121.8001587716379,1353.5141625404358
1854988,180,-901.6499999999969,1996,33,4,False,0,pistol,,,,,,,157.596658551994,1366.1799972057343
1855737,181,-309.65,749,9,1,False,0,pistol,,,,,,,91.83057474303061,1374.3367624282837
1857124,182,-321.4000000000011,1387,23,3,False,0,pistol,,,,,,,235.64345545072612,1380.2232246398926
1858568,183,-338.75000000000176,1444,21,1,True,80,machinegun,,,,,,,122.60876843167664,1392.0010240077972
1859057,184,-262.09999999999974,489,8,1,False,0,pistol,,,,,,,248.18820348479886,1393.9719777107239
1860915,185,38.04999999999784,1858,28,3,False,0,pistol,,,,,,,126.75324186614915,1408.6307909488678
1861387,186,-108.89999999999992,472,7,1,False,0,pistol,,,,,,,232.50469986315457,1410.6984164714813
1863090,187,-160.25000000000222,1703,30,4,True,85,machinegun,,,,,,,137.3032564433913,1423.102135181427
1864513,188,-425.00000000000153,1423,20,3,False,0,pistol,,,,,,,89.82939881915736,1438.9436795711517
1867975,189,-78.45000000000476,3462,59,5,False,0,pistol,,,,,,,100.35975869253618,1473.440330505371
1868398,190,-141.44999999999987,423,6,1,False,0,pistol,,,,,,,181.91880259018805,1475.7660903930664
1869470,191,-574.4999999999987,1072,16,1,False,0,pistol,,,,,,,188.55436930253703,1481.4519855976105
1872257,192,-1168.4999999999911,2787,49,4,False,0,pistol,,,,,,,82.87776008772666,1515.0804493427277
1874893,193,-454.0000000000003,2636,49,5,False,0,pistol,,,,,,,135.90824007089924,1534.4764189720154
1876760,194,-251.90000000000302,1867,31,4,True,37,machinegun,,,,,,,112.47201247452644,1551.076574087143
1881041,195,-786.899999999989,4281,81,9,False,0,pistol,,,,,,,118.51435112923768,1587.1994044780731
1882078,196,-332.65,1037,13,2,False,0,pistol,,,,,,,214.6788249254077,1592.030954837799
1882586,197,-295.9999999999999,508,6,1,False,0,pistol,,,,,,,57.011384636378594,1600.9419193267822
1883971,198,-106.10000000000085,1385,21,3,False,0,pistol,,,,,,,231.36617061098818,1606.9287524223328
1884761,199,-356.7000000000016,790,11,2,False,0,pistol,,,,,,,84.00065263699926,1616.3338866233826
1885647,200,-211.45000000000016,886,12,2,False,0,pistol,,,,,,,208.05464915489125,1620.5929667949677
1887766,201,-266.65000000000106,2119,33,4,False,0,pistol,,,,,,,129.99859518855445,1636.8938519954681
1891902,202,-855.2499999999861,4136,81,9,False,0,pistol,,,,,,,132.8285988060309,1668.0323741436005
1894234,203,32.04999999999779,2332,42,5,False,0,pistol,,,,,,,137.69384816693122,1684.9689955711365
1895503,204,-401.5000000000013,1269,20,3,False,0,pistol,,,,,,,124.4418085919311,1695.1671373844147
1895987,205,-245.4499999999997,484,6,1,False,0,pistol,,,,,,,274.2725192206232,1696.9323070049286
1896736,206,-215.75000000000023,749,11,2,False,0,pistol,,,,,,,89.3516093882491,1705.3152842521667
1898752,207,-364.0000000000008,2016,32,4,False,0,pistol,,,,,,,159.70727230336877,1717.938799381256
1899695,208,-395.6500000000004,943,14,2,False,0,pistol,,,,,,,275.44746636061615,1721.3628504276276
1900526,209,-411.10000000000014,831,12,2,False,0,pistol,,,,,,,274.12458013826296,1724.394777059555
1901675,210,-436.6499999999965,1149,16,1,True,50,machinegun,,,,,,,89.54064415237298,1737.2274420261383
1903766,211,-512.1000000000017,2091,38,3,False,0,pistol,,,,,,,128.35866412051686,1753.5182783603668
1904468,212,-469.6500000000011,702,10,2,False,0,pistol,,,,,,,236.98034578799508,1756.4810092449188
1907083,213,-240.05000000000177,2615,46,5,False,0,pistol,,,,,,,122.74643001333679,1777.785536289215
1907484,214,-239.6499999999997,401,5,1,False,0,pistol,,,,,,,253.77944377274528,1779.3660578727722
1908798,215,-339.7500000000016,1314,21,2,False,0,pistol,,,,,,,109.01241230402971,1791.420197725296
1912450,216,-1079.7999999999856,3652,73,8,True,17,machinegun,,,,,,,131.83346732766327,1819.1223602294922
1915523,217,-470.0500000000027,3073,63,7,True,90,machinegun,,,,,,,95.85273678864613,1851.182522535324
1915907,218,-201.4999999999999,384,5,1,False,0,pistol,,,,,,,209.33014700693138,1853.0176455974579
1917110,219,-508.0499999999986,1203,19,2,False,0,pistol,,,,,,,104.49751139138849,1864.5304799079895
1920701,220,-1031.4999999999977,3591,79,8,True,109,machinegun,,,,,,,149.96614616888124,1888.4763565063477
1922394,221,-323.75000000000125,1693,29,3,False,0,pistol,,,,,,,136.37923299398108,1900.8907647132874
1924250,222,-355.0000000000006,1856,28,3,False,0,pistol,,,,,,,130.91054175488136,1915.0688972473145
1925433,223,-171.94999999999965,1183,18,2,False,0,pistol,,,,,,,93.4796772302778,1927.724553346634
1926184,224,-180.50000000000043,751,12,2,False,0,pistol,,,,,,,193.33356558484354,1931.6095781326294
1927154,225,-235.40000000000046,970,14,2,False,0,pistol,,,,,,,204.8236522157993,1936.345780134201
1928117,226,-198.94999999999982,963,15,1,False,0,pistol,,,,,,,90.56046934595024,1946.9799909591675
1928717,227,-216.5499999999997,600,9,1,False,0,pistol,,,,,,,210.09289450108935,1949.836449623108
1928940,228,-190.89999999999998,223,2,1,False,0,pistol,,,,,,,206.52138840306623,1950.9166476726532
1930209,229,-673.4500000000004,1269,22,3,True,34,machinegun,,,,,,,102.21422064181677,1963.332195520401
1932831,230,-368.8500000000021,2622,44,5,False,0,pistol,,,,,,,135.78797140090663,1982.6422762870789
1933459,231,-192.84999999999974,628,9,1,True,96,machinegun,,,,,,,68.18876733669444,1991.8526356220245
1934350,232,-259.9999999999996,891,14,2,False,0,pistol,,,,,,,225.00020103039063,1995.8131337165833
1935445,233,-243.3,1095,16,2,False,0,pistol,,,,,,,96.4031332530947,2007.1721577644348
1938531,234,-1056.8499999999945,3086,63,6,True,32,machinegun,,,,,,,147.17307108988626,2028.1412189006805
1939787,235,-245.89999999999958,1256,20,3,False,0,pistol,,,,,,,105.62638092559745,2040.0328242778778
1941460,236,-594.849999999998,1673,29,3,False,0,pistol,,,,,,,216.64180035706482,2047.7557892799377
1943158,237,37.84999999999778,1698,28,3,False,0,pistol,,,,,,,122.10021816761899,2061.663071155548
1944634,238,-341.7000000000006,1476,25,3,False,0,pistol,,,,,,,113.90097469823418,2074.622326374054
1945131,239,-295.14999999999986,497,6,1,False,0,pistol,,,,,,,217.04365499188546,2076.9127237796783
1945667,240,-396.8500000000006,536,8,1,False,0,pistol,,,,,,,61.628610626912526,2085.610492706299
1948237,241,-397.4000000000017,2570,48,5,False,0,pistol,,,,,,,128.6724543018902,2105.584149122238
1951666,242,-400.2500000000008,3429,71,8,False,0,pistol,,,,,,,125.30496156218759,2132.9499201774597
1953476,243,-405.7000000000019,1810,28,2,False,0,pistol,,,,,,,108.81244388144033,2149.5846648216248
1956157,244,-730.7999999999971,2681,47,5,False,0,pistol,,,,,,,88.69941443424266,2179.810878276825
1958675,245,-323.20000000000147,2518,39,4,False,0,pistol,,,,,,,121.85022338624557,2200.4761974811554
1960167,246,-255.25000000000045,1492,23,3,False,0,pistol,,,,,,,117.43080050428108,2213.1821460723877
1962101,247,-632.4000000000027,1934,33,4,False,0,pistol,,,,,,,126.42423430101776,2228.4804689884186
1965308,248,-1244.6499999999874,3207,55,6,False,0,pistol,,,,,,,153.87350297695556,2249.3242225646973
1966376,249,-307.94999999999976,1068,17,1,False,0,pistol,,,,,,,94.66357198911209,2260.606807947159
1968202,250,-286.3500000000024,1826,27,3,False,0,pistol,,,,,,,121.94881101408008,2275.580972671509
1970951,251,-1173.049999999998,2749,50,6,False,0,pistol,,,,,,,144.41046194222395,2294.617456674576
1972602,252,-299.8000000000008,1651,29,3,False,0,pistol,,,,,,,119.87855959579463,2308.390417575836
1973313,253,-359.80000000000075,711,10,2,True,3,machinegun,,,,,,,219.55390130290067,2311.6292626857758
1973664,254,-230.10000000000008,351,7,1,True,33,machinegun,,,,,,,232.69977191576533,2313.1381318569183
1976159,255,-362.44999999999976,2495,44,4,False,0,pistol,,,,,,,137.07316048292014,2331.3405380249023
1978879,256,-322.90000000000384,2720,50,6,False,0,pistol,,,,,,,109.27279332737633,2356.232906103134
1980646,257,-376.30000000000126,1767,30,4,True,61,machinegun,,,,,,,123.60458375316159,2370.529099702835
1983452,258,-382.1500000000012,2806,50,6,False,0,pistol,,,,,,,142.72267624203485,2390.190183401108
1986672,259,-618.1000000000015,3220,58,6,False,0,pistol,,,,,,,111.06383228927871,2419.182993888855
1988971,260,107.40000000000073,2299,41,5,False,0,pistol,,,,,,,141.01667956787705,2435.4866280555725
1990976,261,-504.8000000000022,2005,34,4,False,0,pistol,,,,,,,130.99328561200926,2450.8221530914307
1991217,262,-185.8,241,3,1,False,0,pistol,,,,,,,229.59190480960262,2451.8724312782288
1992502,263,-357.8000000000001,1285,21,3,True,48,machinegun,,,,,,,207.3140595225086,2458.0712072849274
1995555,264,-672.6500000000034,3053,56,6,True,27,machinegun,,,,,,,113.64003343562395,2484.9373800754547
1996495,265,-581.8499999999995,940,14,2,False,0,pistol,,,,,,,225.8939402846164,2489.099309682846
1998492,266,-552.4500000000007,1997,34,4,False,0,pistol,,,,,,,131.06268672289045,2504.3367602825165
1999553,267,-310.80000000000035,1061,16,2,False,0,pistol,,,,,,,99.58793849432541,2514.991256713867
2000966,268,-311.000000000001,1413,24,3,False,0,pistol,,,,,,,118.60723144191218,2526.9051496982574
2002133,269,-201.25000000000145,1167,20,3,False,0,pistol,,,,,,,235.79616528378116,2531.854784011841
2003106,270,-121.89999999999945,973,16,2,False,0,pistol,,,,,,,94.98307463283079,2542.0991792678833
2004148,271,-230.29999999999984,1042,16,2,False,0,pistol,,,,,,,222.96988216606132,2546.7730128765106
2007467,272,-505.1500000000029,3319,61,7,False,0,pistol,,,,,,,121.89089282709895,2574.0027272701263
2010132,273,-648.6499999999971,2665,48,5,True,45,machinegun,,,,,,,145.170381248776,2592.360979318619
2012926,274,-992.9999999999882,2794,54,6,True,50,machinegun,,,,,,,148.68804231810415,2611.152542591095
2014645,275,-474.0500000000017,1719,29,3,False,0,pistol,,,,,,,122.4732524255493,2625.1888682842255
2015845,276,-615.7499999999976,1200,18,2,False,0,pistol,,,,,,,105.25680837426113,2636.5900182724
2017351,277,-429.7499999999986,1506,23,3,False,0,pistol,,,,,,,118.38206287237904,2649.3122158050537
2017934,278,-179.09999999999997,583,7,1,False,0,pistol,,,,,,,222.5928249001678,2651.9318265914917
2018792,279,-114.00000000000031,858,12,2,False,0,pistol,,,,,,,214.4945152910316,2655.932545900345
2022173,280,-492.649999999999,3381,63,7,False,0,pistol,,,,,,,123.19729563581976,2683.3769488334656
2024491,281,-61.949999999998624,2318,40,5,False,0,pistol,,,,,,,139.1391580535309,2700.0371108055115
2026046,282,-3.3000000000016243,1555,24,3,False,0,pistol,,,,,,,118.22829227772607,2713.1900980472565
2027376,283,-125.79999999999957,1330,21,3,False,0,pistol,,,,,,,209.841728251106,2719.528668642044
2028060,284,-142.8999999999997,684,9,1,False,0,pistol,,,,,,,74.61709629849877,2728.696086168289
2028362,285,-124.04999999999998,302,3,1,False,0,pistol,,,,,,,227.83244344702834,2730.0221693515778
2031565,286,72.84999999999661,3203,57,6,True,5,machinegun,,,,,,,154.78483032228507,2750.715862751007
2034064,287,-55.850000000003135,2499,45,5,False,0,pistol,,,,,,,109.20217510741107,2773.6006417274475
2034842,288,-184.59999999999957,778,10,1,False,0,pistol,,,,,,,207.7537694252158,2777.346014738083
2036315,289,-388.74999999999994,1473,22,3,False,0,pistol,,,,,,,113.64946430666183,2790.307537317276
2037846,290,-174.6500000000019,1531,26,2,False,0,pistol,,,,,,,116.99994781765565,2803.3938312530518
2038958,291,-441.39999999999924,1112,18,2,False,0,pistol,,,,,,,218.64315504730388,2808.4802238941193
2039633,292,-97.19999999999987,675,11,2,False,0,pistol,,,,,,,223.60695606186474,2811.4994904994965
2041952,293,-580.200000000001,2319,41,5,False,0,pistol,,,,,,,96.07253990198055,2835.6379289627075
2043236,294,-491.4500000000003,1284,19,2,False,0,pistol,,,,,,,193.17226012763427,2842.2871901988983
2043827,295,-324.8500000000004,591,8,1,False,0,pistol,,,,,,,231.31104063173146,2844.8428115844727
2044476,296,-159.99999999999972,649,8,1,False,0,pistol,,,,,,,85.34652339613098,2852.447632074356
2045428,297,-341.3999999999996,952,13,2,False,0,pistol,,,,,,,262.6117426850739,2856.073312520981
2048819,298,-1322.7500000000014,3391,70,8,True,55,machinegun,,,,,,,155.09857136516746,2877.9372522830963
2050732,299,-322.4000000000028,1913,34,4,False,0,pistol,,,,,,,169.07090025952837,2889.2526021003723
2053070,300,-311.60000000000053,2338,38,4,False,0,pistol,,,,,,,181.30713297087743,2902.1483132839203
2055599,301,-847.5000000000002,2529,44,5,False,0,pistol,,,,,,,183.84456580318513,2915.9049513339996
2058053,302,-906.7999999999918,2454,45,5,True,6,machinegun,,,,,,,184.38362819191127,2929.214668035507
2059516,303,-711.4999999999968,1463,24,3,False,0,pistol,,,,,,,148.09532261402464,2939.0938963890076
2061257,304,-613.1499999999943,1741,27,3,False,0,pistol,,,,,,,160.48620078800897,2949.9426078796387
2062572,305,-358.2000000000002,1315,19,2,False,0,pistol,,,,,,,138.75152427040487,2959.4204070568085
2067374,306,-893.9499999999834,4802,89,7,False,0,pistol,,,,,,,179.91440082416162,2986.1113266944885
2069033,307,-710.599999999993,1659,28,3,False,0,pistol,,,,,,,161.1530682527394,2996.406328201294
2070213,308,-297.0000000000009,1180,17,2,False,0,pistol,,,,,,,306.8374981796305,3000.25244140625
2070396,309,-137.99999999999991,183,1,1,False,0,pistol,,,,,,,303.77172329126887,3000.855315685272
2071987,310,-305.200000000001,1591,25,3,False,0,pistol,,,,,,,155.80526214937856,3011.06719994545
2073333,311,-456.55000000000166,1346,21,3,False,0,pistol,,,,,,,145.63179123702898,3020.3100879192352
2076135,312,-463.80000000000274,2802,49,5,True,1,machinegun,,,,,,,194.97152883495616,3034.6818108558655
2077456,313,-220.99999999999955,1321,23,3,True,48,machinegun,,,,,,,140.8695555693018,3044.059736728668
2079568,314,-419.70000000000203,2112,37,4,False,0,pistol,,,,,,,174.145913631796,3056.188000679016
2080068,315,-129.69999999999987,500,7,1,False,0,pistol,,,,,,,306.17301974650945,3057.8215386867523
2082769,316,-647.700000000004,2701,51,6,False,0,pistol,,,,,,,199.5298406334842,3071.358750104904
2086511,317,-770.450000000002,3742,73,7,False,0,pistol,,,,,,,155.4210678679255,3095.4357736110687
2086779,318,-160.5999999999999,268,3,1,False,0,pistol,,,,,,,295.26311556300027,3096.343903064728
2089650,319,-585.9500000000033,2871,55,6,True,50,machinegun,,,,,,,142.346805298442,3116.5133287906647
2093253,320,-660.7999999999967,3603,68,7,False,0,pistol,,,,,,,154.48160383141857,3139.8369801044464
2095438,321,-580.850000000001,2185,39,4,False,0,pistol,,,,,,,175.42881779287333,3152.2925856113434
2096760,322,-253.84999999999997,1322,22,3,True,50,machinegun,,,,,,,292.1049008345124,3156.818784713745
2097759,323,-390.55000000000086,999,15,2,False,0,pistol,,,,,,,119.3401889581373,3165.190239429474
2099015,324,-285.3500000000017,1256,20,3,False,0,pistol,,,,,,,294.2235628353969,3169.4595284461975
2100403,325,-151.50000000000128,1388,25,3,True,40,machinegun,,,,,,,150.20751637469266,3178.700439929962
2101977,326,-666.4500000000022,1574,25,2,False,0,pistol,,,,,,,160.23670617887694,3188.523886203766
2103927,327,-741.7499999999984,1950,34,4,False,0,pistol,,,,,,,171.79348425970667,3199.8752257823944
2104427,328,-86.5000000000001,500,6,1,False,0,pistol,,,,,,,307.61499485805336,3201.501075744629
2105275,329,-239.4500000000002,848,13,2,True,50,machinegun,,,,,,,305.4276024468078,3204.277911424637
2105625,330,-120.34999999999995,350,5,1,False,0,pistol,,,,,,,55.4571003233082,3210.5895359516144
2106836,331,-469.4500000000016,1211,19,2,True,47,machinegun,,,,,,,301.79557052963014,3214.602659702301
2108768,332,-432.69999999999834,1932,31,4,False,0,pistol,,,,,,,160.7881422833612,3226.618894338608
2109516,333,-215.45,748,11,2,False,0,pistol,,,,,,,96.41275758351662,3234.377788543701
2111523,334,-751.2499999999947,2007,36,3,False,0,pistol,,,,,,,169.68752377735777,3246.2057962417603
2111931,335,-154.5499999999999,408,6,1,False,0,pistol,,,,,,,286.2067156244831,3247.6318283081055
2113882,336,-193.15000000000268,1951,35,4,True,31,machinegun,,,,,,,168.93199111554765,3259.1812908649445
2117022,337,-693.8499999999979,3140,58,6,False,0,pistol,,,,,,,193.84396029568586,3275.3802795410156
2119322,338,-936.9999999999912,2300,39,4,False,0,pistol,,,,,,,181.2499129861687,3288.070330619812
2120377,339,-503.20000000000164,1055,16,1,False,0,pistol,,,,,,,122.17885586233326,3296.7056546211243
2121887,340,-813.5000000000003,1510,26,3,True,57,machinegun,,,,,,,149.49403340883177,3306.8068523406982
2122422,341,-156.14999999999978,535,8,1,False,0,pistol,,,,,,,297.22451348658205,3308.6072623729706
2124228,342,-202.75000000000148,1806,30,4,False,0,pistol,,,,,,,163.5801461220457,3319.6482033729553
2125914,343,-475.40000000000265,1686,27,3,False,0,pistol,,,,,,,152.27198137111301,3330.720928668976
2127154,344,-237.5500000000002,1240,19,2,False,0,pistol,,,,,,,296.578277741482,3334.9024510383606
2128948,345,-424.30000000000007,1794,31,4,False,0,pistol,,,,,,,160.52664920494675,3346.0785179138184
2129783,346,-435.50000000000034,835,12,2,False,0,pistol,,,,,,,307.25959838649936,3348.796596765518
2131026,347,-396.4000000000012,1243,18,2,False,0,pistol,,,,,,,133.7922140798658,3358.0874440670013
2132340,348,-262.5499999999998,1314,21,2,False,0,pistol,,,,,,,143.09282131865976,3367.27072930336
2132994,349,-127.15000000000018,654,9,1,False,0,pistol,,,,,,,294.79144863745694,3369.4896998405457
2133433,350,-299.6000000000003,439,5,1,False,0,pistol,,,,,,,295.5010827125637,3370.975725412369
2135522,351,-424.1500000000016,2089,36,4,False,0,pistol,,,,,,,178.00873418798537,3382.7115461826324
2136682,352,-220.2000000000007,1160,18,2,False,0,pistol,,,,,,,132.2990487283199,3391.4801161289215
2136939,353,-215.30000000000004,257,2,1,False,0,pistol,,,,,,,288.5261057989957,3392.371290206909
2137639,354,-185.6999999999997,700,11,1,False,0,pistol,,,,,,,294.9993408762809,3394.7445166110992
2139298,355,-324.90000000000117,1659,27,3,False,0,pistol,,,,,,,162.63942446212664,3404.9453423023224
2139793,356,-175.49999999999986,495,7,1,False,0,pistol,,,,,,,285.25627760002715,3406.6809887886047
2141773,357,-494.9000000000018,1980,35,4,False,0,pistol,,,,,,,176.94252635471938,3417.8714878559113
2143517,358,-596.4499999999992,1744,29,3,False,0,pistol,,,,,,,167.043856448447,3428.3123388290405
2143851,359,-290.65000000000015,334,4,1,False,0,pistol,,,,,,,294.15566655383924,3429.4482004642487
2144826,360,-499.00000000000165,975,15,2,False,0,pistol,,,,,,,116.5878238123495,3437.8114516735077
2146417,361,-72.20000000000107,1591,27,3,False,0,pistol,,,,,,,150.2712102717002,3448.3993906974792
2147367,362,-220.8500000000014,950,16,1,False,0,pistol,,,,,,,306.3935358671605,3451.5003802776337
2148005,363,-416.70000000000084,638,10,2,False,0,pistol,,,,,,,289.05818244901934,3453.7079205513
2150682,364,-895.4999999999924,2677,48,5,False,0,pistol,,,,,,,135.4123626728206,3473.477608680725
2154655,365,-1754.2999999999658,3973,91,10,False,0,pistol,,,,,,,167.10063667122574,3497.254153728485
2156203,366,-423.0500000000008,1548,24,3,False,0,pistol,,,,,,,289.50215207669794,3502.6016726493835
2159181,367,-1025.7999999999968,2978,54,6,False,0,pistol,,,,,,,145.9220269626548,3523.0103285312653
2161862,368,-543.3500000000045,2681,50,6,False,0,pistol,,,,,,,186.13128951445728,3537.4146344661713
2165227,369,-379.4500000000016,3365,69,7,False,0,pistol,,,,,,,155.03796365978727,3559.1194484233856
2166579,370,-424.0500000000009,1352,22,2,True,48,machinegun,,,,,,,281.43382177340413,3563.923810482025
2169617,371,-684.9999999999952,3038,58,6,False,0,pistol,,,,,,,153.02650024369945,3583.777009010315
2172827,372,-945.9999999999953,3210,60,7,False,0,pistol,,,,,,,206.09048567417412,3599.3531754016876
2173840,373,-348.50000000000057,1013,16,2,False,0,pistol,,,,,,,119.42576624223803,3607.835849761963
2174478,374,-187.79999999999984,638,8,1,False,0,pistol,,,,,,,286.874227742656,3610.060246706009
2176113,375,-464.6000000000008,1635,27,3,False,0,pistol,,,,,,,152.41576205591355,3620.7878699302673
2176530,376,-122.34999999999995,417,6,1,False,0,pistol,,,,,,,291.258451496163,3622.220030069351
2177223,377,-187.64999999999995,693,8,1,False,0,pistol,,,,,,,87.68015597168235,3630.124132156372
2178960,378,-384.4500000000033,1737,27,3,False,0,pistol,,,,,,,287.3191971064845,3636.1701114177704
2180089,379,-244.35000000000025,1129,15,1,False,0,pistol,,,,,,,129.87209229869995,3644.8637459278107
2183794,380,-1177.9499999999732,3705,70,8,False,0,pistol,,,,,,,169.37197498980493,3666.7391743659973
2184598,381,-156.25000000000017,804,12,2,True,50,machinegun,,,,,,,295.3433576523174,3669.4619674682617
2187818,382,-703.799999999995,3220,56,6,True,48,machinegun,,,,,,,151.6132005963244,3690.7006459236145
2191194,383,-817.5499999999975,3376,71,8,False,0,pistol,,,,,,,204.12583438411747,3707.239913225174
2194538,384,-555.0500000000003,3344,61,7,False,0,pistol,,,,,,,154.2169528631296,3728.9240822792053
2194991,385,-481.9000000000007,453,6,1,False,0,pistol,,,,,,,287.6336687157578,3730.4994819164276
2195375,386,-255.99999999999983,384,6,1,True,49,machinegun,,,,,,,298.5099891446717,3731.7863008975983
2195747,387,-166.84999999999985,372,3,1,False,0,pistol,,,,,,,60.110381612125806,3737.9753062725067
2199321,388,-376.1000000000039,3574,75,8,False,0,pistol,,,,,,,207.2544219723131,3755.2201993465424
2200268,389,-190.94999999999982,947,14,2,False,0,pistol,,,,,,,115.27793064463921,3763.435646057129
2200705,390,-281.5499999999998,437,6,1,True,50,machinegun,,,,,,,288.6766544512546,3764.949894428253
2203716,391,-910.5499999999881,3011,54,5,False,0,pistol,,,,,,,149.90029329968604,3785.036937713623
2205739,392,-451.3,2023,35,4,True,50,machinegun,,,,,,,174.96478501188338,3796.5996758937836
2207467,393,-675.649999999995,1728,30,4,False,0,pistol,,,,,,,303.7404199754234,3802.289160966873
2210238,394,-331.5500000000014,2771,51,6,False,0,pistol,,,,,,,144.36729281014158,3821.483604669571
2213493,395,-777.799999999998,3255,58,6,False,0,pistol,,,,,,,203.58047288189715,3837.4728565216064
2217937,396,-1220.5999999999813,4444,105,11,False,0,pistol,,,,,,,179.51088578579046,3862.22944188118
2220253,397,-423.95000000000203,2316,41,5,False,0,pistol,,,,,,,132.17562869025707,3879.7519402503967
2222180,398,-340.39999999999986,1927,34,3,False,0,pistol,,,,,,,173.02978726501607,3890.889198064804
2225808,399,-454.1500000000035,3628,82,9,False,0,pistol,,,,,,,209.21612036557227,3908.2305970191956
2226730,400,-338.600000000001,922,14,2,False,0,pistol,,,,,,,115.9333463082566,3916.1839134693146
2229051,401,-38.40000000000342,2321,41,5,False,0,pistol,,,,,,,180.21272669572895,3929.063709974289
2229644,402,-330.30000000000024,593,8,1,False,0,pistol,,,,,,,284.0676255804764,3931.151780128479
2230724,403,-195.74999999999972,1080,16,2,True,49,machinegun,,,,,,,129.82293879623626,3939.4712727069855
2231410,404,-150.55000000000064,686,11,2,False,0,pistol,,,,,,,308.2263366069991,3941.6972947120667
2232426,405,-505.3499999999973,1016,15,2,False,0,pistol,,,,,,,125.4847557418658,3949.7942407131195
2234659,406,-115.45000000000317,2233,38,4,False,0,pistol,,,,,,,181.4609710575562,3962.1003308296204
2235366,407,-234.64999999999984,707,11,2,False,0,pistol,,,,,,,292.15211871332485,3964.520742893219
2236626,408,-321.6500000000014,1260,18,2,False,0,pistol,,,,,,,137.12479453944297,3973.709924221039
2237460,409,-161.89999999999966,834,14,2,False,0,pistol,,,,,,,295.76481737077086,3976.5301542282104
2238154,410,-232.09999999999985,694,10,1,False,0,pistol,,,,,,,305.6176737146164,3978.8014163970947
2239150,411,-163.1000000000016,996,13,2,True,30,machinegun,,,,,,,118.55628807877979,3987.202844619751
2241136,412,-28.500000000001737,1986,33,4,False,0,pistol,,,,,,,174.00866562299055,3998.616534471512
2244631,413,-741.7500000000008,3495,69,6,False,0,pistol,,,,,,,159.41654023115655,4020.5407032966614
2245875,414,-315.5499999999983,1244,22,3,True,11,machinegun,,,,,,,304.5831935353375,4024.6256291866302
2246467,415,-96.69999999999982,592,7,1,False,0,pistol,,,,,,,299.623835501489,4026.601784467697
2248563,416,-898.6999999999969,2096,34,4,False,0,pistol,,,,,,,181.84068069067374,4038.12872672081
2251366,417,-631.8499999999997,2803,52,6,False,0,pistol,,,,,,,144.310643255283,4057.5524983406067
2254689,418,-816.850000000006,3323,61,7,False,0,pistol,,,,,,,201.6010314902345,4074.036024570465
2256726,419,-633.6499999999935,2037,34,4,False,0,pistol,,,,,,,172.5879658043898,4085.8391110897064
2258506,420,-166.60000000000198,1780,30,3,False,0,pistol,,,,,,,165.713694280869,4096.58091878891
2260433,421,-294.20000000000016,1927,31,4,False,0,pistol,,,,,,,167.14663432163542,4108.110174655914
2261313,422,-40.40000000000099,880,15,2,False,0,pistol,,,,,,,109.5389785282102,4116.14434170723
2262651,423,-579.950000000002,1338,20,3,False,0,pistol,,,,,,,303.4455503234611,4120.554110527039
2264854,424,-558.0500000000013,2203,37,4,False,0,pistol,,,,,,,174.90324889105997,4133.149998426437
2266221,425,-521.3000000000005,1367,20,3,True,34,machinegun,,,,,,,145.03567938580053,4142.575722932816
2268856,426,-423.25000000000097,2635,50,6,False,0,pistol,,,,,,,196.93636546443975,4155.956162929535
2271692,427,-450.30000000000115,2836,55,6,False,0,pistol,,,,,,,144.0881281485163,4175.639027357101
2274084,428,-369.5999999999999,2392,43,5,False,0,pistol,,,,,,,181.1302166418655,4188.845461368561
2275877,429,-293.1500000000015,1793,30,4,False,0,pistol,,,,,,,162.53193111516475,4199.877519130707
2278546,430,-684.5999999999968,2669,49,5,False,0,pistol,,,,,,,190.12569290527296,4213.915992498398
2279328,431,-154.79999999999987,782,10,2,False,0,pistol,,,,,,,295.58343530229405,4216.562029600143
2280897,432,-342.69999999999993,1569,27,3,False,0,pistol,,,,,,,151.88717398392959,4226.892440080643
2283393,433,-273.6500000000023,2496,46,5,False,0,pistol,,,,,,,186.9335164828886,4240.245199203491
2284209,434,-172.04999999999978,816,10,2,False,0,pistol,,,,,,,100.37517202092488,4248.375164747238
2286857,435,-242.75000000000298,2648,45,5,False,0,pistol,,,,,,,189.10036127282285,4262.3787133693695
2289468,436,-669.9500000000011,2611,48,5,False,0,pistol,,,,,,,186.13443698295424,4276.406648635864
2290362,437,-337.95000000000016,894,12,2,False,0,pistol,,,,,,,106.96780314884124,4284.764761686325
2293151,438,-246.15000000000305,2789,49,5,False,0,pistol,,,,,,,196.55334263112428,4298.95471405983
2295298,439,-342.6500000000006,2147,38,4,False,0,pistol,,,,,,,179.0366525118724,4310.947143793106
2298030,440,-367.1000000000029,2732,50,5,False,0,pistol,,,,,,,143.03586968001642,4330.047736167908
2298712,441,-261.7000000000004,682,10,2,False,0,pistol,,,,,,,287.5598127739808,4332.419827699661
2302493,442,-429.7000000000045,3781,73,8,False,0,pistol,,,,,,,164.8561258963274,4355.355341911316
2304011,443,-550.8000000000018,1518,26,2,False,0,pistol,,,,,,,150.1414191111261,4365.4662618637085
2305177,444,-331.0000000000008,1166,19,2,False,0,pistol,,,,,,,288.44765550094746,4369.509123802185
2305574,445,-199.44999999999987,397,5,1,False,0,pistol,,,,,,,296.5272495639721,4370.848340511322
2309946,446,-920.000000000002,4372,86,9,False,0,pistol,,,,,,,176.3554015982673,4395.639586925507
2312688,447,-386.25000000000136,2742,49,5,False,0,pistol,,,,,,,139.12275092358226,4415.349333286285
2314837,448,-304.9000000000035,2149,37,4,False,0,pistol,,,,,,,179.91483939250563,4427.294318914413
2318441,449,-1415.349999999974,3604,75,7,True,46,machinegun,,,,,,,163.1139250119541,4449.38977766037
2321528,450,-721.0999999999945,3087,60,7,False,0,pistol,,,,,,,195.8509126263083,4465.152260541916
2322867,451,-299.84999999999974,1339,23,3,True,59,machinegun,,,,,,,146.76603598850505,4474.275991678238
2325101,452,-940.8499999999982,2234,39,4,False,0,pistol,,,,,,,178.23306889299604,4486.810604095459
2328056,453,-456.25000000000495,2955,55,6,False,0,pistol,,,,,,,202.1872981967663,4501.426240444183
2330785,454,-659.3500000000042,2729,51,5,False,0,pistol,,,,,,,147.19676813217671,4519.9665586948395
2332544,455,-304.850000000002,1759,29,3,False,0,pistol,,,,,,,278.42427164963055,4526.28467965126
2335948,456,-485.75000000000364,3404,60,7,False,0,pistol,,,,,,,158.00806201953947,4547.828284263611
2338633,457,-649.5999999999967,2685,50,6,False,0,pistol,,,,,,,191.43511114532774,4561.8543519973755
2340530,458,-576.3999999999957,1897,30,4,False,0,pistol,,,,,,,167.38114282693405,4573.188169956207
2342682,459,-60.80000000000247,2152,37,4,False,0,pistol,,,,,,,173.05568516739433,4585.623849630356
2343540,460,-428.34999999999906,858,12,2,False,0,pistol,,,,,,,110.24082119086498,4593.407243490219
2344682,461,-324.59999999999997,1142,18,2,False,0,pistol,,,,,,,292.09996037964555,4597.317254304886
2346841,462,-466.9999999999931,2159,37,4,False,0,pistol,,,,,,,171.04682815361878,4609.93988609314
2349465,463,-540.7000000000029,2624,44,5,False,0,pistol,,,,,,,134.55131023372286,4629.442144155502
2352079,464,-475.0999999999884,2614,45,5,False,0,pistol,,,,,,,190.8546566234939,4643.138822078705
2354427,465,-366.9499999999973,2348,42,5,False,0,pistol,,,,,,,187.12239435474865,4655.687270641327
2355934,466,-340.7500000000004,1507,23,1,False,0,pistol,,,,,,,152.45191041837847,4665.5727388858795
2357696,467,-566.3499999999959,1762,29,3,False,0,pistol,,,,,,,157.48029537928883,4676.762029886246
2359463,468,-428.8500000000007,1767,30,4,False,0,pistol,,,,,,,163.08407700908307,4687.597334861755
2361581,469,-424.65000000000146,2118,39,4,False,0,pistol,,,,,,,173.7075348680269,4699.790636062622
2362482,470,-219.450000000001,901,15,1,False,0,pistol,,,,,,,298.9319803931356,4702.805155277252
2365837,471,-1127.2499999999973,3355,68,7,True,27,machinegun,,,,,,,154.37339079537946,4724.538730621338
2368428,472,-830.8000000000023,2591,46,5,False,0,pistol,,,,,,,191.0039153596164,4738.1043157577515
2369714,473,-145.04999999999967,1286,21,3,False,0,pistol,,,,,,,142.22638562074252,4747.146638870239
2370508,474,-528.7999999999998,794,12,2,True,50,machinegun,,,,,,,304.8263610187199,4749.751914978027
2371350,475,-359.25000000000006,842,14,1,False,0,pistol,,,,,,,307.3205282676961,4752.492111206055
2374363,476,-1226.399999999999,3013,55,6,True,6,machinegun,,,,,,,150.08719591680062,4772.567550420761
2377322,477,-750.6999999999917,2959,53,6,False,0,pistol,,,,,,,199.27982668182813,4787.416424512863
2381052,478,-430.45000000000385,3730,64,6,False,0,pistol,,,,,,,165.50068484192147,4809.954529762268
2384071,479,-494.95000000000147,3019,53,5,False,0,pistol,,,,,,,145.1495468367986,4830.754173755646
2386888,480,-516.7500000000001,2817,54,6,False,0,pistol,,,,,,,188.1037636165568,4845.730353593826
2387715,481,-410.50000000000125,827,11,2,False,0,pistol,,,,,,,291.2596160805826,4848.570196628571
2389886,482,-373.1500000000021,2171,36,4,False,0,pistol,,,,,,,179.4658435447535,4860.667596578598
2391899,483,-457.8000000000026,2013,34,3,False,0,pistol,,,,,,,173.28732836760713,4872.284576654434
2394844,484,-1031.4999999999939,2945,55,6,False,0,pistol,,,,,,,145.3722243703098,4892.543318033218
2396777,485,-532.8500000000004,1933,33,4,True,50,machinegun,,,,,,,170.88072166404262,4903.8557550907135
2400977,486,-989.6500000000035,4200,73,8,False,0,pistol,,,,,,,178.41695567045676,4927.39662528038
2402424,487,-178.5000000000005,1447,22,3,False,0,pistol,,,,,,,154.77944103046508,4936.7458827495575
2403226,488,-395.05000000000075,802,11,2,False,0,pistol,,,,,,,301.0597769576084,4939.410285234451
2405468,489,-619.2999999999959,2242,39,4,False,0,pistol,,,,,,,174.66679599403642,4952.246542215347
2406934,490,-244.14999999999955,1466,23,3,False,0,pistol,,,,,,,146.94532099985292,4962.223481178284
2407552,491,-238.59999999999965,618,8,1,False,0,pistol,,,,,,,280.84063586774806,4964.4245018959045
2408345,492,-269.29999999999967,793,12,2,False,0,pistol,,,,,,,275.01033511975345,4967.308413982391
2412135,493,-713.0999999999989,3790,67,7,True,54,machinegun,,,,,,,163.93691343939793,4990.427449464798
2412735,494,-265.8999999999997,600,9,1,False,0,pistol,,,,,,,75.9387620181264,4998.328948974609
2414839,495,-247.85000000000335,2104,36,4,False,0,pistol,,,,,,,157.37467268059126,5011.6989068984985
2416259,496,-466.1500000000013,1420,22,3,False,0,pistol,,,,,,,268.567866767079,5016.986797094345
2417112,497,-227.1999999999997,853,13,1,False,0,pistol,,,,,,,102.63735723145517,5025.29807639122
2418234,498,-50.2499999999994,1122,17,2,False,0,pistol,,,,,,,237.37421488478722,5030.025305986404
2419818,499,-132.9500000000018,1584,24,3,False,0,pistol,,,,,,,142.92717900361276,5041.108330011368
2420354,500,-235.59999999999994,536,8,1,True,57,machinegun,,,,,,,268.5200678757163,5043.105024337769
2421768,501,-420.5500000000017,1414,23,3,False,0,pistol,,,,,,,132.60789590323765,5053.768465280533
2422927,502,-159.90000000000083,1159,17,2,False,0,pistol,,,,,,,118.21813066750855,5063.573019981384
2424493,503,-640.3500000000007,1566,27,3,False,0,pistol,,,,,,,246.42164780397138,5069.928453207016
2426584,504,-548.5500000000021,2091,35,4,False,0,pistol,,,,,,,155.1919735451193,5083.402589559555
2429456,505,-731.8999999999991,2872,50,5,True,45,machinegun,,,,,,,123.42812916034423,5106.671747207642
2431539,506,-580.0999999999956,2083,36,4,False,0,pistol,,,,,,,135.97417330660022,5121.991291761398
2434020,507,-753.74999999999,2481,42,5,True,65,machinegun,,,,,,,141.88882076136994,5139.477370262146
2435030,508,-119.80000000000067,1010,14,2,False,0,pistol,,,,,,,220.1704974497625,5144.065232038498
2436441,509,-229.30000000000044,1411,24,3,True,49,machinegun,,,,,,,111.81364281217814,5156.684855699539
2438147,510,-457.0000000000009,1706,27,3,False,0,pistol,,,,,,,120.77642277815613,5170.810804605484
2439133,511,-390.14999999999986,986,15,1,False,0,pistol,,,,,,,224.30350407534752,5175.207093715668
2440083,512,-424.9000000000002,950,13,2,False,0,pistol,,,,,,,86.30790899863959,5186.214619398117
2440461,513,-253.80000000000024,378,6,1,True,30,machinegun,,,,,,,222.58893740162694,5187.913435220718
2441569,514,-336.6000000000013,1108,18,2,True,25,machinegun,,,,,,,98.13010385772404,5199.205103397369
2442279,515,-240.1999999999997,710,11,2,False,0,pistol,,,,,,,218.9491168823301,5202.448343992233
2442837,516,-107.55000000000025,558,6,1,False,0,pistol,,,,,,,220.31250801312976,5204.981542110443
2443789,517,-450.85000000000076,952,14,2,True,27,machinegun,,,,,,,89.29157231049322,5215.643776893616
2445380,518,-512.7499999999961,1591,26,3,False,0,pistol,,,,,,,118.1206063510297,5229.113588094711
2446730,519,-710.9999999999995,1350,22,3,True,9,machinegun,,,,,,,225.2621333430191,5235.107220888138
2447179,520,-114.49999999999983,449,6,1,False,0,pistol,,,,,,,228.0261851263978,5237.076701879501
2448745,521,-520.1999999999999,1566,24,3,True,47,machinegun,,,,,,,115.48520326287348,5250.637297868729
2449415,522,-352.20000000000044,670,9,1,False,0,pistol,,,,,,,73.45289829720389,5259.759207010269
2450348,523,-236.2999999999999,933,14,2,True,41,machinegun,,,,,,,225.26937424182933,5263.901400566101
2451666,524,-479.2000000000004,1318,21,3,True,39,machinegun,,,,,,,81.61975093991067,5280.049854040146
2452558,525,-193.59999999999962,892,12,2,False,0,pistol,,,,,,,167.557423515397,5285.374121427536
2454252,526,-553.7500000000023,1694,27,3,False,0,pistol,,,,,,,95.84995221296784,5303.048140287399
2455565,527,-520.399999999999,1313,21,3,False,0,pistol,,,,,,,108.0182845218264,5315.204037189484
2457531,528,-489.3999999999968,1966,32,4,True,84,machinegun,,,,,,,226.15895784569017,5323.8977200984955
2459523,529,-310.40000000000214,1992,32,4,True,28,machinegun,,,,,,,132.98773353204592,5338.877061367035
2461749,530,-706.0999999999984,2226,38,4,False,0,pistol,,,,,,,97.36241007579673,5361.7404997348785
2464554,531,-569.050000000002,2805,48,5,True,59,machinegun,,,,,,,148.9518735843269,5380.572623729706
2465587,532,-299.0500000000002,1033,15,2,False,0,pistol,,,,,,,218.859711731806,5385.293189764023
2467727,533,-149.20000000000118,2140,36,3,True,24,machinegun,,,,,,,132.86102570698995,5401.400632858276
2470252,534,-793.4000000000035,2525,44,5,False,0,pistol,,,,,,,102.72200344605919,5425.982177257538
2472936,535,54.24999999999854,2684,42,5,True,50,machinegun,,,,,,,143.69349464020962,5444.661270856857
2474385,536,-364.55000000000155,1449,23,3,False,0,pistol,,,,,,,110.32289054762339,5457.795917510986
2476666,537,-337.9500000000033,2281,37,4,True,49,machinegun,,,,,,,137.01089640489457,5474.444779157639
2478334,538,-477.5000000000006,1668,28,3,False,0,pistol,,,,,,,119.34723228970411,5488.42143368721
2481565,539,-317.25000000000324,3231,61,7,False,0,pistol,,,,,,,141.01875557880282,5511.333957910538
2482282,540,-162.50000000000037,717,10,1,True,50,machinegun,,,,,,,62.25971801691812,5522.850744724274
2484185,541,-204.6500000000007,1903,33,4,False,0,pistol,,,,,,,180.33279905145085,5533.404101133347
2486613,542,-581.5000000000034,2428,45,5,False,0,pistol,,,,,,,85.1291272414851,5561.92591381073
2487648,543,-455.70000000000067,1035,14,2,False,0,pistol,,,,,,,219.06614972136728,5566.651080369949
2488379,544,-138.80000000000055,731,10,2,False,0,pistol,,,,,,,76.5365217682174,5576.2026014328
2491128,545,-311.20000000000044,2749,47,4,False,0,pistol,,,,,,,141.03560223272393,5595.694777727127
2491715,546,-265.1000000000008,587,10,1,False,0,pistol,,,,,,,218.07526577424377,5598.386991739273
2493087,547,-350.55000000000086,1372,22,3,False,0,pistol,,,,,,,91.42670108265598,5613.394007205963
2493608,548,-275.4999999999998,521,8,1,False,0,pistol,,,,,,,169.8269157372708,5616.4625906944275
2494189,549,-319.5499999999999,581,7,1,False,0,pistol,,,,,,,202.43314663014675,5619.333203792572
2496804,550,-909.9999999999961,2615,48,5,True,42,machinegun,,,,,,,98.29183156991935,5645.9381539821625
2497066,551,-176.09999999999997,262,3,1,False,0,pistol,,,,,,,227.27017269848415,5647.091414690018
2497500,552,-173.79999999999987,434,7,1,False,0,pistol,,,,,,,228.78989886040424,5648.988792657852
2499663,553,-401.50000000000085,2163,40,5,True,49,machinegun,,,,,,,127.39556777347002,5665.967901945114
2500757,554,-326.7500000000005,1094,16,2,False,0,pistol,,,,,,,93.78544585682695,5677.633335590363
2503036,555,-320.8500000000004,2279,40,4,True,49,machinegun,,,,,,,130.37995539663422,5695.113560438156
2505822,556,-639.9500000000006,2786,48,4,True,65,machinegun,,,,,,,101.57555385142555,5722.543553829193
2508116,557,-644.4499999999913,2294,38,2,False,0,pistol,,,,,,,110.44546277018694,5743.3146097660065
2508684,558,-254.99999999999991,568,8,1,False,0,pistol,,,,,,,213.31540444973004,5745.977924108505
2510637,559,-414.25000000000256,1953,33,4,False,0,pistol,,,,,,,127.61407233984394,5761.282510042191
2513051,560,-1284.7999999999975,2414,43,5,False,0,pistol,,,,,,,102.28628321834239,5784.8835570812225
2515709,561,-792.8000000000038,2658,47,5,False,0,pistol,,,,,,,146.31400172204528,5803.050473451614
2517441,562,-755.85,1732,28,2,False,0,pistol,,,,,,,136.60621286127324,5815.729732036591
2517865,563,-241.8499999999998,424,5,1,False,0,pistol,,,,,,,236.2883305471163,5817.524650335312
2518957,564,-486.900000000001,1092,16,2,False,0,pistol,,,,,,,216.3237519530953,5822.573097229004
2521286,565,-757.4999999999951,2329,40,4,False,0,pistol,,,,,,,100.89129421003213,5845.657763242722
2522357,566,-325.09999999999985,1071,18,2,False,0,pistol,,,,,,,221.98827026541935,5850.482843875885
2524923,567,-684.0499999999994,2566,47,5,False,0,pistol,,,,,,,137.78419201798118,5869.106711626053
2526606,568,-434.650000000002,1683,30,3,False,0,pistol,,,,,,,124.44445691805215,5882.631330728531
2527729,569,-316.2,1123,18,2,False,0,pistol,,,,,,,98.44959642215755,5894.038738965988
2528630,570,-246.9,901,14,2,False,0,pistol,,,,,,,227.43577922406976,5898.000948429108
2529130,571,-245.04999999999973,500,6,1,False,0,pistol,,,,,,,228.3987921988461,5900.190672159195
2532006,572,-708.6499999999974,2876,51,6,False,0,pistol,,,,,,,115.13432204882584,5925.170641899109
2532863,573,-239.49999999999966,857,11,2,False,0,pistol,,,,,,,225.26861807800015,5928.975480794907
2534541,574,-240.60000000000082,1678,29,3,False,0,pistol,,,,,,,120.02564406384822,5942.956249952316
2535787,575,-529.3499999999985,1246,19,2,False,0,pistol,,,,,,,102.91382544630363,5955.06397485733
2536712,576,-406.3000000000003,925,14,2,True,17,machinegun,,,,,,,225.01662222473806,5959.175392150879
2539384,577,-301.05000000000274,2672,51,6,True,63,machinegun,,,,,,,147.93230915451835,5977.2381319999695
2540087,578,-327.95000000000016,703,10,2,False,0,pistol,,,,,,,74.15464467384483,5986.718894958496
2540637,579,-246.99999999999974,550,6,1,False,0,pistol,,,,,,,232.90340141329114,5989.080940961838
2541777,580,-148.20000000000078,1140,18,2,False,0,pistol,,,,,,,101.37855908433544,6000.3264417648315
2543647,581,-361.6000000000007,1870,31,4,False,0,pistol,,,,,,,123.20467140945615,6015.504892349243
2547738,582,-1185.0499999999943,4091,84,9,False,0,pistol,,,,,,,129.0585876456657,6047.204145431519
2548945,583,-412.40000000000055,1207,19,2,False,0,pistol,,,,,,,225.8990314612773,6052.547778367996
2550696,584,-405.6000000000034,1751,31,2,False,0,pistol,,,,,,,125.34079056199276,6066.518255233765
2551117,585,-196.29999999999984,421,5,1,False,0,pistol,,,,,,,254.30208772879314,6068.1742923259735
2551898,586,-439.30000000000007,781,12,2,False,0,pistol,,,,,,,88.63982112230751,6076.985669136047
2552631,587,-402.75000000000074,733,12,1,False,0,pistol,,,,,,,237.98082916730914,6080.066233634949
2553052,588,-272.5999999999999,421,4,1,False,0,pistol,,,,,,,234.54022424081668,6081.861809015274
2553656,589,-107.6999999999998,604,9,1,False,0,pistol,,,,,,,254.23404335816272,6084.238207101822
2554239,590,-116.25000000000041,583,7,1,False,0,pistol,,,,,,,71.36127946056216,6092.408403635025
2555732,591,-506.2500000000015,1493,24,2,False,0,pistol,,,,,,,230.9516105142965,6098.873407840729
2556282,592,-226.0,550,9,1,True,48,machinegun,,,,,,,50.44024051868409,6109.777874708176
2559105,593,-426.0500000000022,2823,55,5,True,15,machinegun,,,,,,,138.26867515514957,6130.195217370987
2559806,594,-280.2999999999999,701,10,1,False,0,pistol,,,,,,,187.7876559900937,6133.9287621974945
2562616,595,-627.5999999999932,2810,54,6,False,0,pistol,,,,,,,112.69235339650865,6158.864518165588
2564622,596,-767.9500000000025,2006,36,4,False,0,pistol,,,,,,,133.54927115676762,6173.885793685913
2565926,597,-191.55000000000103,1304,20,3,False,0,pistol,,,,,,,227.6791551842706,6179.613851547241
2568951,598,-665.7499999999968,3025,59,6,False,0,pistol,,,,,,,114.53216304877445,6206.026145219803
2570149,599,-244.00000000000125,1198,19,2,False,0,pistol,,,,,,,222.34372011639206,6211.414769411087
2570474,600,-200.19999999999982,325,4,1,False,0,pistol,,,,,,,43.666263943009284,6218.858070611954
2572209,601,-571.5499999999997,1735,27,3,False,0,pistol,,,,,,,228.7199348694587,6226.444301605225
2573899,602,-549.4500000000015,1690,27,3,False,0,pistol,,,,,,,129.06342890885483,6239.539154052734
2575258,603,-364.8000000000019,1359,18,2,False,0,pistol,,,,,,,114.8317330857936,6251.374317884445
2577032,604,-519.3499999999998,1774,30,3,True,50,machinegun,,,,,,,118.99265460135261,6266.283314943314
2580347,605,-463.4500000000052,3315,62,7,False,0,pistol,,,,,,,146.06894299066946,6288.97863817215
2582100,606,-544.0499999999973,1753,29,3,False,0,pistol,,,,,,,102.28674263224214,6306.117369413376
2585120,607,-870.2999999999985,3020,57,6,False,0,pistol,,,,,,,114.6874343657036,6332.450271129608
2587439,608,-374.2000000000025,2319,42,4,False,0,pistol,,,,,,,149.27941110318102,6347.985357284546
2588760,609,-354.80000000000064,1321,21,2,False,0,pistol,,,,,,,112.16823021046065,6359.762835741043
2590446,610,-487.10000000000093,1686,27,3,False,0,pistol,,,,,,,228.71878007017398,6367.134979963303
2591754,611,-363.2000000000024,1308,20,3,False,0,pistol,,,,,,,113.31525155454639,6378.678483724594
2592820,612,-257.8500000000011,1066,14,2,False,0,pistol,,,,,,,98.98683782862616,6389.44812130928
2593829,613,-92.00000000000021,1009,17,1,True,106,machinegun,,,,,,,243.89357267185827,6393.585603713989
2595027,614,-158.40000000000043,1198,16,2,False,0,pistol,,,,,,,95.11100453997821,6406.1819460392
2598824,615,-967.2000000000014,3797,84,9,True,57,machinegun,,,,,,,145.61641498451823,6432.257975816727
2600441,616,-243.40000000000285,1617,28,3,False,0,pistol,,,,,,,117.53638912933515,6446.01601600647
2602009,617,-69.6000000000022,1568,23,3,False,0,pistol,,,,,,,108.39816902197741,6460.481672525406
2603868,618,-170.64999999999972,1859,30,4,False,0,pistol,,,,,,,123.22815350591277,6475.568029165268
2606285,619,-410.60000000000326,2417,43,5,False,0,pistol,,,,,,,148.63897044151727,6491.829521656036
2606827,620,-322.7500000000006,542,8,1,False,0,pistol,,,,,,,253.12527375913027,6493.971240520477
2609827,621,-700.7,3000,57,6,False,0,pistol,,,,,,,117.11856602312373,6519.586709022522
2613422,622,-415.6000000000033,3595,71,8,True,131,machinegun,,,,,,,109.66510385615405,6552.368816137314
2613882,623,-419.6500000000003,460,7,1,False,0,pistol,,,,,,,221.95906518525217,6554.44176530838
2615661,624,-621.4500000000031,1779,27,3,False,0,pistol,,,,,,,123.43727406698834,6568.854572057724
2616410,625,-260.0,749,10,1,False,0,pistol,,,,,,,213.55851188940187,6572.362523555756
2616829,626,-260.49999999999983,419,5,1,False,0,pistol,,,,,,,219.03817571778265,6574.276064872742
2618058,627,-85.5500000000016,1229,20,2,False,0,pistol,,,,,,,109.93578106032075,6585.456009626389
2618919,628,-252.39999999999964,861,11,2,False,0,pistol,,,,,,,234.8841099570869,6589.122277736664
2619498,629,-197.79999999999984,579,8,1,False,0,pistol,,,,,,,66.5713063351845,6597.8203365802765
2620368,630,-84.95000000000073,870,12,2,False,0,pistol,,,,,,,214.08474343585104,6601.884582519531
2622913,631,-521.6499999999935,2545,41,5,False,0,pistol,,,,,,,140.70259505874327,6619.972927570343
2626592,632,-820.5500000000002,3679,78,7,True,14,machinegun,,,,,,,118.36651742818222,6651.055009365082
2628812,633,-581.1499999999984,2220,40,4,False,0,pistol,,,,,,,157.99635877323345,6665.106559038162
2632960,634,-117.30000000000402,4148,77,8,True,47,machinegun,,,,,,,139.33649338867815,6694.876674890518
2635562,635,-691.0999999999976,2602,47,5,False,0,pistol,,,,,,,166.82072791885284,6710.474909543991
2637459,636,-244.7000000000001,1897,30,4,False,0,pistol,,,,,,,139.1686297754286,6724.106294870377
2639101,637,-481.3499999999966,1642,27,2,True,5,machinegun,,,,,,,129.65848463912357,6736.771003007889
2639498,638,-300.3000000000003,397,5,1,False,0,pistol,,,,,,,251.37215695728855,6738.3508150577545
2641363,639,-155.20000000000226,1865,33,4,False,0,pistol,,,,,,,134.60240825864884,6752.206877946854
2642621,640,-357.59999999999854,1258,20,3,False,0,pistol,,,,,,,104.08163541788699,6764.294226884842
2642969,641,-122.54999999999993,348,5,1,False,0,pistol,,,,,,,201.27140199349475,6766.023817062378
2645835,642,-1049.9999999999907,2866,57,6,True,153,machinegun,,,,,,,155.70548878747584,6784.43092751503
2647164,643,-195.6999999999995,1329,22,3,False,0,pistol,,,,,,,113.68472488483472,6796.12175655365
2651293,644,-1325.4999999999886,4129,86,9,False,0,pistol,,,,,,,144.3387809378523,6824.728645086288
2655361,645,-620.9999999999962,4068,79,8,True,41,machinegun,,,,,,,152.21890930834854,6851.453827857971
