timestep,episode,episode_reward,episode_length,zombies_killed,wave,has_machinegun,mg_ammo,weapon,policy_loss,value_loss,entropy_loss,total_loss,clip_fraction,approx_kl,fps,elapsed_time
302312,1,227.449999999999,1256,18,2,False,0,pistol,,,,,,,115.69931941148212,10.855728149414062
303945,2,-356.4000000000011,1633,26,3,False,0,pistol,,,,,,,83.69312455319637,30.39654278755188
304996,3,9.849999999999437,1051,15,1,False,0,pistol,,,,,,,162.7196693672837,36.85596013069153
306212,4,-246.8000000000005,1216,20,3,False,0,pistol,,,,,,,66.01104559212051,55.27771043777466
308047,5,330.85000000000065,1835,28,3,False,0,pistol,,,,,,,82.36167535437023,77.5582320690155
309578,6,483.6500000000083,1531,24,3,False,0,pistol,,,,,,,75.61171117121603,97.83467483520508
311046,7,498.65000000000185,1468,22,3,False,0,pistol,,,,,,,133.01083623724767,108.90199041366577
313180,8,718.6499999999985,2134,35,3,False,0,pistol,,,,,,,86.98339567714723,133.47090792655945
313913,9,-27.000000000000306,733,11,1,True,40,machinegun,,,,,,,51.464152554425276,147.74289631843567
317687,10,1245.3000000000063,3774,71,7,True,124,machinegun,,,,,,,89.31175591971594,189.9999406337738
320370,11,1843.6000000000001,2683,51,5,False,0,pistol,,,,,,,101.64922942158913,216.42646384239197
324488,12,1959.6999999999605,4118,77,8,False,0,pistol,,,,,,,90.28286193138429,262.06940746307373
325593,13,719.7499999999993,1105,19,2,False,0,pistol,,,,,,,148.39816097556962,269.5440466403961
327062,14,373.00000000000006,1469,25,3,False,0,pistol,,,,,,,80.42642220212812,287.8096899986267
330507,15,1709.500000000026,3445,62,7,True,46,machinegun,,,,,,,94.20102435283569,324.3809394836426
332603,16,1131.050000000004,2096,33,4,False,0,pistol,,,,,,,102.78040603262257,344.7744343280792
334205,17,1092.200000000003,1602,25,3,False,0,pistol,,,,,,,90.33190174533746,362.509548664093
335548,18,188.60000000000088,1343,21,3,False,0,pistol,,,,,,,145.74847007388527,371.7246172428131
336399,19,151.75000000000065,851,14,2,False,0,pistol,,,,,,,67.82400025872803,384.2722475528717
338623,20,765.349999999985,2224,40,4,False,0,pistol,,,,,,,104.1190464781489,405.6331157684326
341127,21,1596.5500000000002,2504,43,5,False,0,pistol,,,,,,,106.50102047947792,429.14533710479736
342706,22,363.65000000000026,1579,25,3,False,0,pistol,,,,,,,84.88002998917366,447.7486617565155
345040,23,1805.3999999999876,2334,40,5,False,0,pistol,,,,,,,105.46798011926198,469.8790762424469
346366,24,253.40000000000055,1326,21,3,False,0,pistol,,,,,,,91.68771885093327,484.3416714668274
348941,25,1441.5999999999974,2575,46,5,False,0,pistol,,,,,,,112.28647189008832,507.274542093277
352066,26,1721.9500000000012,3125,63,7,True,43,machinegun,,,,,,,112.62479415699076,535.0220079421997
355204,27,1299.7000000000094,3138,59,6,False,0,pistol,,,,,,,88.26336991399319,570.5752789974213
357155,28,888.0000000000011,1951,35,4,False,0,pistol,,,,,,,85.65226930461543,593.3540470600128
360282,29,1364.950000000017,3127,60,7,False,0,pistol,,,,,,,110.79965960222621,621.57670545578
361262,30,337.149999999999,980,17,2,False,0,pistol,,,,,,,64.67227353407779,636.730696439743
364060,31,1166.899999999997,2798,51,6,False,0,pistol,,,,,,,101.24185550082287,664.3681733608246
367606,32,2285.1499999999983,3546,64,2,False,0,pistol,,,,,,,92.41767069870211,702.7380442619324
369387,33,1107.7000000000091,1781,30,4,False,0,pistol,,,,,,,93.92160508543873,721.7269446849823
370417,34,410.59999999999843,1030,14,1,False,0,pistol,,,,,,,151.48473326394236,728.5268256664276
372999,35,1346.5000000000102,2582,46,5,False,0,pistol,,,,,,,90.28863826749749,757.1245024204254
374123,36,326.549999999996,1124,15,2,False,0,pistol,,,,,,,169.7292958257712,763.747255563736
376878,37,1499.00000000001,2755,50,6,False,0,pistol,,,,,,,97.1572880484405,792.1038475036621
380836,38,2253.499999999991,3958,92,10,True,88,machinegun,,,,,,,133.254637012759,821.8068673610687
382217,39,650.2500000000076,1381,24,3,False,0,pistol,,,,,,,93.45950150910164,836.5838069915771
383795,40,632.5500000000001,1578,28,3,True,54,machinegun,,,,,,,101.49745845820625,852.1314787864685
387721,41,1733.449999999988,3926,76,8,False,0,pistol,,,,,,,97.34167934597852,892.4641358852386
388502,42,-175.24999999999943,781,10,2,False,0,pistol,,,,,,,174.97131790961993,896.9282972812653
389260,43,202.15000000000077,758,11,2,False,0,pistol,,,,,,,68.17137769662838,908.0478701591492
390661,44,599.7000000000019,1401,23,3,False,0,pistol,,,,,,,157.08431372134933,916.9670400619507
392436,45,582.4000000000033,1775,29,3,True,49,machinegun,,,,,,,98.55616192653478,934.9775154590607
395135,46,1317.6000000000026,2699,49,5,False,0,pistol,,,,,,,108.30162269995321,959.8992006778717
398733,47,2043.6499999999899,3598,68,7,False,0,pistol,,,,,,,90.33246911427572,999.73042345047
400773,48,592.5999999999999,2040,34,4,False,0,pistol,,,,,,,93.54385172851867,1021.5389614105225
403221,49,722.9000000000065,2448,44,5,False,0,pistol,,,,,,,86.28223204314445,1049.9115087985992
404519,50,89.65000000000126,1298,22,3,False,0,pistol,,,,,,,57.62499581774202,1072.4371752738953
407522,51,1749.900000000004,3003,54,6,False,0,pistol,,,,,,,99.06398408111014,1102.7514588832855
408466,52,3.7000000000002764,944,15,2,False,0,pistol,,,,,,,57.028314003270644,1119.3054184913635
411383,53,1845.1999999999907,2917,55,6,False,0,pistol,,,,,,,85.24466784351665,1153.525357723236
412726,54,528.7499999999927,1343,22,3,False,0,pistol,,,,,,,56.72553887673257,1177.2016425132751
415607,55,1469.1999999999966,2881,52,6,False,0,pistol,,,,,,,81.47007736205171,1212.56502699852
417871,56,1203.6999999999985,2264,38,4,False,0,pistol,,,,,,,73.67609778589534,1243.2947387695312
421619,57,1830.0000000000032,3748,84,9,False,0,pistol,,,,,,,115.79102290827618,1275.6639013290405
425848,58,729.8000000000158,4229,84,8,False,0,pistol,,,,,,,99.05201202517007,1318.3592586517334
429425,59,1064.099999999995,3577,79,8,True,49,machinegun,,,,,,,93.53209313965297,1356.6034562587738
431215,60,748.6999999999998,1790,32,4,True,34,machinegun,,,,,,,94.36843746427154,1375.5722143650055
432269,61,239.59999999999627,1054,16,2,True,50,machinegun,,,,,,,74.52369505799007,1389.7160403728485
434149,62,-140.39999999999935,1880,31,4,True,80,machinegun,,,,,,,149.45325481613077,1402.2958543300629
435732,63,418.64999999999395,1583,25,3,False,0,pistol,,,,,,,88.7838693545727,1420.1262454986572
437238,64,150.29999999999956,1506,24,2,False,0,pistol,,,,,,,87.21749768663726,1437.3940844535828
439039,65,685.4000000000073,1801,29,3,False,0,pistol,,,,,,,89.46505209697864,1457.525396347046
440629,66,315.5999999999988,1590,24,3,False,0,pistol,,,,,,,88.01439811115195,1475.591204881668
443388,67,1474.050000000005,2759,52,6,True,50,machinegun,,,,,,,100.02177900379141,1503.175709247589
446159,68,1392.6000000000158,2771,52,6,False,0,pistol,,,,,,,114.29789231695104,1527.419934272766
449748,69,2169.2999999999906,3589,75,8,False,0,pistol,,,,,,,90.37478455748958,1567.132865190506
450517,70,295.94999999999965,769,13,1,False,0,pistol,,,,,,,143.11626165968408,1572.5066866874695
452459,71,845.0999999999984,1942,36,4,True,47,machinegun,,,,,,,91.21939914234034,1593.7965049743652
454964,72,863.9500000000089,2505,44,5,True,22,machinegun,,,,,,,47.101444053667755,1646.9805088043213
456673,73,373.85000000000394,1709,29,3,False,0,pistol,,,,,,,95.40606096066796,1664.8941168785095
458280,74,474.19999999999993,1607,26,3,False,0,pistol,,,,,,,54.38434049058061,1694.443832397461
459057,75,-37.249999999999446,777,12,2,False,0,pistol,,,,,,,38.14523688572705,1714.8139696121216
459735,76,-28.14999999999966,678,9,1,False,0,pistol,,,,,,,100.14514325631143,1721.5848405361176
460402,77,71.69999999999965,667,10,2,False,0,pistol,,,,,,,99.72058098415019,1728.2741539478302
461663,78,562.5500000000027,1261,22,3,False,0,pistol,,,,,,,48.344386105867166,1754.358474969864
463737,79,813.4500000000035,2074,40,4,True,30,machinegun,,,,,,,61.14558777912962,1788.2783856391907
466231,80,885.4500000000082,2494,47,5,True,48,machinegun,,,,,,,65.71294978720861,1826.2321984767914
469329,81,1779.1000000000188,3098,57,6,False,0,pistol,,,,,,,53.86299258677772,1883.749382019043
471832,82,944.9500000000007,2503,43,5,False,0,pistol,,,,,,,65.45389089847426,1921.990629196167
473622,83,456.74999999999807,1790,27,3,False,0,pistol,,,,,,,58.68542485615657,1952.4931318759918
474733,84,87.34999999999971,1111,17,2,False,0,pistol,,,,,,,93.30763492915673,1964.400672197342
475787,85,177.59999999999818,1054,14,2,False,0,pistol,,,,,,,46.55519026026887,1987.041209936142
476759,86,79.65000000000005,972,14,2,False,0,pistol,,,,,,,89.96849050989324,1997.845660686493
478136,87,450.9500000000028,1377,18,1,False,0,pistol,,,,,,,51.67400212892476,2024.4943375587463
478688,88,130.04999999999885,552,7,1,False,0,pistol,,,,,,,99.40132700492327,2030.0484132766724
480076,89,-118.24999999999977,1388,22,3,False,0,pistol,,,,,,,52.539600168507384,2056.4672486782074
481498,90,250.34999999999826,1422,22,3,False,0,pistol,,,,,,,69.81461778708005,2076.8361008167267
482477,91,181.54999999999973,979,14,2,False,0,pistol,,,,,,,136.68563104811798,2083.999081850052
484236,92,215.89999999999662,1759,29,3,False,0,pistol,,,,,,,78.92475250075236,2106.2867379188538
485296,93,551.6500000000008,1060,17,2,False,0,pistol,,,,,,,121.05127087624629,2115.0438752174377
487515,94,625.2999999999977,2219,41,5,False,0,pistol,,,,,,,58.22760709471913,2153.1536977291107
489450,95,366.2499999999956,1935,31,4,False,0,pistol,,,,,,,118.83291242415487,2169.437675476074
490054,96,15.600000000000122,604,10,2,False,0,pistol,,,,,,,42.95766083177117,2183.4986851215363
490809,97,-91.40000000000016,755,10,2,False,0,pistol,,,,,,,118.77821395602778,2189.8556640148163
491997,98,527.1999999999991,1188,19,1,False,0,pistol,,,,,,,62.97008896443643,2208.7222781181335
493073,99,431.2000000000007,1076,16,2,False,0,pistol,,,,,,,121.78177842471585,2217.558520555496
494124,100,5.999999999999886,1051,17,1,False,0,pistol,,,,,,,57.57225515299621,2235.814352989197
495189,101,-406.69999999999953,1065,16,2,False,0,pistol,,,,,,,115.82853637388916,2245.009530067444
497261,102,-22.800000000004104,2072,35,3,False,0,pistol,,,,,,,78.2237701002244,2271.498188972473
498092,103,99.60000000000014,831,11,2,False,0,pistol,,,,,,,51.15596600223107,2287.7433116436005
499271,104,-31.250000000000398,1179,18,2,False,0,pistol,,,,,,,122.10096735648709,2297.399901866913
500538,105,132.89999999999776,1267,19,2,False,0,pistol,,,,,,,65.00355572117259,2316.8916578292847
501367,106,269.4499999999981,829,11,2,False,0,pistol,,,,,,,107.08367124603085,2324.63414144516
502328,107,266.84999999999883,961,12,2,False,0,pistol,,,,,,,66.57535886325232,2339.069436311722
503362,108,239.6500000000004,1034,16,2,False,0,pistol,,,,,,,121.49360881941377,2347.5808067321777
504592,109,172.74999999999935,1230,18,2,True,35,machinegun,,,,,,,65.18466278256255,2366.450778722763
505975,110,125.70000000000036,1383,21,3,False,0,pistol,,,,,,,73.93865556266765,2385.156032562256
507776,111,870.5500000000006,1801,32,4,False,0,pistol,,,,,,,126.80101563800659,2399.359890937805
509636,112,613.5000000000028,1860,30,4,False,0,pistol,,,,,,,75.67571124681481,2423.9393167495728
510503,113,231.34999999999982,867,13,2,False,0,pistol,,,,,,,44.841201317912436,2443.2749140262604
511478,114,192.20000000000033,975,13,2,False,0,pistol,,,,,,,136.3623522802405,2450.4255826473236
513089,115,168.75000000000242,1611,25,3,False,0,pistol,,,,,,,65.32159130377687,2475.088716983795
515047,116,911.0000000000015,1958,32,2,False,0,pistol,,,,,,,74.99361312390543,2501.198163509369
516333,117,-316.3500000000006,1286,22,3,False,0,pistol,,,,,,,59.77496811429097,2522.7129530906677
517331,118,59.800000000000146,998,18,1,False,0,pistol,,,,,,,87.015770461644,2534.1830401420593
518881,119,880.4500000000047,1550,27,2,False,0,pistol,,,,,,,72.21081867073569,2555.6485245227814
521687,120,1273.1499999999983,2806,55,6,False,0,pistol,,,,,,,81.71231347489727,2589.9890208244324
524249,121,1169.0000000000052,2562,49,5,False,0,pistol,,,,,,,70.15131136903254,2626.511071205139
526948,122,469.3500000000049,2699,49,5,False,0,pistol,,,,,,,67.39570531571279,2666.558781862259
531652,123,1049.5500000000156,4704,122,13,True,204,machinegun,,,,,,,74.6885915054817,2729.540956258774
535761,124,1803.6999999999928,4109,104,11,True,132,machinegun,,,,,,,85.79159675891219,2777.4368357658386
540170,125,943.8000000000143,4409,91,10,False,0,pistol,,,,,,,88.96983964132802,2826.993499279022
543924,126,1661.2000000000069,3754,78,7,True,50,pistol,,,,,,,81.59812973854201,2873.0001969337463
545749,127,77.19999999999729,1825,30,4,False,0,pistol,,,,,,,71.40367593161724,2898.559779405594
548100,128,1219.649999999999,2351,40,5,False,0,pistol,,,,,,,69.02779561257933,2932.619388818741
549112,129,-14.699999999999825,1012,16,2,False,0,pistol,,,,,,,64.53194969821921,2948.302336215973
550878,130,302.85000000000065,1766,29,3,False,0,pistol,,,,,,,126.8812565962824,2962.22149848938
554034,131,1361.0499999999986,3156,63,7,False,0,pistol,,,,,,,68.78778999660952,3008.1024765968323
556744,132,1646.4500000000046,2710,50,6,False,0,pistol,,,,,,,93.84243319393754,3036.9814376831055
558166,133,450.59999999999775,1422,24,3,False,0,pistol,,,,,,,83.38751531123361,3054.0349831581116
559554,134,-69.25000000000065,1388,21,3,False,0,pistol,,,,,,,79.97220019085815,3071.3915514945984
561334,135,46.59999999999876,1780,31,4,True,49,machinegun,,,,,,,91.0750846430937,3090.9364042282104
563603,136,741.4500000000037,2269,39,4,False,0,pistol,,,,,,,101.0792464094918,3113.3847229480743
565225,137,239.05000000000035,1622,25,3,False,0,pistol,,,,,,,150.16785795247233,3124.1864795684814
568605,138,359.49999999999784,3380,65,7,False,0,pistol,,,,,,,90.89536296840805,3161.37264752388
570893,139,-574.9999999999969,2288,39,3,False,0,pistol,,,,,,,102.70597821214471,3183.650458574295
572784,140,220.349999999999,1891,31,4,False,0,pistol,,,,,,,95.57724302966442,3203.4360671043396
573855,141,39.299999999999685,1071,16,2,False,0,pistol,,,,,,,70.3018883338418,3218.6709036827087
575748,142,18.99999999999958,1893,29,3,False,0,pistol,,,,,,,96.16246588515709,3238.3568189144135
576988,143,190.69999999999953,1240,18,2,False,0,pistol,,,,,,,152.92539775860575,3246.465831518173
578130,144,0.4500000000003652,1142,15,2,False,0,pistol,,,,,,,76.6307454398909,3261.3690192699432
579695,145,48.05000000000151,1565,23,3,False,0,pistol,,,,,,,87.84097714931946,3279.185896396637
581036,146,138.25000000000037,1341,22,3,False,0,pistol,,,,,,,152.969906638658,3287.9527838230133
582960,147,-257.44999999999965,1924,30,4,False,0,pistol,,,,,,,96.90082706066224,3307.8087022304535
583738,148,90.05000000000032,778,12,2,False,0,pistol,,,,,,,58.390859501990874,3321.133262872696
585060,149,64.99999999999744,1322,18,1,False,0,pistol,,,,,,,131.84636050327734,3331.1606271266937
586795,150,831.6000000000096,1735,29,3,False,0,pistol,,,,,,,84.82666149050151,3351.6147842407227
588630,151,612.2500000000015,1835,30,4,True,63,machinegun,,,,,,,87.1097690239949,3372.6807477474213
589404,152,242.9499999999986,774,11,2,False,0,pistol,,,,,,,136.17099001491158,3378.365418434143
590820,153,433.3999999999923,1416,21,3,False,0,pistol,,,,,,,78.95880100418324,3396.2994468212128
592219,154,529.8999999999957,1399,20,3,False,0,pistol,,,,,,,78.60192275368188,3414.098520040512
593149,155,-10.250000000000535,930,12,2,False,0,pistol,,,,,,,133.6115304748791,3421.059658050537
593804,156,99.00000000000013,655,11,2,True,16,machinegun,,,,,,,137.46432044512662,3425.8250575065613
594258,157,-176.04999999999978,454,7,1,False,0,pistol,,,,,,,40.16433330523834,3437.129157304764
595369,158,73.55000000000126,1111,18,2,True,10,machinegun,,,,,,,150.7223549560637,3444.5009047985077
595964,159,-122.6999999999999,595,9,1,False,0,pistol,,,,,,,135.10094577828707,3448.90571475029
596612,160,235.44999999999953,648,10,2,False,0,pistol,,,,,,,52.880706645313666,3461.1602594852448
597383,161,49.34999999999975,771,10,2,False,0,pistol,,,,,,,138.578314114202,3466.724513053894
598134,162,87.59999999999854,751,9,1,False,0,pistol,,,,,,,55.87686577900321,3480.1653480529785
600100,163,451.60000000000133,1966,34,4,False,0,pistol,,,,,,,85.52573626121011,3503.153152704239
601605,164,465.4499999999994,1505,22,3,False,0,pistol,,,,,,,140.20288462112947,3513.88813662529
602344,165,85.0000000000019,739,10,2,False,0,pistol,,,,,,,54.71031836961489,3527.396278858185
603925,166,418.1999999999968,1581,25,1,False,0,pistol,,,,,,,142.19307095125208,3538.5156722068787
605078,167,361.39999999999964,1153,20,3,False,0,pistol,,,,,,,70.90920060193824,3554.7764253616333
607164,168,710.2000000000014,2086,37,4,False,0,pistol,,,,,,,90.58923805231295,3577.804055452347
608992,169,1177.4000000000042,1828,29,3,False,0,pistol,,,,,,,86.64857498057715,3598.901409626007
610368,170,437.9999999999978,1376,21,3,False,0,pistol,,,,,,,77.61502826328953,3616.6304733753204
611562,171,450.20000000000147,1194,20,3,False,0,pistol,,,,,,,134.53726775761334,3625.5060184001923
613424,172,1131.0499999999984,1862,33,4,True,37,machinegun,,,,,,,85.17258119140455,3647.368103981018
616600,173,1438.1000000000079,3176,60,6,False,0,pistol,,,,,,,82.82845194684465,3685.7130773067474
621034,174,2915.6000000000213,4434,107,11,True,102,machinegun,,,,,,,89.06250486406556,3735.4989817142487
622999,175,1009.1500000000053,1965,35,4,True,40,machinegun,,,,,,,90.15251674967794,3757.3267362117767
626596,176,1942.0000000000032,3597,73,8,True,50,machinegun,,,,,,,105.37981234069173,3791.4611189365387
628401,177,208.99999999999952,1805,30,4,False,0,pistol,,,,,,,85.54783991814584,3812.5612478256226
630707,178,955.0500000000046,2306,42,5,False,0,pistol,,,,,,,91.60153509199775,3837.7363641262054
632467,179,478.7499999999949,1760,30,4,True,48,machinegun,,,,,,,85.61071564955257,3858.2951526641846
635284,180,1617.2500000000061,2817,55,6,False,0,pistol,,,,,,,76.30777721620927,3895.212073802948
637513,181,1009.7500000000018,2229,37,4,False,0,pistol,,,,,,,93.69506841488162,3919.002697944641
639590,182,951.7000000000023,2077,34,4,False,0,pistol,,,,,,,89.59198519355505,3942.1861362457275
640816,183,113.39999999999927,1226,19,2,False,0,pistol,,,,,,,135.05765707742557,3951.2643406391144
642647,184,491.8500000000013,1831,28,3,False,0,pistol,,,,,,,86.09416444844256,3972.532363653183
643818,185,276.8000000000001,1171,17,2,False,0,pistol,,,,,,,72.80601324932387,3988.6168808937073
644511,186,100.45000000000111,693,9,1,False,0,pistol,,,,,,,137.3408388573124,3993.6632652282715
646647,187,375.3000000000056,2136,35,4,False,0,pistol,,,,,,,90.94651144834567,4017.150240421295
647463,188,229.24999999999804,816,13,2,False,0,pistol,,,,,,,58.1950346864336,4031.1728131771088
648711,189,-436.1500000000008,1248,19,2,True,85,machinegun,,,,,,,129.21909600941547,4040.8313686847687
649945,190,212.19999999999837,1234,17,2,False,0,pistol,,,,,,,73.82042145993498,4057.548186779022
651432,191,791.899999999997,1487,22,3,False,0,pistol,,,,,,,79.76040620894601,4076.192087650299
652874,192,289.4500000000006,1442,23,3,False,0,pistol,,,,,,,140.1772772589586,4086.4795863628387
655332,193,944.8000000000067,2458,44,5,False,0,pistol,,,,,,,91.39485523591428,4113.3745470047
658936,194,1479.9500000000191,3604,68,7,False,0,pistol,,,,,,,86.84305867821323,4154.875450372696
661100,195,959.3000000000031,2164,37,4,False,0,pistol,,,,,,,89.91851362985912,4178.942333459854
662905,196,434.1999999999936,1805,30,4,False,0,pistol,,,,,,,84.95457319962357,4200.189604282379
665062,197,1187.1499999999867,2157,35,4,False,0,pistol,,,,,,,76.02573645970672,4228.562193393707
666371,198,379.5499999999967,1309,23,2,False,0,pistol,,,,,,,63.93166815161662,4249.03800201416
667222,199,7.200000000000202,851,14,1,False,0,pistol,,,,,,,117.46622592279049,4256.28351020813
669443,200,666.0999999999992,2221,41,4,True,92,machinegun,,,,,,,74.72704544764127,4286.005597352982
671810,201,540.9500000000052,2367,42,5,False,0,pistol,,,,,,,70.08213978756987,4319.780852794647
676637,202,1310.300000000025,4827,120,13,True,136,machinegun,,,,,,,81.61981182598711,4378.921413898468
679038,203,1585.8500000000045,2401,44,5,False,0,pistol,,,,,,,86.31371710312466,4406.739105463028
682291,204,2461.250000000014,3253,66,7,True,47,machinegun,,,,,,,75.08265962441499,4450.065315723419
684595,205,1347.7500000000034,2304,45,4,True,83,machinegun,,,,,,,85.24434128294895,4477.0940284729
687777,206,2224.1999999999684,3182,58,6,False,0,pistol,,,,,,,93.32401637722286,4511.190804719925
688973,207,592.5000000000027,1196,19,1,False,0,pistol,,,,,,,64.90695356083852,4529.6179983615875
689582,208,-189.84999999999962,609,9,1,False,0,pistol,,,,,,,126.17467701197822,4534.445295095444
690201,209,90.55000000000088,619,8,1,False,0,pistol,,,,,,,43.580737951450274,4548.649312019348
693044,210,1606.0500000000063,2843,54,6,False,0,pistol,,,,,,,88.77900214357058,4580.673267126083
693928,211,542.8499999999991,884,16,2,False,0,pistol,,,,,,,125.15517073186868,4587.737336397171
696026,212,1142.349999999999,2098,36,4,False,0,pistol,,,,,,,81.279374525888,4613.550186395645
696800,213,143.89999999999807,774,11,2,False,0,pistol,,,,,,,51.054411450938844,4628.711129188538
698187,214,528.0999999999972,1387,20,3,False,0,pistol,,,,,,,124.20322103432862,4639.878903388977
700816,215,1029.0000000000034,2629,47,5,False,0,pistol,,,,,,,66.99107671639956,4679.12347984314
701453,216,253.10000000000076,637,10,2,False,0,pistol,,,,,,,123.50487839739094,4684.281751394272
704049,217,1102.000000000003,2596,48,5,False,0,pistol,,,,,,,86.33127228413753,4714.352586746216
704443,218,-38.350000000000044,394,4,1,False,0,pistol,,,,,,,127.25632879615341,4717.449422597885
706883,219,750.7499999999964,2440,45,5,True,48,machinegun,,,,,,,64.1066921189962,4755.511598110199
707661,220,23.999999999999915,778,11,2,False,0,pistol,,,,,,,122.30540996020613,4761.874807357788
708608,221,-325.6499999999997,947,14,2,False,0,pistol,,,,,,,128.41739912217204,4769.249717950821
709416,222,266.79999999999984,808,12,2,False,0,pistol,,,,,,,49.15572242050199,4785.687971353531
710435,223,294.04999999999916,1019,16,2,False,0,pistol,,,,,,,123.43781338910549,4793.943690538406
711442,224,484.5000000000009,1007,14,2,False,0,pistol,,,,,,,54.70018229275164,4812.353757381439
714234,225,951.4999999999993,2792,51,6,True,53,machinegun,,,,,,,87.44676180231795,4844.282383918762
714867,226,25.65000000000085,633,9,1,False,0,pistol,,,,,,,44.68253391933155,4858.449555873871
716513,227,210.69999999999996,1646,27,3,False,0,pistol,,,,,,,126.10843869945575,4871.50234079361
717390,228,331.9999999999997,877,12,2,False,0,pistol,,,,,,,54.48117642462159,4887.600213050842
718670,229,451.75000000000153,1280,21,2,False,0,pistol,,,,,,,125.95115978587846,4897.763437509537
722382,230,2144.500000000012,3712,68,5,False,0,pistol,,,,,,,78.31851390097272,4945.16020321846
724039,231,664.5000000000002,1657,28,3,False,0,pistol,,,,,,,75.20710395282707,4967.193387031555
725186,232,447.8000000000002,1147,18,2,False,0,pistol,,,,,,,62.144308922636746,4985.6512060165405
725421,233,-95.95000000000005,235,3,1,False,0,pistol,,,,,,,119.08140511648435,4987.6252501010895
727718,234,1043.6999999999998,2297,37,3,False,0,pistol,,,,,,,84.66374655167374,5014.7567439079285
730277,235,855.6499999999987,2559,42,5,False,0,pistol,,,,,,,79.09706694474531,5047.10990357399
731056,236,-167.99999999999972,779,12,2,False,0,pistol,,,,,,,117.64227620556171,5053.732392787933
732229,237,211.59999999999957,1173,16,2,False,0,pistol,,,,,,,63.797918874857885,5072.119207382202
733086,238,141.30000000000098,857,14,2,False,0,pistol,,,,,,,122.77413143086612,5079.100101947784
733614,239,14.750000000000725,528,6,1,False,0,pistol,,,,,,,40.41685367691681,5092.164510726929
734108,240,-232.39999999999964,494,7,1,False,0,pistol,,,,,,,128.01997718115183,5096.024041891098
735853,241,851.8000000000028,1745,27,3,False,0,pistol,,,,,,,76.42770322730044,5118.8565418720245
738636,242,890.5500000000005,2783,56,6,False,0,pistol,,,,,,,87.8167680021922,5150.548189878464
739324,243,-2.699999999999104,688,9,1,False,0,pistol,,,,,,,124.8753770476026,5156.058346033096
740376,244,-254.19999999999976,1052,16,1,False,0,pistol,,,,,,,62.45626017801758,5172.902733325958
741658,245,-216.74999999999812,1282,19,2,False,0,pistol,,,,,,,67.63714704981862,5191.857341527939
742193,246,166.2999999999994,535,9,1,False,0,pistol,,,,,,,129.36953619811806,5195.993358373642
743624,247,256.50000000000045,1431,21,3,False,0,pistol,,,,,,,73.1128018629896,5215.566454410553
745081,248,93.25000000000041,1457,23,3,False,0,pistol,,,,,,,123.95267807903579,5227.321440935135
746900,249,120.05000000000284,1819,30,4,False,0,pistol,,,,,,,65.62335048783324,5255.040802717209
749740,250,1295.3500000000083,2840,52,5,False,0,pistol,,,,,,,70.07296337856273,5295.571278333664
751336,251,175.3500000000015,1596,23,3,False,0,pistol,,,,,,,135.94084464310626,5307.312353849411
752434,252,250.34999999999698,1098,16,2,False,0,pistol,,,,,,,61.810709393141316,5325.076874256134
754925,253,1709.149999999994,2491,45,5,False,0,pistol,,,,,,,94.53074766683564,5351.428998947144
756004,254,-51.84999999999951,1079,17,1,True,44,machinegun,,,,,,,67.54539429593595,5367.404110431671
758562,255,615.4499999999966,2558,45,5,False,0,pistol,,,,,,,91.26923986458911,5395.431686401367
760076,256,474.50000000000637,1514,24,1,False,0,pistol,,,,,,,76.80627538475217,5415.144168376923
761979,257,585.7999999999996,1903,34,4,True,31,machinegun,,,,,,,85.64844413624006,5437.363481760025
764601,258,1189.0999999999929,2622,49,5,True,69,machinegun,,,,,,,98.71714508840812,5463.924705028534
766746,259,751.7999999999986,2145,35,4,False,0,pistol,,,,,,,84.72890947051907,5489.241508483887
767343,260,172.1999999999996,597,9,1,False,0,pistol,,,,,,,143.913831001333,5493.390386581421
769792,261,1381.0500000000088,2449,44,5,True,50,machinegun,,,,,,,79.88907402393528,5524.045921564102
772608,262,268.3500000000043,2816,52,6,False,0,pistol,,,,,,,75.56462012754835,5561.312822818756
773981,263,560.2500000000065,1373,20,3,False,0,pistol,,,,,,,128.23997073905596,5572.019971132278
777070,264,1996.9999999999966,3089,59,6,False,0,pistol,,,,,,,66.08669178883555,5618.762252569199
781541,265,3664.3499999999563,4471,92,10,True,10,machinegun,,,,,,,85.01208840318566,5671.3553421497345
783097,266,502.00000000000375,1556,25,3,False,0,pistol,,,,,,,73.19616655379569,5692.642933368683
785286,267,1262.3500000000013,2189,37,4,False,0,pistol,,,,,,,79.8690102960147,5720.050973892212
786379,268,-258.9499999999995,1093,17,2,False,0,pistol,,,,,,,118.78542778294398,5729.253057718277
787629,269,647.05,1250,18,2,False,0,pistol,,,,,,,56.216580432161315,5751.489127635956
793301,270,3094.74999999999,5672,136,14,True,2,machinegun,,,,,,,75.03819043636011,5827.078019142151
795340,271,383.9499999999979,2039,35,3,False,0,pistol,,,,,,,78.4510382409678,5853.06937122345
798211,272,612.2000000000148,2871,56,6,False,0,pistol,,,,,,,85.10908299690776,5886.8032310009
798615,273,-37.84999999999961,404,5,1,False,0,pistol,,,,,,,123.6316289983314,5890.071601867676
801180,274,435.7999999999966,2565,48,5,False,0,pistol,,,,,,,61.86308223555258,5931.53474855423
801564,275,-231.44999999999993,384,6,1,False,0,pistol,,,,,,,122.30496919808715,5934.674923658371
805196,276,1636.4000000000058,3632,77,8,False,0,pistol,,,,,,,72.4867129472828,5984.78125500679
807341,277,745.8499999999915,2145,38,4,False,0,pistol,,,,,,,79.8046159692807,6011.659967660904
809839,278,811.5999999999996,2498,43,5,False,0,pistol,,,,,,,83.73941266473079,6041.491234779358
811889,279,12.199999999998262,2050,35,4,False,0,pistol,,,,,,,75.62869220802632,6068.598118543625
813966,280,752.2000000000056,2077,37,4,False,0,pistol,,,,,,,79.36275235758062,6094.769834280014
818402,281,2734.050000000007,4436,86,9,True,49,machinegun,,,,,,,79.1204982852358,6150.836836576462
818819,282,-136.9999999999999,417,5,1,True,20,machinegun,,,,,,,103.43214016281728,6154.869087457657
820401,283,959.0500000000062,1582,27,3,False,0,pistol,,,,,,,60.781069353803744,6180.898022651672
821924,284,52.100000000000755,1523,24,3,False,0,pistol,,,,,,,75.41736815795991,6201.092972755432
824268,285,951.7000000000018,2344,40,5,False,0,pistol,,,,,,,89.61108037165637,6227.251075267792
825210,286,174.89999999999964,942,14,2,False,0,pistol,,,,,,,135.4890165520461,6234.204290628433
826048,287,-220.4999999999999,838,10,2,True,33,machinegun,,,,,,,54.5933735133445,6249.554718732834
827081,288,93.14999999999975,1033,16,2,False,0,pistol,,,,,,,136.8844371940118,6257.102004766464
829202,289,182.10000000000312,2121,38,4,False,0,pistol,,,,,,,88.91473789177796,6280.95681142807
832762,290,1665.9499999999862,3560,68,7,False,0,pistol,,,,,,,83.39931148488026,6323.6436722278595
835756,291,862.0500000000039,2994,57,6,False,0,pistol,,,,,,,76.147755827886,6362.96261548996
838649,292,1600.3500000000056,2893,55,5,True,34,machinegun,,,,,,,93.9561093856831,6393.754139661789
841342,293,-289.0500000000019,2693,47,5,False,0,pistol,,,,,,,93.27456193264858,6422.626554250717
842275,294,-40.1000000000023,933,12,2,False,0,pistol,,,,,,,60.65941178492087,6438.008245229721
845099,295,933.9500000000016,2824,54,6,True,48,machinegun,,,,,,,90.15209566280485,6469.33362030983
846664,296,197.24999999999983,1565,24,3,False,0,pistol,,,,,,,82.2258409693343,6488.367223501205
847249,297,178.25000000000094,585,9,1,False,0,pistol,,,,,,,149.4305486889805,6492.28270816803
849548,298,658.9499999999958,2299,41,5,False,0,pistol,,,,,,,101.70594661110805,6514.887532234192
851232,299,731.649999999996,1684,28,3,True,17,machinegun,,,,,,,91.81158654109062,6533.230031013489
852954,300,419.8000000000009,1722,29,3,False,0,pistol,,,,,,,92.26403005787976,6551.894464492798
854904,301,596.2499999999956,1950,31,4,False,0,pistol,,,,,,,95.84590279937923,6572.2403399944305
855629,302,225.99999999999753,725,11,1,False,0,pistol,,,,,,,149.17050355996034,6577.101127386093
858219,303,792.2000000000099,2590,45,5,False,0,pistol,,,,,,,81.84347417915644,6608.747410774231
859413,304,397.4500000000021,1194,19,2,False,0,pistol,,,,,,,146.903156626224,6616.875949621201
860290,305,266.6500000000009,877,11,2,False,0,pistol,,,,,,,61.31744642694049,6631.179211616516
862212,306,1369.8000000000009,1922,33,4,True,45,machinegun,,,,,,,89.28213326630332,6652.707090854645
862651,307,-211.20000000000016,439,6,1,False,0,pistol,,,,,,,135.33186126602249,6655.951539754868
863971,308,254.2000000000026,1320,18,1,False,0,pistol,,,,,,,140.68727944084716,6665.334629774094
865042,309,-178.35000000000133,1071,17,2,False,0,pistol,,,,,,,69.43555008986851,6680.759537696838
866077,310,387.90000000000043,1035,18,2,False,0,pistol,,,,,,,138.01468891075368,6688.259321928024
866616,311,-25.50000000000012,539,8,1,False,0,pistol,,,,,,,43.21393290396757,6700.732738733292
867295,312,-190.99999999999994,679,10,2,False,0,pistol,,,,,,,138.85839096849054,6705.623165845871
867886,313,-140.10000000000008,591,9,1,False,0,pistol,,,,,,,134.84920377598755,6710.006321430206
870267,314,765.2000000000069,2381,42,5,False,0,pistol,,,,,,,89.02843970311758,6736.751127004623
872446,315,572.5500000000015,2179,38,4,False,0,pistol,,,,,,,84.64007037190743,6762.496089696884
873376,316,146.7499999999984,930,13,2,False,0,pistol,,,,,,,63.61190966368229,6777.116728305817
874586,317,81.14999999999907,1210,19,2,False,0,pistol,,,,,,,63.921988768685495,6796.0467665195465
875902,318,277.6999999999985,1316,20,3,False,0,pistol,,,,,,,129.37279318202576,6806.219526052475
878597,319,897.299999999998,2695,45,5,False,0,pistol,,,,,,,75.44336401932534,6841.94236946106
880211,320,711.250000000001,1614,27,3,False,0,pistol,,,,,,,143.57512561697678,6853.1844182014465
881451,321,357.80000000000194,1240,19,1,True,45,machinegun,,,,,,,74.64650211666519,6869.796679735184
882904,322,244.049999999999,1453,25,3,False,0,pistol,,,,,,,81.72428973945966,6887.576552629471
884069,323,196.34999999999837,1165,19,2,False,0,pistol,,,,,,,146.8373707696049,6895.511112451553
886916,324,1596.3999999999971,2847,50,4,False,0,pistol,,,,,,,79.80282694547394,6931.187082767487
889170,325,914.1000000000016,2254,41,5,False,0,pistol,,,,,,,75.72037403583376,6960.955024957657
890840,326,930.1499999999965,1670,29,2,True,59,machinegun,,,,,,,126.04699865273706,6974.20479798317
892986,327,965.5499999999998,2146,37,4,True,20,machinegun,,,,,,,52.936170438001824,7014.744703531265
894249,328,518.2499999999989,1263,21,3,False,0,pistol,,,,,,,92.15824652979987,7028.450038194656
897378,329,2380.4500000000157,3129,62,7,False,0,pistol,,,,,,,55.4122055896885,7084.918489933014
900846,330,2042.749999999987,3468,68,7,False,0,pistol,,,,,,,70.26729850772053,7134.273792266846
904774,331,1277.7499999999995,3928,84,8,False,0,pistol,,,,,,,65.37497350762679,7194.358772516251
907393,332,849.5499999999997,2619,47,5,False,0,pistol,,,,,,,52.390021582154226,7244.349951267242
910713,333,865.599999999998,3320,63,7,False,0,pistol,,,,,,,73.37714884458948,7289.596139907837
914004,334,1757.2499999999993,3291,64,7,False,0,pistol,,,,,,,59.079277375727635,7345.301854848862
917099,335,1479.1499999999814,3095,60,7,True,35,machinegun,,,,,,,93.24652132208885,7378.494037151337
919832,336,1013.400000000002,2733,49,5,False,0,pistol,,,,,,,59.82766181719528,7424.176023006439
921932,337,681.100000000007,2100,36,4,False,0,pistol,,,,,,,60.121013489252306,7459.106486082077
924344,338,871.5000000000025,2412,43,5,False,0,pistol,,,,,,,73.42195337370585,7491.958625555038
927165,339,1439.1000000000042,2821,51,6,True,50,machinegun,,,,,,,94.27999980015922,7521.880656003952
929141,340,919.1999999999956,1976,35,3,False,0,pistol,,,,,,,61.10066222855271,7554.221427440643
932446,341,2248.799999999994,3305,67,7,True,30,machinegun,,,,,,,70.82546953764289,7600.886377811432
934499,342,1097.649999999995,2053,35,4,False,0,pistol,,,,,,,71.05982927382475,7629.778136253357
935775,343,665.05,1276,21,3,True,14,machinegun,,,,,,,82.48789594173654,7645.248118877411
938236,344,805.6500000000027,2461,46,5,True,50,machinegun,,,,,,,66.73660769042105,7682.125085353851
940513,345,648.0999999999981,2277,39,4,True,44,machinegun,,,,,,,63.216465263557794,7718.1447076797485
941443,346,246.14999999999836,930,14,2,False,0,pistol,,,,,,,106.89543796283039,7726.845467567444
943232,347,760.3000000000012,1789,32,4,True,47,machinegun,,,,,,,64.20977287101981,7754.708125591278
944449,348,335.99999999999767,1217,21,2,False,0,pistol,,,,,,,51.65728967715616,7778.267825841904
948375,349,1361.400000000004,3926,90,10,True,211,machinegun,,,,,,,61.55539140124114,7842.04851436615
950638,350,860.1000000000058,2263,43,5,True,49,machinegun,,,,,,,61.21420454660148,7879.017777919769
953303,351,1404.800000000012,2665,49,5,False,0,pistol,,,,,,,81.74367669433023,7911.620405197144
956437,352,1373.4499999999962,3134,64,7,True,18,machinegun,,,,,,,73.29949273542037,7954.377122879028
960201,353,1065.549999999998,3764,82,9,True,50,machinegun,,,,,,,86.7511472669465,7997.766243219376
963061,354,1377.4500000000103,2860,54,6,False,0,pistol,,,,,,,52.000566696794145,8052.766311168671
964940,355,821.6499999999969,1879,32,3,False,0,pistol,,,,,,,60.964816432452416,8083.5881423950195
966023,356,604.1500000000002,1083,17,2,True,131,machinegun,,,,,,,104.14390174517787,8093.987836837769
966527,357,-388.9500000000001,504,7,1,False,0,pistol,,,,,,,97.40223216161682,8099.163038253784
968105,358,8.100000000000875,1578,26,3,False,0,pistol,,,,,,,53.95934942354924,8128.407866716385
968527,359,-38.3500000000005,422,5,1,False,0,pistol,,,,,,,104.88510748642432,8132.432079315186
969464,360,276.299999999998,937,16,2,True,141,machinegun,,,,,,,46.543430964612575,8152.564360141754
971808,361,1346.5499999999959,2344,42,5,False,0,pistol,,,,,,,76.42900026302317,8183.23406791687
973153,362,381.4000000000016,1345,21,3,False,0,pistol,,,,,,,62.32494539603256,8204.815426588058
975852,363,1628.4000000000156,2699,51,6,False,0,pistol,,,,,,,79.9677339242001,8238.567342758179
977998,364,626.799999999998,2146,38,4,True,50,pistol,,,,,,,79.80166776791366,8265.459725379944
979226,365,223.99999999999918,1228,20,2,False,0,pistol,,,,,,,64.61090618828737,8284.466460943222
981686,366,1358.699999999999,2460,43,5,False,0,pistol,,,,,,,80.33657123265613,8315.08821964264
982983,367,392.5500000000012,1297,20,2,False,0,pistol,,,,,,,107.07414627751864,8327.201972961426
986223,368,1958.2000000000166,3240,65,7,True,25,machinegun,,,,,,,75.58938112851416,8370.065991163254
989527,369,2285.7500000000045,3304,67,7,True,50,machinegun,,,,,,,75.21920116064184,8413.99172115326
990750,370,254.69999999999987,1223,18,2,False,0,pistol,,,,,,,122.63670604606023,8423.964825868607
994020,371,2144.6999999999916,3270,63,7,False,0,pistol,,,,,,,78.20795702375857,8465.77706027031
995985,372,937.0000000000035,1965,32,4,False,0,pistol,,,,,,,85.22085808676955,8488.83542919159
998026,373,719.7500000000001,2041,36,4,False,0,pistol,,,,,,,88.10418369839878,8512.001775741577
998610,374,130.60000000000076,584,8,1,False,0,pistol,,,,,,,137.15562401247723,8516.26022720337
1000044,375,694.0000000000044,1434,22,3,False,0,pistol,,,,,,,76.02014036413816,8535.124297380447
1002295,376,1608.4500000000012,2251,39,3,False,0,pistol,,,,,,,93.877945563533,8559.102840185165
1006891,377,1360.4500000000055,4596,104,11,True,51,machinegun,,,,,,,100.35331535166182,8604.901674985886
