timestep,episode,episode_reward,episode_length,zombies_killed,wave,policy_loss,value_loss,entropy_loss,total_loss,clip_fraction,approx_kl,fps,elapsed_time
1841,1,112.61000000000362,1841,33,6,,,,,,,714.5621510284311,2.576403856277466
2831,2,51.589999999999165,990,16,2,,,,,,,201.2718753258205,7.505021333694458
5070,3,180.22000000000745,2239,42,6,,,,,,,388.876113696359,13.262868404388428
6138,4,44.5299999999991,1068,16,2,,,,,,,882.4416864728565,14.481138706207275
7519,5,73.70000000000078,1381,20,3,,,,,,,298.81123234370887,19.10301160812378
8894,6,77.6799999999987,1375,19,3,,,,,,,259.8145733934741,24.395487070083618
9427,7,-12.610000000000078,533,8,1,,,,,,,702.2862783066197,25.154644012451172
10163,8,9.149999999999835,736,9,1,,,,,,,807.9788811025547,26.065747022628784
10704,9,-11.530000000000094,541,7,1,,,,,,,131.1943202127168,30.189545392990112
12249,10,96.34000000000229,1545,24,4,,,,,,,865.424573160512,31.975017547607422
12888,11,-11.590000000000021,639,10,1,,,,,,,169.14386112655194,35.753074407577515
13953,12,34.5699999999997,1065,17,3,,,,,,,671.1222150156019,37.34015107154846
15174,13,51.439999999998975,1221,20,3,,,,,,,249.98361999857173,42.224613666534424
16168,14,37.299999999999216,994,16,2,,,,,,,721.9463152260514,43.601616621017456
17785,15,94.1199999999995,1617,25,3,,,,,,,313.63188978371517,48.757572412490845
19095,16,65.91999999999874,1310,19,2,,,,,,,273.87860042304965,53.540985345840454
20263,17,45.6299999999994,1168,18,3,,,,,,,769.9707037048737,55.05808925628662
21295,18,40.889999999999354,1032,16,2,,,,,,,229.39614440463825,59.557167291641235
22422,19,51.42999999999902,1127,16,2,,,,,,,769.7718941726221,61.021453619003296
23653,20,62.81999999999885,1231,20,1,,,,,,,256.9183031072646,65.81303095817566
24726,21,50.52999999999906,1073,16,3,,,,,,,240.78899771430423,70.26941394805908
25637,22,27.86999999999955,911,13,2,,,,,,,770.7910649816764,71.45154881477356
26608,23,39.41999999999926,971,15,3,,,,,,,730.2362413787291,72.78143429756165
28084,24,79.20000000000128,1476,22,2,,,,,,,294.10961539283784,77.8001172542572
29165,25,41.519999999999044,1081,17,2,,,,,,,246.16748005052304,82.1917200088501
31121,26,140.56000000000586,1956,32,4,,,,,,,362.5177136625428,87.5875780582428
32295,27,56.429999999999005,1174,17,2,,,,,,,775.8068657018355,89.10108757019043
33260,28,34.39999999999948,965,15,2,,,,,,,224.2184261801815,93.40512490272522
33985,29,8.059999999999789,725,11,1,,,,,,,842.887593751334,94.26547122001648
35018,30,31.369999999999187,1033,16,2,,,,,,,237.25616167200496,98.61960554122925
36387,31,83.08999999999881,1369,22,3,,,,,,,896.5608077850553,100.14680075645447
37883,32,81.52999999999955,1496,23,3,,,,,,,314.9088009546014,104.89762997627258
38564,33,3.289999999999914,681,10,3,,,,,,,890.8125705225326,105.66229367256165
39368,34,16.539999999999573,804,13,2,,,,,,,204.7110958242091,109.59001898765564
41696,35,181.3600000000099,2328,39,6,,,,,,,378.07724332578846,115.74771332740784
42752,36,29.099999999999106,1056,16,1,,,,,,,898.7008287221634,116.93616461753845
44935,37,165.73000000000928,2183,37,5,,,,,,,404.6944964091085,122.33054065704346
46780,38,129.17000000000496,1845,31,4,,,,,,,358.40448887735965,127.47855949401855
49083,39,168.7200000000097,2303,42,5,,,,,,,405.30296077938146,133.16096353530884
50664,40,85.67999999999896,1581,25,2,,,,,,,320.89109698756414,138.08806681632996
52400,41,117.99000000000478,1736,30,4,,,,,,,343.066907762818,143.1484773159027
53770,42,77.9899999999987,1370,22,3,,,,,,,295.7640927080122,147.78073954582214
54857,43,47.88999999999916,1087,17,2,,,,,,,912.3593623021702,148.9723219871521
55995,44,38.25999999999915,1138,18,2,,,,,,,268.08660606587546,153.21742701530457
56909,45,28.71999999999948,914,13,2,,,,,,,890.5197120951847,154.24403977394104
57766,46,22.659999999999556,857,12,3,,,,,,,213.29451592927097,158.26217889785767
58476,47,6.449999999999783,710,11,2,,,,,,,842.6949433025982,159.10492372512817
59921,48,86.18000000000126,1445,22,3,,,,,,,315.8136964875761,163.68060946464539
60656,49,9.08999999999979,735,11,2,,,,,,,906.6927681361292,164.4914915561676
61381,50,-1.6700000000001225,725,10,2,,,,,,,860.1884914264604,165.33454608917236
62576,51,48.829999999998805,1195,20,3,,,,,,,275.4530197598595,169.67308020591736
63815,52,53.78999999999915,1239,18,2,,,,,,,279.79342695705463,174.10150861740112
65247,53,89.2500000000015,1432,22,3,,,,,,,883.254321793013,175.72306656837463
66469,54,61.129999999998674,1222,18,2,,,,,,,278.96504124818017,180.1037254333496
67749,55,67.3099999999985,1280,21,2,,,,,,,291.0363020373482,184.50211882591248
68699,56,32.29999999999962,950,14,2,,,,,,,863.6465467912816,185.60225892066956
70427,57,105.73000000000033,1728,27,4,,,,,,,352.6537750398403,190.50239300727844
71717,58,53.599999999999085,1290,19,1,,,,,,,296.6976139997196,194.85047721862793
72946,59,52.31999999999887,1229,18,2,,,,,,,879.8864170127318,196.24744081497192
73629,60,3.3899999999999224,683,8,1,,,,,,,897.5270020092231,197.00863003730774
74007,61,-24.530000000000012,378,5,1,,,,,,,111.98581564391458,200.38429760932922
74624,62,1.1899999999999906,617,8,1,,,,,,,871.0322417349253,201.09284377098083
75735,63,49.57999999999939,1111,15,2,,,,,,,887.5369702653599,202.34486985206604
77207,64,73.74999999999885,1472,22,3,,,,,,,312.66158701741597,207.05304646492004
77645,65,-22.730000000000075,438,6,1,,,,,,,877.4585592926475,207.5524423122406
78416,66,12.649999999999984,771,11,2,,,,,,,208.06839666208663,211.25811624526978
79146,67,8.29999999999984,730,9,1,,,,,,,892.5513068593573,212.07623672485352
79673,68,-18.630000000000027,527,6,1,,,,,,,891.8477240595728,212.66734838485718
80314,69,-16.32000000000002,641,8,1,,,,,,,170.9111987996448,216.41803860664368
81295,70,30.639999999999723,981,15,4,,,,,,,899.241031110334,217.50915098190308
82102,71,11.8999999999996,807,10,2,,,,,,,204.4228272576869,221.4570288658142
82825,72,-1.9800000000001106,723,11,3,,,,,,,851.1383828806906,222.3066909313202
83667,73,20.58999999999967,842,12,2,,,,,,,898.3880795055768,223.24410367012024
84088,74,-34.620000000000104,421,7,1,,,,,,,119.26183799724627,226.7743375301361
84821,75,8.909999999999854,733,10,4,,,,,,,880.7983365124403,227.6067545413971
85581,76,1.6599999999998971,760,11,2,,,,,,,901.9725300082539,228.44950652122498
86673,77,43.00999999999925,1092,16,3,,,,,,,263.7334043351001,232.59022974967957
87359,78,3.6399999999999366,686,9,1,,,,,,,884.6767381038911,233.36593985557556
88305,79,32.40999999999946,946,14,2,,,,,,,230.94723385064944,237.4623260498047
88880,80,-8.509999999999984,575,8,1,,,,,,,876.9104794760625,238.1182360649109
89966,81,41.84999999999942,1086,15,2,,,,,,,884.7400288360257,239.34591555595398
90532,82,-9.340000000000025,566,4,1,,,,,,,157.17410451733127,242.94722604751587
91272,83,-21.019999999999968,740,9,1,,,,,,,892.902389858872,243.7762050628662
91941,84,-3.5700000000000287,669,8,1,,,,,,,902.0104287716057,244.51820421218872
92519,85,-3.1000000000000583,578,7,1,,,,,,,161.73024271200535,248.09224605560303
93004,86,-17.99000000000006,485,6,1,,,,,,,873.5060303097837,248.6476697921753
93682,87,2.8699999999999264,678,9,1,,,,,,,815.5058199040172,249.47925925254822
94626,88,31.24999999999971,944,14,2,,,,,,,231.86205429735793,253.55081295967102
94807,89,-50.50000000000003,181,2,1,,,,,,,847.9152228883905,253.76451516151428
95341,90,-28.07000000000002,534,6,1,,,,,,,890.4576515859609,254.36445236206055
95690,91,-42.470000000000084,349,6,1,,,,,,,869.3663418200478,254.76612257957458
96793,92,44.199999999999264,1103,16,2,,,,,,,266.92862912643585,258.8984913825989
97498,93,5.939999999999742,705,8,1,,,,,,,899.1377171876088,259.6828305721283
97956,94,-21.17,458,5,1,,,,,,,893.9657880849313,260.19531893730164
98640,95,-1.510000000000261,684,6,1,,,,,,,182.82018570666605,263.9368908405304
99432,96,5.829999999999622,792,10,2,,,,,,,884.0321647324822,264.8330886363983
99642,97,-47.23000000000004,210,3,1,,,,,,,859.828327939906,265.0774703025818
101099,98,72.72999999999911,1457,21,3,,,,,,,317.04249466559264,269.6732771396637
101411,99,-36.39000000000004,312,3,1,,,,,,,874.6590239494383,270.0302109718323
101843,100,-23.690000000000044,432,6,1,,,,,,,876.7892412615736,270.5231363773346
102579,101,-0.5700000000001495,736,9,1,,,,,,,189.06304241419977,274.4161922931671
102951,102,-35.45000000000004,372,4,1,,,,,,,887.1841968648238,274.8357949256897
103607,103,0.829999999999842,656,6,1,,,,,,,907.9131295585995,275.55851912498474
104363,104,1.4599999999998587,756,10,2,,,,,,,878.4875611304859,276.4192762374878
104831,105,-19.610000000000078,468,5,1,,,,,,,131.61893573776928,279.97526240348816
105559,106,3.3799999999997965,728,8,1,,,,,,,892.8706433328576,280.7908465862274
106199,107,-10.62000000000021,640,8,1,,,,,,,876.5740279036353,281.5211522579193
106616,108,-25.48,417,5,1,,,,,,,121.29798574682161,284.9591238498688
107159,109,-21.690000000000055,543,5,1,,,,,,,875.2189758413413,285.57975697517395
107632,110,-19.060000000000077,473,5,1,,,,,,,848.4731214986526,286.1374521255493
108033,111,-27.24000000000003,401,5,1,,,,,,,876.3739771652,286.5952355861664
109165,112,52.619999999999294,1132,16,2,,,,,,,265.2318007420979,290.86339807510376
109375,113,-47.23000000000005,210,2,1,,,,,,,816.3959169259603,291.12091517448425
110227,114,17.1099999999996,852,9,1,,,,,,,874.6031194542606,292.0952570438385
110803,115,-8.450000000000074,576,4,1,,,,,,,158.07692872415475,295.739226102829
111281,116,-23.450000000000088,478,5,1,,,,,,,862.67755872698,296.2934556007385
111711,117,-24.150000000000027,430,6,1,,,,,,,894.2999070767455,296.77447390556335
112547,118,19.729999999999592,836,10,1,,,,,,,892.1532999059361,297.7117967605591
113139,119,-16.270000000000095,592,8,1,,,,,,,158.6617893359392,301.44318866729736
113569,120,-33.6400000000001,430,6,1,,,,,,,886.8470633820893,301.9282703399658
114014,121,-22.350000000000016,445,5,1,,,,,,,888.8522472926767,302.42917013168335
114557,122,-16.790000000000013,543,5,1,,,,,,,894.9763090387808,303.03606963157654
115155,123,-5.660000000000046,598,7,1,,,,,,,164.23826878999603,306.6773121356964
115608,124,-26.680000000000103,453,5,1,,,,,,,887.8920409248561,307.18773341178894
116208,125,-20.070000000000114,600,9,1,,,,,,,895.5248354551459,307.8579852581024
116693,126,-22.690000000000108,485,6,1,,,,,,,903.523659652073,308.3949706554413
117409,127,-2.7400000000001086,716,9,1,,,,,,,190.7376678294863,312.14900636672974
118135,128,8.119999999999912,726,9,1,,,,,,,885.91921810344,312.9687900543213
118683,129,-10.880000000000093,548,7,1,,,,,,,894.0410807631763,313.58192110061646
119302,130,-13.41000000000006,619,7,1,,,,,,,171.83013829872638,317.1844880580902
119888,131,-7.480000000000004,586,5,1,,,,,,,886.9594292539813,317.84539437294006
120371,132,-18.300000000000033,483,5,1,,,,,,,885.8679232412067,318.39081859588623
120915,133,-12.119999999999969,544,5,1,,,,,,,154.316446659173,321.91621136665344
121426,134,-10.48999999999998,511,6,1,,,,,,,883.8291994569906,322.49460554122925
122165,135,-0.30000000000014637,739,9,1,,,,,,,905.0737414236588,323.31135082244873
122864,136,10.049999999999855,699,7,1,,,,,,,898.5155481621277,324.089462518692
123629,137,12.349999999999753,765,8,1,,,,,,,200.40345978999076,327.90704345703125
124233,138,-5.27000000000001,604,9,1,,,,,,,893.0213628469131,328.58364176750183
125101,139,28.589999999999556,868,11,3,,,,,,,220.61032558762972,332.5184407234192
125697,140,-6.000000000000043,596,8,1,,,,,,,898.5705087743262,333.1819624900818
126604,141,28.119999999999763,907,13,3,,,,,,,887.4640867403189,334.204204082489
127104,142,-16.250000000000057,500,5,1,,,,,,,141.2776787678138,337.7435419559479
128349,143,54.46999999999903,1245,19,3,,,,,,,881.8457141496499,339.1555902957916
128774,144,-24.410000000000004,425,7,1,,,,,,,863.3047143787,339.648184299469
129670,145,10.919999999999867,896,15,2,,,,,,,216.20061521822296,343.7926468849182
131479,146,125.03000000000218,1809,26,2,,,,,,,356.98542087227474,348.86031341552734
133237,147,119.95000000000422,1758,28,3,,,,,,,356.27021620736764,353.79498410224915
134731,148,91.31999999999907,1494,25,3,,,,,,,902.6271161635659,355.45036029815674
136112,149,74.32999999999859,1381,20,2,,,,,,,302.957722311838,360.00893926620483
137196,150,47.11999999999905,1084,16,2,,,,,,,902.0387986004253,361.2108156681061
138320,151,51.18999999999914,1124,17,2,,,,,,,264.84087355510565,365.4550132751465
139531,152,60.20999999999864,1211,20,4,,,,,,,279.76881443519005,369.7837748527527
140599,153,25.359999999999182,1068,14,1,,,,,,,898.4248535940972,370.9727292060852
141770,154,41.30999999999916,1171,18,2,,,,,,,276.66339415553483,375.20549845695496
143011,155,58.9199999999991,1241,18,2,,,,,,,893.0717675306167,376.5953643321991
144132,156,51.17999999999911,1121,16,1,,,,,,,261.5562567255204,380.881400346756
144820,157,4.329999999999856,688,11,3,,,,,,,918.847547431273,381.6304156780243
145854,158,36.66999999999925,1034,15,2,,,,,,,241.51492609251008,385.91189885139465
147080,159,42.38999999999921,1226,15,2,,,,,,,892.712788795694,387.2854335308075
147894,160,12.479999999999905,814,13,3,,,,,,,215.15689858680068,391.06892681121826
148650,161,16.13999999999998,756,11,1,,,,,,,887.9829353705444,391.9205448627472
149708,162,44.27999999999921,1058,13,3,,,,,,,253.74113333119098,396.0903534889221
150991,163,48.039999999998734,1283,20,3,,,,,,,881.917193436506,397.5453202724457
151496,164,-15.890000000000027,505,6,1,,,,,,,869.4731414966545,398.12627148628235
152032,165,-17.21000000000007,536,7,1,,,,,,,149.32416263048404,401.7160062789917
152389,166,-36.87000000000005,357,5,1,,,,,,,744.2272036183352,402.1959502696991
153304,167,18.65999999999957,915,11,1,,,,,,,902.6772183964388,403.20975041389465
153843,168,-16.85000000000009,539,6,1,,,,,,,157.2431143838651,406.6377766132355
154431,169,-11.750000000000071,588,7,1,,,,,,,888.632053655524,407.29965806007385
155058,170,-2.4800000000000892,627,5,1,,,,,,,882.30214946837,408.0104880332947
155767,171,1.2999999999998977,709,9,1,,,,,,,194.63265187243903,411.6534495353699
156653,172,25.429999999999417,886,13,2,,,,,,,873.8470313471456,412.6675968170166
157400,173,10.439999999999905,747,10,2,,,,,,,884.5549926059934,413.5123653411865
157794,174,-27.670000000000048,394,6,1,,,,,,,115.55583389023188,416.9221637248993
158450,175,-14.43000000000006,656,9,1,,,,,,,848.5906158169647,417.6954116821289
159829,176,78.98999999999954,1379,20,4,,,,,,,306.4023664827387,422.19620275497437
160908,177,36.05999999999913,1079,18,2,,,,,,,885.5133182501498,423.4149181842804
161886,178,29.8099999999993,978,14,2,,,,,,,245.54316081585353,427.3980665206909
162439,179,-20.790000000000035,553,8,1,,,,,,,860.5583869609336,428.04086351394653
163361,180,29.21999999999953,922,13,3,,,,,,,898.2609869574811,429.0674796104431
164400,181,36.97999999999985,1039,13,2,,,,,,,253.5225555673329,433.1659300327301
165104,182,-4.1700000000001225,704,9,1,,,,,,,889.88831032157,433.9572911262512
166094,183,36.28999999999917,990,16,2,,,,,,,238.46445000532364,438.10899662971497
166681,184,-6.87000000000004,587,6,1,,,,,,,866.784857453774,438.78641176223755
167540,185,21.930000000000014,859,13,2,,,,,,,901.9491505863322,439.73896741867065
168614,186,45.279999999999404,1074,16,1,,,,,,,257.2525634697656,443.91402769088745
169460,187,20.579999999999544,846,14,2,,,,,,,908.9894429707543,444.8449182510376
170183,188,2.0499999999999616,723,10,4,,,,,,,190.56284351004726,448.6391272544861
172310,189,128.03000000000446,2127,37,4,,,,,,,402.0872447851678,453.92924642562866
174451,190,179.18000000000671,2141,37,4,,,,,,,379.4172131102519,459.5722744464874
176008,191,102.57000000000238,1557,26,5,,,,,,,893.9312112247819,461.3142075538635
177074,192,49.769999999998994,1066,17,2,,,,,,,241.43737598406807,465.72960591316223
178797,193,125.43000000000421,1723,28,4,,,,,,,319.1556707500107,471.1284830570221
179523,194,-2.090000000000096,726,9,1,,,,,,,670.1177630469926,472.2121021747589
180598,195,45.839999999999606,1075,15,2,,,,,,,207.7148289083737,477.3876531124115
181342,196,10.279999999999866,744,12,2,,,,,,,788.6913383172005,478.33121156692505
181941,197,-5.7100000000000435,599,10,1,,,,,,,800.8001971092136,479.0794138908386
183300,198,76.22999999999855,1359,21,3,,,,,,,270.10116491528413,484.11109614372253
184874,199,89.3399999999998,1574,23,2,,,,,,,287.3789505965265,489.5883457660675
186755,200,117.05000000000261,1881,33,6,,,,,,,346.8708004958861,495.0113503932953
188408,201,117.46000000000292,1653,28,4,,,,,,,856.2124397576785,496.94215989112854
190064,202,97.90000000000258,1656,26,3,,,,,,,323.61448313225327,502.0595738887787
191264,203,53.81999999999883,1200,18,2,,,,,,,262.17673112627654,506.63679790496826
192973,204,123.51000000000376,1709,28,2,,,,,,,315.3799900793485,512.0558638572693
194611,205,90.97000000000284,1638,27,3,,,,,,,274.76808812838135,518.0174651145935
195945,206,73.3399999999988,1334,22,4,,,,,,,717.1923904718751,519.8777740001678
196798,207,16.479999999999656,853,13,3,,,,,,,182.4440216119498,524.5533463954926
198244,208,86.02000000000115,1446,25,4,,,,,,,849.1478206521831,526.2564125061035
199834,209,80.77999999999851,1590,26,4,,,,,,,317.76621556568324,531.2602868080139
200231,210,-27.40000000000007,397,5,1,,,,,,,868.2079792356548,531.7177629470825
201384,211,54.29999999999903,1153,18,3,,,,,,,234.38178956853926,536.6372463703156
202346,212,33.47999999999935,962,14,2,,,,,,,857.099921977941,537.7598896026611
203830,213,79.72999999999871,1484,22,2,,,,,,,293.0692763193456,542.823723077774
204661,214,19.279999999999582,831,12,4,,,,,,,889.5488113160982,543.7581043243408
206001,215,74.08999999999966,1340,22,4,,,,,,,297.05986823877527,548.2691898345947
207270,216,66.62999999999865,1269,20,3,,,,,,,285.4948921374882,552.7143330574036
208788,217,73.12999999999815,1518,23,4,,,,,,,901.051518248231,554.3992490768433
210247,218,91.92000000000141,1459,24,4,,,,,,,313.5574883876697,559.0525076389313
212298,219,140.0200000000063,2051,33,5,,,,,,,387.18784650766275,564.3498885631561
213693,220,85.33000000000149,1395,20,4,,,,,,,307.44316005980875,568.8875956535339
214547,221,6.3199999999997445,854,13,3,,,,,,,902.4174025078182,569.8342545032501
216290,222,131.75000000000324,1743,28,4,,,,,,,356.17752244053213,574.7280950546265
217466,223,51.15999999999874,1176,19,3,,,,,,,277.84472233477146,578.960862159729
217853,224,-28.500000000000043,387,5,1,,,,,,,897.5126734194097,579.3922901153564
218483,225,-2.4200000000000443,630,8,1,,,,,,,903.3521109233884,580.0899693965912
220025,226,95.87000000000207,1542,23,2,,,,,,,329.6987903802996,584.7672085762024
221432,227,56.1899999999991,1407,20,6,,,,,,,304.4081164621,589.38947224617
222820,228,73.48999999999822,1388,21,3,,,,,,,875.8104082195111,590.9745097160339
223886,229,44.22999999999914,1066,14,3,,,,,,,254.987108663599,595.1552767753601
224624,230,14.209999999999674,738,10,3,,,,,,,838.7882868662574,596.0353219509125
225407,231,13.529999999999568,783,11,3,,,,,,,203.06219021429135,599.8914852142334
226224,232,18.16999999999988,817,11,2,,,,,,,880.1166165063231,600.820006608963
227061,233,9.679999999999573,837,13,2,,,,,,,898.2831420838154,601.7519764900208
228580,234,83.25999999999883,1519,24,3,,,,,,,331.6883155908582,606.3318350315094
229220,235,-1.6799999999999997,640,8,1,,,,,,,893.3798645996063,607.0484802722931
230158,236,25.53999999999946,938,13,3,,,,,,,236.05073643135975,611.0224335193634
231340,237,56.799999999998974,1182,18,2,,,,,,,901.2868884318119,612.3341166973114
232648,238,70.7799999999998,1308,21,4,,,,,,,289.3074204063746,616.8554508686066
233345,239,5.13999999999978,697,10,2,,,,,,,839.9263134093494,617.6854388713837
233825,240,-18.650000000000027,480,7,1,,,,,,,141.34205545984614,621.0816738605499
234984,241,49.06999999999894,1159,18,3,,,,,,,886.1542158967137,622.3897883892059
236486,242,80.93999999999849,1502,23,3,,,,,,,328.59655495047093,626.9609336853027
238195,243,89.09999999999836,1709,27,3,,,,,,,346.6813058216245,631.8906989097595
238692,244,-31.810000000000027,497,7,1,,,,,,,907.9513289754276,632.4382615089417
239028,245,-33.91000000000005,336,5,1,,,,,,,876.8017878396295,632.8216364383698
240021,246,26.879999999999328,993,15,3,,,,,,,246.5582386991779,636.8493249416351
240858,247,14.819999999999972,837,11,2,,,,,,,887.3196924714757,637.7927706241608
241604,248,9.999999999999822,746,10,3,,,,,,,885.8199438603842,638.6350655555725
242558,249,32.79999999999935,954,11,3,,,,,,,236.16780084913475,642.6747064590454
243213,250,-5.040000000000077,655,8,1,,,,,,,884.1480794915118,643.4157528877258
244086,251,24.17999999999951,873,11,2,,,,,,,223.24124103545213,647.3265175819397
245138,252,38.2399999999992,1052,15,2,,,,,,,903.2821625835413,648.4914429187775
245619,253,-18.370000000000026,481,5,1,,,,,,,893.0391258446414,649.0302278995514
246242,254,-18.220000000000116,623,8,1,,,,,,,167.77632882435023,652.7436900138855
246588,255,-32.89000000000004,346,2,1,,,,,,,879.6165356339967,653.1372752189636
247121,256,-17.60000000000007,533,9,1,,,,,,,882.4899089942311,653.7414338588715
247618,257,-32.11000000000001,497,7,1,,,,,,,893.6385027324841,654.2977769374847
248389,258,12.7499999999999,771,8,1,,,,,,,202.30930195589133,658.1089718341827
248892,259,-16.569999999999993,503,5,1,,,,,,,878.0552303707108,658.6820595264435
249626,260,3.8599999999998076,734,8,1,,,,,,,884.8531522517973,659.5117857456207
250410,261,-1.060000000000052,784,11,3,,,,,,,201.2959580416507,663.4067807197571
251241,262,19.119999999999976,831,10,5,,,,,,,887.08017240392,664.3437931537628
251857,263,-18.85000000000003,616,8,1,,,,,,,886.9401556244184,665.038510799408
252223,264,-45.64000000000006,366,3,1,,,,,,,107.47927199077834,668.4440317153931
252897,265,2.5699999999999505,674,9,1,,,,,,,897.5023234742171,669.1951959133148
253478,266,-23.010000000000026,581,8,1,,,,,,,902.8674177685022,669.8388800621033
254023,267,-11.900000000000015,545,5,1,,,,,,,153.07069952484312,673.3995282649994
254703,268,3.3999999999998494,680,7,1,,,,,,,897.9388370886414,674.1570765972137
255690,269,26.03999999999948,987,13,1,,,,,,,898.6479286357142,675.2556056976318
256164,270,-13.880000000000077,474,7,1,,,,,,,133.31466235235288,678.8113343715668
256651,271,-17.68000000000007,487,5,1,,,,,,,904.9219613333097,679.3497138023376
257302,272,-0.05000000000008953,651,8,1,,,,,,,896.3526673177457,680.0761671066284
257777,273,-19.060000000000027,475,5,1,,,,,,,880.3833874285513,680.6159060001373
258832,274,48.5699999999995,1055,12,3,,,,,,,252.13748764096366,684.8003029823303
259701,275,28.529999999999873,869,12,2,,,,,,,910.2970127793972,685.7551643848419
260641,276,36.469999999999466,940,11,7,,,,,,,237.36088773121662,689.7156145572662
261334,277,-0.7100000000000577,693,8,1,,,,,,,890.1035338301197,690.4944105148315
262155,278,22.979999999999613,821,11,2,,,,,,,210.31834742154282,694.3981671333313
262901,279,0.43999999999988404,746,10,1,,,,,,,898.5967666664465,695.2285556793213
264008,280,59.269999999998916,1107,13,2,,,,,,,903.3192811647076,696.4542689323425
264412,281,-26.670000000000066,404,3,1,,,,,,,117.14914005073678,699.903012752533
265689,282,77.32000000000002,1277,18,2,,,,,,,897.6449455451062,701.3258676528931
266619,283,24.75999999999994,930,13,2,,,,,,,228.0936095942045,705.4033303260803
267076,284,-21.310000000000098,457,5,1,,,,,,,897.375158473486,705.9128112792969
268097,285,40.0099999999991,1021,17,2,,,,,,,887.1318969246092,707.063912153244
269657,286,83.1999999999985,1560,25,3,,,,,,,334.0038428913784,711.734724521637
270548,287,25.859999999999815,891,14,2,,,,,,,222.93064630845566,715.731707572937
271188,288,-6.0600000000000875,640,8,1,,,,,,,903.5015349755996,716.4404058456421
271958,289,12.779999999999788,770,12,3,,,,,,,853.6852099735036,717.3425505161285
272186,290,-45.800000000000026,228,3,1,,,,,,,850.2421110656685,717.6109433174133
272761,291,-8.040000000000077,575,7,1,,,,,,,160.6146462241894,721.1911330223083
273339,292,-17.520000000000145,578,8,1,,,,,,,837.9729546065726,721.8810725212097
275104,293,100.05000000000135,1765,28,4,,,,,,,364.9994127820631,726.7169272899628
275681,294,-13.010000000000034,577,7,1,,,,,,,850.5930879545847,727.3954825401306
276877,295,48.579999999998854,1196,19,2,,,,,,,281.29872945902684,731.6473920345306
277207,296,-34.25000000000009,330,3,1,,,,,,,796.1733620329647,732.0620498657227
278316,297,44.329999999999124,1109,15,2,,,,,,,893.1626744784201,733.303872346878
279024,298,5.959999999999759,708,10,2,,,,,,,188.6803401697036,737.0564353466034
280922,299,130.01000000000693,1898,30,4,,,,,,,376.8569605067485,742.0930418968201
281332,300,-25.81000000000006,410,5,1,,,,,,,812.6617736777612,742.5977640151978
282085,301,-4.120000000000019,753,10,3,,,,,,,903.4824739366103,743.4313652515411
283834,302,118.3100000000024,1749,29,3,,,,,,,343.0958658933182,748.529269695282
284999,303,60.44999999999904,1165,17,1,,,,,,,243.76770738640928,753.3086166381836
285682,304,-6.880000000000038,683,10,3,,,,,,,736.1385406687745,754.2366530895233
286045,305,-36.02000000000007,363,5,1,,,,,,,856.5799708009486,754.6606342792511
287194,306,53.729999999999215,1149,17,2,,,,,,,266.1751549619043,758.9775924682617
288005,307,17.659999999999812,811,10,5,,,,,,,897.9833126629148,759.8809471130371
289214,308,60.239999999998965,1209,18,2,,,,,,,275.5635937278896,764.2684857845306
289477,309,-56.620000000000054,263,4,1,,,,,,,873.5130286324252,764.5697963237762
290630,310,53.94999999999879,1153,18,2,,,,,,,891.4368649061952,765.8633790016174
293091,311,199.6700000000111,2461,44,4,,,,,,,284.96062878178003,774.499843120575
294681,312,96.07999999999947,1590,26,3,,,,,,,887.3264596105364,776.2994363307953
295987,313,60.52999999999878,1306,22,5,,,,,,,290.87685962481726,780.789525270462
297381,314,65.20999999999849,1394,23,2,,,,,,,301.81635528730465,785.4084508419037
298776,315,75.09999999999826,1395,22,4,,,,,,,864.4590753845374,787.0224034786224
300294,316,53.05999999999892,1518,25,4,,,,,,,319.18833587962297,791.7784171104431
300809,317,-14.999999999999957,515,6,1,,,,,,,875.4172024716805,792.3669261932373
302708,318,123.96000000000357,1899,33,4,,,,,,,368.37851168016704,797.522144317627
304062,319,65.68999999999907,1354,21,3,,,,,,,297.21955713242136,802.0778682231903
305258,320,63.479999999999,1196,19,2,,,,,,,273.5489886694795,806.4502139091492
307261,321,129.2100000000039,2003,34,6,,,,,,,383.5289500484182,811.6730463504791
309044,322,131.420000000004,1783,30,4,,,,,,,902.406515668759,813.6491136550903
310582,323,89.36000000000061,1538,25,3,,,,,,,327.05559003416397,818.3518033027649
312224,324,85.76999999999947,1642,27,2,,,,,,,343.1259917927336,823.1374318599701
314505,325,188.86000000000755,2281,38,3,,,,,,,414.1184100188944,828.6456823348999
315823,326,76.0399999999984,1318,21,3,,,,,,,292.14155416172923,833.157472372055
317390,327,103.32999999999815,1567,25,2,,,,,,,898.0597281392827,834.9025855064392
318848,328,86.04000000000102,1458,25,5,,,,,,,320.58280408707355,839.4507975578308
320851,329,134.00000000000256,2003,35,5,,,,,,,382.6936443231984,844.6849491596222
323079,330,123.54000000000083,2228,36,3,,,,,,,406.07648017399794,850.1718454360962
324537,331,96.83000000000166,1458,23,3,,,,,,,312.1057358079767,854.843612909317
325358,332,7.8700000000000045,821,13,3,,,,,,,889.0465577339291,855.767336845398
326762,333,75.40999999999812,1404,22,4,,,,,,,302.16759353654754,860.4139602184296
328956,334,156.92000000000883,2194,33,3,,,,,,,398.9339241164394,865.9138069152832
330401,335,69.98999999999941,1445,23,4,,,,,,,309.71563894581476,870.5795474052429
331823,336,73.5699999999986,1422,22,4,,,,,,,298.1745372065742,875.3487651348114
332884,337,49.57999999999926,1061,17,2,,,,,,,828.731374964105,876.6292169094086
334109,338,56.50999999999905,1225,19,2,,,,,,,265.7052364388786,881.2397305965424
334884,339,8.069999999999503,775,11,2,,,,,,,847.745390465078,882.154182434082
336575,340,122.42000000000516,1691,26,3,,,,,,,209.27459714916,890.2346165180206
337940,341,82.15999999999852,1365,20,6,,,,,,,212.09187199563758,896.6706912517548
339732,342,123.61000000000558,1792,29,2,,,,,,,436.85267968767346,900.7729737758636
340829,343,47.22999999999883,1097,17,2,,,,,,,149.97576991573374,908.0877447128296
342333,344,81.85999999999835,1504,26,5,,,,,,,238.7140168763208,914.388382434845
344403,345,148.40000000000768,2070,35,5,,,,,,,335.53829003652686,920.5577492713928
347888,346,295.8500000000275,3485,63,5,,,,,,,402.64686550594524,929.2132062911987
350480,347,209.0700000000117,2592,48,5,,,,,,,261.7576877643397,939.1233661174774
353616,348,273.78000000002254,3136,58,5,,,,,,,404.09189132827464,946.8841972351074
356322,349,227.30000000001658,2706,51,7,,,,,,,371.1668332424966,954.1749272346497
358394,350,158.5200000000071,2072,36,5,,,,,,,353.7885969119271,960.0317749977112
360743,351,178.91000000001026,2349,41,6,,,,,,,244.64523895521768,969.6335923671722
362602,352,110.76000000000361,1859,33,4,,,,,,,335.07369556639503,975.181797504425
364103,353,92.08000000000197,1501,24,3,,,,,,,738.3826181457287,977.2148106098175
365925,354,126.62000000000488,1822,31,5,,,,,,,316.86917105653464,982.9649715423584
367933,355,121.96000000000423,2008,34,4,,,,,,,311.2139367944149,989.4172983169556
369216,356,68.15999999999926,1283,21,3,,,,,,,209.07735111934235,995.5539991855621
370162,357,32.17999999999933,946,16,1,,,,,,,764.0638000461001,996.7922983169556
371015,358,26.96999999999928,853,13,1,,,,,,,180.47510211856164,1001.5189037322998
372276,359,61.549999999998974,1261,18,3,,,,,,,828.7129113800289,1003.0407359600067
373569,360,69.41999999999899,1293,21,3,,,,,,,273.8128921658171,1007.7630898952484
374887,361,72.34999999999897,1318,22,3,,,,,,,277.7128276459088,1012.5091781616211
376949,362,153.21000000000797,2062,32,4,,,,,,,371.06419735448,1018.0663664340973
377746,363,15.909999999999854,797,13,2,,,,,,,816.9195902963589,1019.0421657562256
378637,364,25.829999999999437,891,11,3,,,,,,,833.2218240192635,1020.1116836071014
379439,365,11.239999999999675,802,12,2,,,,,,,187.4369093652096,1024.3905930519104
380624,366,47.52999999999884,1185,19,2,,,,,,,834.8473330910102,1025.810213804245
381826,367,59.569999999998934,1202,17,2,,,,,,,252.7505302240359,1030.5660543441772
382950,368,40.81999999999901,1124,18,3,,,,,,,752.8039254917923,1032.0592863559723
383964,369,39.35999999999963,1014,15,3,,,,,,,195.73991086866235,1037.239825963974
385765,370,129.840000000003,1801,30,5,,,,,,,266.62120249352404,1043.9949235916138
386583,371,3.1499999999998565,818,13,3,,,,,,,722.0182921478364,1045.1280484199524
388593,372,147.24000000000729,2010,35,4,,,,,,,261.72765282987797,1052.8079810142517
390893,373,168.34000000000938,2300,41,5,,,,,,,346.6848538859189,1059.4424500465393
392233,374,69.43999999999917,1340,23,3,,,,,,,253.16427269397286,1064.7356429100037
393645,375,87.63000000000002,1412,20,5,,,,,,,224.67847623159304,1071.0204389095306
394803,376,44.189999999999046,1158,18,3,,,,,,,697.0997305324979,1072.6818273067474
395843,377,32.119999999999294,1040,15,2,,,,,,,208.9537544362977,1077.6592383384705
396830,378,16.489999999999647,987,17,2,,,,,,,722.8144425370122,1079.0249242782593
398627,379,98.83000000000419,1797,32,5,,,,,,,306.1896320202457,1084.8939912319183
399679,380,38.55999999999913,1052,18,4,,,,,,,215.61693474418087,1089.7731773853302
401389,381,104.40000000000244,1710,31,7,,,,,,,779.5253371335809,1091.967024564743
403034,382,76.79999999999833,1645,28,4,,,,,,,232.1971256021926,1099.051698923111
404537,383,91.76000000000184,1503,26,2,,,,,,,243.81898748756836,1105.2164866924286
406539,384,136.05000000000263,2002,32,3,,,,,,,287.08354007892285,1112.1903738975525
407731,385,62.739999999998716,1192,19,3,,,,,,,241.8566151608992,1117.1191153526306
409675,386,139.43000000000694,1944,32,4,,,,,,,320.51764806699254,1123.1845118999481
411251,387,110.0800000000024,1576,25,3,,,,,,,605.2850594042969,1125.7884314060211
412970,388,114.93000000000283,1719,30,8,,,,,,,234.8108064168604,1133.1093685626984
414595,389,85.28999999999871,1625,26,2,,,,,,,265.8112132865671,1139.2229692935944
415885,390,69.00999999999942,1290,21,4,,,,,,,231.54508184987955,1144.7944304943085
416917,391,46.60999999999916,1032,14,1,,,,,,,686.9363140152079,1146.2969772815704
418664,392,113.8600000000041,1747,29,3,,,,,,,276.28424380825834,1152.6203315258026
419549,393,30.71999999999968,885,12,2,,,,,,,683.2908401017363,1153.9156930446625
421042,394,86.63000000000223,1493,22,4,,,,,,,288.3764549156887,1159.0931706428528
422668,395,105.91000000000308,1626,27,2,,,,,,,309.1051602944575,1164.3537018299103
424181,396,83.45000000000118,1513,22,3,,,,,,,295.89270991213556,1169.4672272205353
427195,397,235.16000000002077,3014,56,5,,,,,,,381.63149693165934,1177.3650488853455
428537,398,75.06999999999874,1342,22,3,,,,,,,259.4363505766199,1182.538019657135
429305,399,13.059999999999697,768,11,3,,,,,,,861.1578358942141,1183.4300367832184
431748,400,178.07000000001008,2443,44,5,,,,,,,422.0447452041131,1189.219465970993
433359,401,104.12000000000288,1611,28,4,,,,,,,338.08015198293043,1193.9848563671112
435259,402,140.13000000000426,1900,33,4,,,,,,,345.4697907294777,1199.4848153591156
436636,403,48.4999999999984,1377,23,3,,,,,,,291.84373640404544,1204.20334815979
438247,404,89.37000000000137,1611,25,3,,,,,,,772.4650550246521,1206.289137840271
439725,405,94.95000000000192,1478,25,3,,,,,,,305.7199376584313,1211.1238570213318
441120,406,91.23000000000202,1395,23,4,,,,,,,310.90712146079403,1215.6109132766724
443233,407,183.5500000000094,2113,37,4,,,,,,,390.8038428096716,1221.0178775787354
444573,408,75.28000000000054,1340,23,4,,,,,,,300.14857771983594,1225.4824883937836
445686,409,50.049999999999024,1113,15,2,,,,,,,878.2517729142166,1226.7500171661377
447144,410,72.66999999999899,1458,25,6,,,,,,,317.6489457239218,1231.3401567935944
448098,411,33.39999999999932,954,14,2,,,,,,,907.2378112832284,1232.391978263855
449490,412,80.0999999999998,1392,20,9,,,,,,,279.4879382300124,1237.3726923465729
450540,413,27.949999999999157,1050,13,2,,,,,,,871.6145817871346,1238.5776100158691
451423,414,25.199999999999456,883,12,2,,,,,,,213.65016173877868,1242.710765838623
452177,415,11.189999999999827,754,11,2,,,,,,,839.6313900821443,1243.6089360713959
454101,416,133.63000000000676,1924,31,4,,,,,,,343.5907730221001,1249.2088012695312
455542,417,86.49000000000132,1441,24,4,,,,,,,318.24192399505137,1253.7369985580444
457687,418,162.57000000000903,2145,36,3,,,,,,,369.70485561991495,1259.5392079353333
459966,419,171.27000000000862,2279,41,6,,,,,,,408.6328288559496,1265.1165313720703
462839,420,241.33000000002016,2873,51,5,,,,,,,444.73445948232666,1271.5768311023712
464349,421,93.11000000000179,1510,26,3,,,,,,,314.96604866990555,1276.3711848258972
465944,422,102.37000000000288,1595,26,4,,,,,,,337.52625725337515,1281.0969438552856
467615,423,101.08000000000071,1671,25,2,,,,,,,318.6098933747183,1286.3417983055115
469163,424,87.07000000000164,1548,25,3,,,,,,,320.93800830067494,1291.1653683185577
470918,425,89.36999999999934,1755,27,1,,,,,,,714.3847695297427,1293.6222167015076
472798,426,117.37000000000394,1880,30,5,,,,,,,332.5046333872405,1299.2764146327972
474903,427,152.0700000000066,2105,35,5,,,,,,,368.08089449268385,1304.9954645633698
476420,428,93.89000000000246,1517,24,4,,,,,,,316.63583798460104,1309.7866938114166
477819,429,81.32999999999976,1399,22,5,,,,,,,301.74887713844566,1314.4232349395752
479267,430,91.85000000000244,1448,25,4,,,,,,,308.3181573583301,1319.11989235878
480355,431,37.10999999999894,1088,17,2,,,,,,,908.7308426654389,1320.3173642158508
482403,432,141.3300000000065,2048,35,5,,,,,,,389.85987140426414,1325.5707409381866
483492,433,47.59999999999879,1089,17,3,,,,,,,256.10219872592495,1329.8231501579285
483912,434,-24.600000000000065,420,7,1,,,,,,,879.8092156816718,1330.300773382187
485561,435,107.82999999999994,1649,26,4,,,,,,,341.0435384783036,1335.136218547821
486778,436,61.98999999999933,1217,16,2,,,,,,,875.920815369079,1336.525810956955
488181,437,86.67000000000161,1403,22,2,,,,,,,300.8942708373813,1341.188779592514
489299,438,55.37999999999877,1118,17,2,,,,,,,905.393101898316,1342.4238152503967
490778,439,89.90000000000138,1479,20,8,,,,,,,314.50600734489046,1347.126608133316
491641,440,18.0899999999995,863,11,5,,,,,,,217.32987992857989,1351.0978109836578
492808,441,41.0099999999992,1167,18,3,,,,,,,861.4067752404933,1352.452832698822
494013,442,60.4699999999988,1205,19,2,,,,,,,230.50359206944913,1357.6806511878967
495957,443,143.41000000000454,1944,31,5,,,,,,,269.3867481862535,1364.8972182273865
496583,444,-2.540000000000113,626,9,1,,,,,,,699.9544950215268,1365.7917568683624
497211,445,3.279999999999802,628,9,1,,,,,,,774.6173888033766,1366.6026966571808
498221,446,38.7799999999991,1010,16,3,,,,,,,180.155599261201,1372.2091250419617
498974,447,11.039999999999814,753,12,2,,,,,,,751.1755672684279,1373.211764574051
499961,448,36.20999999999901,987,14,3,,,,,,,228.77914350775362,1377.52610206604
501266,449,61.240000000000215,1305,18,3,,,,,,,850.8610045680272,1379.0600583553314
502873,450,103.12999999999828,1607,23,2,,,,,,,310.22334610403414,1384.2403473854065
504402,451,94.98000000000029,1529,20,3,,,,,,,299.7857362162219,1389.3408942222595
505733,452,63.689999999998754,1331,20,5,,,,,,,863.6701300405085,1390.8822457790375
506570,453,14.959999999999525,837,12,1,,,,,,,200.85230986603332,1395.0496582984924
507112,454,-11.270000000000167,542,9,1,,,,,,,787.0845758879883,1395.7384798526764
508538,455,84.45999999999879,1426,22,3,,,,,,,301.28067076569636,1400.471783399582
509492,456,32.919999999999554,954,12,2,,,,,,,892.1621584380541,1401.5412905216217
510606,457,39.69999999999888,1114,16,3,,,,,,,235.1645420872869,1406.2785589694977
511818,458,51.20999999999905,1212,18,2,,,,,,,845.5297414275599,1407.7122333049774
512742,459,29.58999999999959,924,12,3,,,,,,,228.66865109791473,1411.7531695365906
513492,460,5.989999999999689,750,13,2,,,,,,,863.6560188384442,1412.6217691898346
514437,461,26.99999999999985,945,13,1,,,,,,,229.3019280461601,1416.743180513382
514981,462,-11.400000000000093,544,7,1,,,,,,,836.4501629311701,1417.3937361240387
515700,463,2.5199999999998184,719,10,3,,,,,,,802.6087809105179,1418.289748430252
516919,464,56.70999999999891,1219,17,3,,,,,,,263.3956153419757,1422.917937040329
518323,465,71.6499999999989,1404,23,3,,,,,,,269.26946408095307,1428.13223528862
519036,466,7.229999999999755,713,11,2,,,,,,,795.0467017753465,1429.029214143753
520069,467,41.51999999999913,1033,13,2,,,,,,,856.2289018030995,1430.2358632087708
521025,468,32.979999999999826,956,14,2,,,,,,,200.3938466828291,1435.0066192150116
521818,469,20.64999999999965,793,10,2,,,,,,,879.7101927194294,1435.9082300662994
522401,470,-7.550000000000033,583,8,1,,,,,,,150.4398853342168,1439.7837462425232
523899,471,97.06000000000213,1498,23,5,,,,,,,705.946447070202,1441.9059052467346
524852,472,32.49999999999944,953,13,2,,,,,,,228.99937427477576,1446.0676846504211
526240,473,80.43999999999971,1388,24,5,,,,,,,684.8775340006868,1448.094568490982
526723,474,-18.13000000000001,483,7,1,,,,,,,116.89431400017149,1452.2266647815704
527622,475,21.789999999999786,899,13,2,,,,,,,744.080797747716,1453.4350578784943
529387,476,120.18000000000339,1765,25,2,,,,,,,332.14272683834,1458.7493607997894
530318,477,35.669999999999355,931,14,4,,,,,,,916.5359949958867,1459.7653470039368
531531,478,50.99999999999916,1213,18,2,,,,,,,272.55541169217,1464.2160151004791
533037,479,92.65000000000124,1506,25,5,,,,,,,317.4871996796892,1468.9597272872925
534455,480,82.89999999999867,1418,24,4,,,,,,,912.8740251011371,1470.5133023262024
536660,481,148.1700000000071,2205,36,4,,,,,,,258.5752077212339,1479.0410566329956
538202,482,86.1099999999997,1542,24,4,,,,,,,878.1664362497302,1480.797196149826
540038,483,122.67000000000387,1836,33,6,,,,,,,357.32339086335116,1485.9355680942535
542205,484,173.4200000000081,2167,38,5,,,,,,,397.1199726941855,1491.3925695419312
543989,485,116.53000000000118,1784,27,4,,,,,,,351.67365062976734,1496.4656929969788
546257,486,164.69000000000688,2268,39,5,,,,,,,411.4565605318586,1501.9781398773193
548419,487,158.37000000000842,2162,39,5,,,,,,,401.8351146172042,1507.3586568832397
549460,488,42.009999999999266,1041,16,2,,,,,,,250.23726731696817,1511.5189094543457
552031,489,197.11000000001133,2571,47,5,,,,,,,443.88614394531675,1517.311178445816
554879,490,242.0900000000166,2848,52,6,,,,,,,460.71749831483777,1523.493019104004
556846,491,137.32000000000653,1967,34,4,,,,,,,383.65188710392954,1528.620290517807
558468,492,90.17000000000309,1622,26,3,,,,,,,338.3590500845579,1533.414237499237
560478,493,161.84000000000609,2010,35,4,,,,,,,384.88761719415726,1538.636714220047
563587,494,280.2100000000231,3109,59,6,,,,,,,328.73783744047716,1548.0943155288696
566161,495,191.76000000001176,2574,42,6,,,,,,,440.2847236985759,1553.9407436847687
567631,496,72.64999999999984,1470,22,2,,,,,,,314.0495549863452,1558.6217303276062
569727,497,140.3800000000058,2096,35,5,,,,,,,369.60838836022526,1564.2928886413574
570735,498,48.889999999999205,1008,15,2,,,,,,,883.740066370516,1565.4336440563202
573082,499,177.37000000000944,2347,43,5,,,,,,,403.4335134557392,1571.2513506412506
574952,500,130.20000000000317,1870,29,2,,,,,,,354.1243897066217,1576.5321922302246
576293,501,78.99999999999986,1341,21,3,,,,,,,282.8611964608264,1581.2731692790985
577712,502,82.90000000000002,1419,23,3,,,,,,,291.28093280492436,1586.145203113556
578467,503,10.939999999999884,755,12,2,,,,,,,906.8108385488733,1586.9780735969543
579856,504,78.9699999999984,1389,24,3,,,,,,,302.7042438639644,1591.5668904781342
582008,505,136.15000000000632,2152,37,4,,,,,,,398.6041306413508,1596.9660668373108
584250,506,175.89000000000726,2242,37,3,,,,,,,410.2148018868879,1602.431705713272
585465,507,49.94999999999844,1215,20,3,,,,,,,890.6157648769052,1603.7961883544922
586488,508,54.74999999999903,1023,15,1,,,,,,,244.371762023872,1607.9826107025146
587891,509,66.48999999999852,1403,20,4,,,,,,,303.12271223710275,1612.611338376999
589202,510,71.35999999999893,1311,21,3,,,,,,,898.2140440856858,1614.0711026191711
590025,511,8.599999999999746,823,13,2,,,,,,,212.1924240828791,1617.9498562812805
591987,512,125.7400000000036,1962,33,3,,,,,,,382.9928113898183,1623.0728936195374
593588,513,81.55999999999963,1601,27,4,,,,,,,904.3681201341977,1624.8433973789215
596373,514,224.49000000001337,2785,46,3,,,,,,,302.5111848324049,1634.0498492717743
598013,515,105.3800000000028,1640,26,3,,,,,,,905.9589957804106,1635.8602447509766
599348,516,73.96999999999869,1335,22,4,,,,,,,296.54581332757124,1640.36226272583
600600,517,63.76999999999845,1252,21,5,,,,,,,275.82462317145536,1644.9015669822693
601481,518,24.599999999999334,881,14,1,,,,,,,895.6676841306403,1645.8854851722717
602934,519,76.2299999999983,1453,23,2,,,,,,,262.4637930747865,1651.4216923713684
604464,520,104.88000000000329,1530,25,3,,,,,,,295.6328496201814,1656.5972542762756
606151,521,126.12000000000296,1687,29,4,,,,,,,913.8488416274843,1658.4435291290283
608141,522,118.31000000000495,1990,36,5,,,,,,,380.8100771856864,1663.669400215149
610410,523,182.55000000000777,2269,37,4,,,,,,,263.19809736017464,1672.2905430793762
611533,524,44.849999999999,1123,16,1,,,,,,,894.4710954936745,1673.5462791919708
612570,525,46.50999999999913,1037,19,3,,,,,,,249.90427826791216,1677.6960825920105
613861,526,68.94999999999943,1291,21,3,,,,,,,873.479830028749,1679.1742548942566
616158,527,194.5800000000072,2297,42,6,,,,,,,416.0725298491145,1684.6951069831848
617699,528,105.33000000000224,1541,27,5,,,,,,,333.9145569378291,1689.3102469444275
619106,529,84.19000000000011,1407,21,7,,,,,,,306.89140306248345,1693.8951337337494
620142,530,46.49999999999902,1036,15,3,,,,,,,884.8827308636655,1695.0660552978516
621600,531,76.57999999999859,1458,23,3,,,,,,,313.5543290866334,1699.7161893844604
622772,532,30.749999999998963,1172,18,2,,,,,,,273.21552289136486,1704.005999326706
623842,533,44.68999999999915,1070,13,2,,,,,,,893.8531520440849,1705.203256368637
625030,534,52.16999999999975,1188,16,2,,,,,,,265.3943689450388,1709.6798112392426
626226,535,47.669999999998765,1196,17,2,,,,,,,900.7495222769246,1711.0078065395355
627386,536,49.51999999999934,1160,16,3,,,,,,,272.74763753177757,1715.2610023021698
628347,537,33.13999999999965,961,13,3,,,,,,,876.8851306856463,1716.357135772705
629059,538,11.159999999999648,712,9,1,,,,,,,190.55286166411435,1720.0938391685486
630095,539,30.379999999999164,1036,16,1,,,,,,,911.1322306840675,1721.2310478687286
632292,540,174.3700000000046,2197,33,4,,,,,,,409.0772088522829,1726.6018192768097
633111,541,12.089999999999954,819,10,2,,,,,,,207.71094158291285,1730.5449576377869
633439,542,-40.030000000000044,328,5,1,,,,,,,891.0802776360005,1730.9132525920868
634634,543,57.83999999999885,1195,20,2,,,,,,,910.3657233277852,1732.2261717319489
635617,544,30.229999999999457,983,14,1,,,,,,,240.68419164015182,1736.3105509281158
636914,545,73.6999999999985,1297,18,2,,,,,,,903.989140190286,1737.745614528656
638850,546,121.94000000000204,1936,29,3,,,,,,,379.5995452007903,1742.8459861278534
640853,547,134.51000000000624,2003,36,4,,,,,,,382.05345961987706,1748.0888879299164
643599,548,207.84000000001106,2746,48,4,,,,,,,305.71971213042644,1757.0711460113525
644593,549,46.13999999999897,994,15,3,,,,,,,878.7983849532106,1758.2025289535522
644908,550,-36.30000000000007,315,2,1,,,,,,,838.9604099026361,1758.578162431717
646022,551,39.30999999999915,1114,16,2,,,,,,,253.2306751956778,1762.9774882793427
647594,552,53.46999999999826,1572,26,5,,,,,,,310.081310679098,1768.0473823547363
648450,553,22.129999999999498,856,13,1,,,,,,,653.8939188439763,1769.3566732406616
