timestep,episode,episode_reward,episode_length,zombies_killed,wave,has_machinegun,mg_ammo,weapon,policy_loss,value_loss,entropy_loss,total_loss,clip_fraction,approx_kl,fps,elapsed_time
3385,1,1379.136999999997,3385,67,7,False,0,pistol,,,,,,,90.1515905054159,37.54786992073059
6864,2,1623.7789999999927,3479,72,8,False,0,pistol,,,,,,,83.04893858277659,79.46524500846863
9233,3,1456.9920000000056,2369,43,5,False,0,pistol,,,,,,,96.07567126068784,104.15698194503784
12293,4,1741.117000000006,3060,62,7,True,44,machinegun,,,,,,,75.74342873508606,144.55705332756042
14424,5,1405.889999999997,2131,39,4,False,0,pistol,,,,,,,85.50721657548128,169.51750540733337
15682,6,969.3800000000012,1258,22,3,False,0,pistol,,,,,,,139.4028988290143,178.54218649864197
17705,7,1191.9049999999936,2023,35,4,False,0,pistol,,,,,,,76.61730292492862,204.94667029380798
19399,8,1034.0460000000019,1694,32,4,True,48,machinegun,,,,,,,72.36835989718554,228.35523200035095
23305,9,3242.5329999999935,3906,79,8,False,0,pistol,,,,,,,72.61864084681804,282.14361929893494
25729,10,1627.7979999999936,2424,42,5,False,0,pistol,,,,,,,78.68700007657418,312.9892783164978
27967,11,1712.7050000000045,2238,40,4,False,0,pistol,,,,,,,84.67655417275203,339.41974687576294
31424,12,3095.741999999965,3457,72,8,False,0,pistol,,,,,,,76.52635554619957,384.594224691391
33371,13,1770.5299999999995,1947,35,4,False,0,pistol,,,,,,,83.25614442661791,407.9804599285126
36861,14,3417.6700000000133,3490,72,8,False,0,pistol,,,,,,,102.5141579265105,442.0250599384308
38553,15,922.5450000000013,1692,29,3,False,0,pistol,,,,,,,77.65871656034405,463.8420877456665
41180,16,2380.268000000004,2627,49,5,False,0,pistol,,,,,,,72.28330052625051,500.18563175201416
42988,17,1694.212000000004,1808,31,4,False,0,pistol,,,,,,,145.56209855764888,512.6068601608276
44234,18,694.8200000000039,1246,21,3,False,0,pistol,,,,,,,78.11920726677899,528.5573019981384
45327,19,652.4699999999998,1093,18,2,False,0,pistol,,,,,,,59.37242553675142,546.9670445919037
46798,20,1545.5660000000037,1471,25,3,False,0,pistol,,,,,,,96.66698530616105,562.1849241256714
48803,21,1946.8600000000047,2005,35,4,False,0,pistol,,,,,,,65.09795146088113,592.9854362010956
49906,22,567.4700000000006,1103,18,1,False,0,pistol,,,,,,,53.02787010310004,613.7862377166748
51088,23,698.3390000000012,1182,20,3,False,0,pistol,,,,,,,104.02924949862532,625.1489818096161
52547,24,1215.1000000000065,1459,24,2,False,0,pistol,,,,,,,80.48118210099658,643.2780630588531
54703,25,1661.7100000000055,2156,37,3,False,0,pistol,,,,,,,96.88217488375106,665.5324106216431
58029,26,3871.9330000000127,3326,63,6,False,0,pistol,,,,,,,88.1183625638705,703.2775752544403
59047,27,1187.853000000001,1018,18,2,False,0,pistol,,,,,,,100.96338616013259,713.3868458271027
60332,28,887.5930000000009,1285,21,1,False,0,pistol,,,,,,,50.218073398314715,738.975683927536
61388,29,666.8699999999983,1056,16,1,False,0,pistol,,,,,,,106.99248508834906,748.8460252285004
63408,30,2412.4089999999965,2020,36,4,True,46,machinegun,,,,,,,68.17689762751876,778.4754390716553
64803,31,1269.7010000000018,1395,24,3,False,0,pistol,,,,,,,60.38522361744066,801.5776159763336
67062,32,2218.0300000000025,2259,40,4,False,0,pistol,,,,,,,81.37365839112873,829.3392064571381
69358,33,1963.8309999999865,2296,42,5,False,0,pistol,,,,,,,99.70179894760545,852.368319272995
72007,34,1808.89400000001,2649,51,5,True,49,machinegun,,,,,,,78.79557808802494,885.9874091148376
73916,35,1756.1649999999956,1909,35,4,False,0,pistol,,,,,,,68.0516530992446,914.0401034355164
76228,36,1912.0499999999954,2312,43,4,False,0,pistol,,,,,,,71.41479983431748,946.4147942066193
78063,37,1318.3950000000011,1835,33,4,False,0,pistol,,,,,,,61.745478017218176,976.1339793205261
79118,38,598.2199999999993,1055,18,2,False,0,pistol,,,,,,,88.42862758622054,988.0651655197144
80759,39,1778.6650000000047,1641,28,3,False,0,pistol,,,,,,,71.82532542274329,1010.9128630161285
82795,40,1584.9600000000091,2036,35,4,False,0,pistol,,,,,,,98.14459637617672,1031.6581811904907
83604,41,609.6229999999999,809,14,2,True,49,machinegun,,,,,,,152.17338371229673,1036.9749126434326
86302,42,3156.5950000000043,2698,52,5,False,0,pistol,,,,,,,78.14159532778642,1071.502379655838
87331,43,664.729999999999,1029,18,2,False,0,pistol,,,,,,,152.71630340064328,1078.2408487796783
90990,44,4040.0190000000166,3659,79,8,False,0,pistol,,,,,,,89.2245452384614,1119.2501566410065
93296,45,2767.7599999999893,2306,43,5,False,0,pistol,,,,,,,99.72422626037552,1142.400809288025
94725,46,1004.0399999999956,1429,24,3,False,0,pistol,,,,,,,65.67030473449023,1164.1614661216736
96086,47,1478.0550000000035,1361,23,3,False,0,pistol,,,,,,,111.70692093770252,1176.345644235611
98465,48,2549.523000000007,2379,46,5,True,25,machinegun,,,,,,,67.13326291984818,1211.7830183506012
103459,49,5056.092999999995,4994,116,12,True,156,machinegun,,,,,,,85.5312096191543,1270.1715776920319
106978,50,2164.160999999985,3519,72,8,False,0,pistol,,,,,,,65.57471399321842,1323.8675746917725
108910,51,1712.5499999999904,1932,33,4,False,0,pistol,,,,,,,70.24694056470324,1351.3709590435028
113720,52,4929.195999999965,4810,107,11,False,0,pistol,,,,,,,74.82262364169597,1415.6567888259888
116519,53,2659.436000000013,2799,50,6,False,0,pistol,,,,,,,102.20656740570026,1443.042906999588
118188,54,1808.8690000000033,1669,27,3,False,0,pistol,,,,,,,83.72586611555987,1462.9775009155273
120563,55,2260.499999999997,2375,42,5,False,0,pistol,,,,,,,94.96359947248843,1487.9875111579895
122800,56,2225.9489999999987,2237,39,4,True,50,machinegun,,,,,,,84.63971932543609,1514.4176940917969
125255,57,2887.9750000000063,2455,47,5,False,0,pistol,,,,,,,64.13517982813829,1552.69664645195
128168,58,2747.231999999977,2913,57,6,False,0,pistol,,,,,,,96.55729555273714,1582.8657431602478
130596,59,2216.700000000004,2428,45,5,False,0,pistol,,,,,,,99.30558835993655,1607.3159794807434
132691,60,2334.3100000000104,2095,37,4,False,0,pistol,,,,,,,98.93283593550119,1628.4924130439758
133855,61,1072.9320000000007,1164,20,3,False,0,pistol,,,,,,,74.55890566361784,1644.104655265808
134929,62,1159.0399999999997,1074,18,2,False,0,pistol,,,,,,,152.36919496716644,1651.1537339687347
138277,63,3651.4199999999887,3348,69,7,False,0,pistol,,,,,,,88.73226696910409,1688.885624408722
139622,64,1151.8029999999953,1345,23,3,True,46,machinegun,,,,,,,76.99821472053006,1706.3540184497833
140761,65,769.3999999999994,1139,20,2,False,0,pistol,,,,,,,145.59468649786385,1714.1776070594788
142829,66,2260.506999999994,2068,38,4,False,0,pistol,,,,,,,97.53245952757781,1735.381269454956
145866,67,3491.2510000000048,3037,60,5,True,77,machinegun,,,,,,,84.66917254760895,1771.2507236003876
147913,68,2388.4850000000038,2047,37,4,False,0,pistol,,,,,,,74.25529710511387,1798.8182680606842
150378,69,2667.2080000000024,2465,47,4,True,41,machinegun,,,,,,,85.79074237164498,1827.5514931678772
153520,70,3165.790000000001,3142,60,7,False,0,pistol,,,,,,,97.20647366265784,1859.8749251365662
154838,71,1092.3099999999972,1318,23,3,False,0,pistol,,,,,,,79.19575185521677,1876.5176446437836
156813,72,1898.2150000000038,1975,35,4,False,0,pistol,,,,,,,96.78424764839555,1896.9243156909943
159044,73,2607.597999999989,2231,41,5,False,0,pistol,,,,,,,97.72582775098121,1919.7539937496185
160565,74,1375.652000000003,1521,28,3,True,11,machinegun,,,,,,,83.19198644899662,1938.0374827384949
162188,75,989.7400000000076,1623,28,3,False,0,pistol,,,,,,,87.89240310746109,1956.50372838974
166242,76,3957.848000000008,4054,81,8,False,0,pistol,,,,,,,97.87970365473274,1997.9222810268402
169037,77,3061.1120000000037,2795,55,6,False,0,pistol,,,,,,,76.67161713985065,2034.3768844604492
170642,78,1353.0179999999984,1605,29,3,False,0,pistol,,,,,,,56.29392370281349,2062.8883876800537
173369,79,3005.170000000007,2727,52,6,False,0,pistol,,,,,,,82.63698992730946,2095.8886115550995
174451,80,1212.7299999999948,1082,18,2,False,0,pistol,,,,,,,62.81211500782253,2113.11505818367
175580,81,765.0600000000013,1129,18,1,False,0,pistol,,,,,,,119.68366890632493,2122.5487031936646
176384,82,419.5900000000009,804,14,2,False,0,pistol,,,,,,,62.23229894708061,2135.468462705612
177849,83,1235.1900000000005,1465,25,3,False,0,pistol,,,,,,,144.44974068348,2145.6108136177063
181803,84,4513.780000000013,3954,91,10,True,48,machinegun,,,,,,,86.90910576148347,2191.1071162223816
182648,85,461.9399999999995,845,14,2,False,0,pistol,,,,,,,49.96091694762562,2208.020852088928
184183,86,1432.3370000000036,1535,25,3,False,0,pistol,,,,,,,100.21134193389845,2223.338962316513
186797,87,2985.279000000023,2614,50,5,True,49,machinegun,,,,,,,74.10200554008247,2258.61518907547
188460,88,1319.594999999989,1663,29,3,False,0,pistol,,,,,,,76.73133812474283,2280.28870844841
189545,89,709.357000000002,1085,18,2,False,0,pistol,,,,,,,133.28162664496276,2288.429763317108
190918,90,566.4299999999988,1373,22,3,False,0,pistol,,,,,,,80.16679832028323,2305.5569546222687
192119,91,623.2200000000007,1201,19,2,False,0,pistol,,,,,,,138.1551208768388,2314.2506198883057
193273,92,491.5600000000016,1154,19,1,False,0,pistol,,,,,,,70.34685998395643,2330.655524492264
194962,93,2141.9309999999978,1689,28,3,False,0,pistol,,,,,,,85.03916475313386,2350.5176165103912
195953,94,797.3699999999988,991,18,2,False,0,pistol,,,,,,,144.486414512229,2357.376809835434
197179,95,973.9800000000023,1226,21,3,False,0,pistol,,,,,,,76.14881279570746,2373.4772646427155
198800,96,1468.1220000000058,1621,31,3,False,0,pistol,,,,,,,83.71381648684381,2392.8413331508636
202182,97,3546.9969999999976,3382,70,7,True,67,machinegun,,,,,,,105.14595157985335,2425.0067822933197
204536,98,2636.7789999999836,2354,38,1,True,30,machinegun,,,,,,,100.47457487065188,2448.4361510276794
205230,99,557.2599999999989,694,12,1,False,0,pistol,,,,,,,50.6928925646893,2462.1269512176514
206560,100,1062.219999999999,1330,23,3,False,0,pistol,,,,,,,127.86555782791142,2472.529050350189
208731,101,1935.7899999999972,2171,40,4,False,0,pistol,,,,,,,87.02578263705544,2497.476213693619
210857,102,2231.9340000000043,2126,37,4,False,0,pistol,,,,,,,94.25387900939066,2520.0328080654144
214379,103,4195.999999999976,3522,67,7,False,0,pistol,,,,,,,86.71951074692335,2560.646920442581
216512,104,2567.9169999999913,2133,38,4,False,0,pistol,,,,,,,69.90914169555437,2591.1584799289703
218496,105,1881.2200000000078,1984,34,4,False,0,pistol,,,,,,,71.48260316929749,2618.914118528366
220821,106,2494.415000000006,2325,42,4,True,35,machinegun,,,,,,,68.91887705931818,2652.650055885315
222586,107,1366.8139999999996,1765,32,4,False,0,pistol,,,,,,,66.4719098976679,2679.2032413482666
223291,108,511.7700000000003,705,11,2,False,0,pistol,,,,,,,49.07643566762148,2693.569182872772
224374,109,1113.924999999999,1083,19,2,True,47,machinegun,,,,,,,151.5929407780405,2700.7137467861176
225453,110,829.8789999999993,1079,18,2,True,62,machinegun,,,,,,,73.21593560698435,2715.4513795375824
226395,111,394.9000000000013,942,15,2,False,0,pistol,,,,,,,144.60081566447633,2721.9662675857544
227776,112,1247.2999999999968,1381,25,3,True,10,machinegun,,,,,,,65.65074321380222,2743.002245903015
230978,113,2817.5769999999925,3202,64,7,False,0,pistol,,,,,,,101.24314693148601,2774.629543066025
233978,114,2679.958999999994,3000,58,6,False,0,pistol,,,,,,,85.80855430048709,2809.591500520706
235307,115,1760.343000000001,1329,22,3,False,0,pistol,,,,,,,106.78342173603906,2822.037760734558
236612,116,727.9549999999982,1305,23,3,False,0,pistol,,,,,,,59.880286833744066,2843.831930875778
238242,117,1228.9910000000007,1630,29,3,False,0,pistol,,,,,,,65.60493738143036,2868.6780943870544
240224,118,1981.2140000000072,1982,33,3,False,0,pistol,,,,,,,63.645340325362014,2899.8199560642242
242090,119,935.4249999999993,1866,32,4,False,0,pistol,,,,,,,82.78632358481815,2922.3605551719666
243449,120,774.0100000000027,1359,22,3,False,0,pistol,,,,,,,152.1128261965671,2931.295108318329
244916,121,1802.1460000000002,1467,26,2,False,0,pistol,,,,,,,86.53674351579949,2948.2478613853455
245803,122,513.4999999999986,887,16,2,False,0,pistol,,,,,,,65.89099166399217,2961.709906101227
246285,123,116.81999999999994,482,7,1,False,0,pistol,,,,,,,150.52213585864584,2964.9126212596893
247284,124,905.1699999999968,999,16,2,False,0,pistol,,,,,,,143.58185671769365,2971.8707447052
248313,125,986.7400000000033,1029,18,2,False,0,pistol,,,,,,,70.29810755332926,2986.508814573288
250790,126,2270.1849999999954,2477,46,5,False,0,pistol,,,,,,,99.42346444597737,3011.422911167145
251348,127,109.47000000000023,558,9,1,False,0,pistol,,,,,,,146.46495308928115,3015.2331640720367
252199,128,546.7200000000003,851,13,2,False,0,pistol,,,,,,,65.82779417090792,3028.1613261699677
256496,129,4706.229,4297,99,9,True,64,machinegun,,,,,,,97.7066202712505,3072.1403255462646
259161,130,3303.058000000003,2665,54,5,True,9,machinegun,,,,,,,91.7251946091929,3101.1950759887695
260968,131,1310.4030000000016,1807,32,4,True,28,machinegun,,,,,,,66.88721627423148,3128.211213827133
263087,132,1773.7869999999884,2119,39,4,False,0,pistol,,,,,,,71.53747544617724,3157.8326227664948
266054,133,3034.907999999977,2967,59,6,False,0,pistol,,,,,,,78.53502822247074,3195.6125314235687
267765,134,1310.4380000000049,1711,30,4,False,0,pistol,,,,,,,61.689342948124214,3223.3490130901337
271465,135,4019.310000000008,3700,79,7,False,0,pistol,,,,,,,69.40734348011385,3276.658042192459
271969,136,351.18000000000046,504,8,1,False,0,pistol,,,,,,,139.30224214927492,3280.276579141617
272756,137,23.85999999999976,787,11,2,False,0,pistol,,,,,,,59.75521016584523,3293.447468519211
274002,138,947.8309999999998,1246,22,2,True,44,machinegun,,,,,,,140.41185711555602,3302.3217599391937
274605,139,53.640000000000114,603,9,1,False,0,pistol,,,,,,,51.58015883203233,3314.012746334076
275273,140,44.45000000000003,668,10,2,False,0,pistol,,,,,,,144.68844430058314,3318.6299715042114
277082,141,1194.7529999999995,1809,31,4,False,0,pistol,,,,,,,90.96315528078894,3338.5176293849945
277696,142,66.55999999999972,614,10,2,False,0,pistol,,,,,,,149.33505037827487,3342.6295964717865
278316,143,337.6900000000004,620,11,2,False,0,pistol,,,,,,,149.12578885516513,3346.7875645160675
279020,144,-30.76799999999999,704,11,2,True,46,machinegun,,,,,,,56.34355779896757,3359.2828464508057
280262,145,961.5019999999996,1242,21,3,False,0,pistol,,,,,,,136.85340199342147,3368.3588540554047
281673,146,890.9879999999987,1411,24,3,False,0,pistol,,,,,,,82.2915725946796,3385.505618095398
282207,147,-94.21499999999976,534,9,1,False,0,pistol,,,,,,,154.6993788011632,3388.957890033722
282909,148,341.8700000000008,702,13,2,False,0,pistol,,,,,,,58.121963247804956,3401.036386013031
283756,149,358.95500000000004,847,13,2,False,0,pistol,,,,,,,151.56294178165544,3406.625334262848
284404,150,254.02000000000083,648,11,2,False,0,pistol,,,,,,,154.22626704270084,3410.8273866176605
285631,151,626.8249999999996,1227,20,3,False,0,pistol,,,,,,,77.86384525716483,3426.5861597061157
288650,152,2952.832999999991,3019,61,7,False,0,pistol,,,,,,,95.77002760249202,3458.11012506485
290699,153,1446.6740000000045,2049,37,4,False,0,pistol,,,,,,,79.35361893750422,3483.931799173355
291838,154,744.5599999999948,1139,18,2,False,0,pistol,,,,,,,58.07182508339029,3503.54594540596
292824,155,726.2800000000037,986,17,2,False,0,pistol,,,,,,,126.8714111042556,3511.3180792331696
293938,156,536.8849999999996,1114,17,2,False,0,pistol,,,,,,,64.16609138867179,3528.6797728538513
295438,157,989.022999999999,1500,24,3,False,0,pistol,,,,,,,86.42529432678779,3546.0363268852234
296764,158,436.1300000000004,1326,23,3,False,0,pistol,,,,,,,147.90464443669327,3555.002181529999
297783,159,224.95000000000056,1019,16,1,False,0,pistol,,,,,,,69.99687545692905,3569.560437440872
299768,160,1516.024999999999,1985,38,3,True,99,machinegun,,,,,,,87.70695275959714,3592.1930351257324
301306,161,884.664999999995,1538,26,3,False,0,pistol,,,,,,,83.28561669652831,3610.6601283550262
301898,162,246.25999999999993,592,9,1,False,0,pistol,,,,,,,144.769389740636,3614.7499556541443
302881,163,320.27,983,16,1,False,0,pistol,,,,,,,137.8791749951234,3621.87988948822
304705,164,1402.4409999999943,1824,30,4,False,0,pistol,,,,,,,77.1765916810378,3645.514519929886
305578,165,349.57999999999885,873,13,2,False,0,pistol,,,,,,,62.896679835603436,3659.394966363907
306285,166,436.00000000000165,707,12,2,True,46,machinegun,,,,,,,134.12673278200083,3664.666624069214
307317,167,541.7230000000031,1032,17,2,False,0,pistol,,,,,,,71.35804060459023,3679.1293992996216
308722,168,1233.4200000000037,1405,25,3,False,0,pistol,,,,,,,150.92513774006437,3688.4390618801117
311187,169,2331.8230000000035,2465,45,5,True,29,machinegun,,,,,,,75.05537568038304,3721.281996488571
313805,170,2140.282999999993,2618,48,5,False,0,pistol,,,,,,,59.99138228061955,3764.9220807552338
316354,171,2502.892000000017,2549,48,4,False,0,pistol,,,,,,,93.31538147693394,3792.238610267639
317265,172,907.9599999999991,911,15,2,False,0,pistol,,,,,,,138.4748567200666,3798.8178839683533
318424,173,1021.1099999999988,1159,20,3,False,0,pistol,,,,,,,68.74367130445262,3815.678132534027
319354,174,628.8599999999966,930,14,2,False,0,pistol,,,,,,,112.68415036290759,3823.9317150115967
320423,175,500.8000000000008,1069,17,2,False,0,pistol,,,,,,,49.67891299786294,3845.4504952430725
321516,176,901.2400000000011,1093,18,2,False,0,pistol,,,,,,,99.821535060192,3856.400614261627
323425,177,1978.1369999999856,1909,33,4,False,0,pistol,,,,,,,75.93162172697275,3881.542298078537
325522,178,1831.9640000000045,2097,39,4,False,0,pistol,,,,,,,86.95152383773929,3905.659648180008
328128,179,1922.080000000009,2606,48,5,False,0,pistol,,,,,,,72.72524235645686,3941.493563890457
331999,180,3423.6920000000114,3871,86,9,True,86,machinegun,,,,,,,86.02697471653286,3986.4915294647217
333468,181,1035.766000000003,1469,27,3,False,0,pistol,,,,,,,128.25430946168717,3997.9458045959473
336420,182,3865.633999999958,2952,54,6,False,0,pistol,,,,,,,77.62914561794317,4035.9731686115265
338778,183,2432.071000000009,2358,45,5,False,0,pistol,,,,,,,93.70208823050237,4061.138468027115
342176,184,4308.782000000018,3398,68,7,False,0,pistol,,,,,,,79.05567671572109,4104.121222019196
345121,185,2863.3569999999972,2945,54,6,False,0,pistol,,,,,,,68.487563632128,4147.122300386429
347228,186,2280.2499999999986,2107,39,4,False,0,pistol,,,,,,,73.58387080983546,4175.7567319869995
350055,187,2135.1299999999906,2827,49,5,False,0,pistol,,,,,,,85.86598561109881,4208.6805737018585
352466,188,2088.901000000012,2411,45,4,False,0,pistol,,,,,,,74.52537292692212,4241.03240609169
354204,189,1580.9039999999961,1738,30,3,False,0,pistol,,,,,,,113.74552336014031,4256.312574386597
356478,190,2250.3079999999973,2274,41,5,False,0,pistol,,,,,,,53.78451873836845,4298.592841386795
358802,191,2496.071999999977,2324,42,5,False,0,pistol,,,,,,,73.1992541060726,4330.342335224152
361507,192,2735.420999999994,2705,52,6,False,0,pistol,,,,,,,107.76606567813094,4355.443528413773
362947,193,1631.7140000000031,1440,25,3,False,0,pistol,,,,,,,67.1514745951406,4376.888104438782
364470,194,1354.5950000000103,1523,24,3,False,0,pistol,,,,,,,96.46387479095725,4392.677110671997
365852,195,1166.5300000000054,1382,23,3,False,0,pistol,,,,,,,58.332247113299886,4416.369430541992
367414,196,1596.0800000000113,1562,26,1,False,0,pistol,,,,,,,62.93505438545995,4441.189126491547
370540,197,2092.409999999974,3126,57,6,False,0,pistol,,,,,,,100.62198729439842,4472.2565767765045
372424,198,1848.74399999999,1884,35,4,True,2,machinegun,,,,,,,88.48062427229043,4493.549883842468
373826,199,1630.1399999999892,1402,24,3,False,0,pistol,,,,,,,57.18900115902659,4518.065770149231
376496,200,2474.779000000006,2670,46,5,False,0,pistol,,,,,,,68.7541205428947,4556.900283813477
379781,201,3608.152000000005,3285,67,6,False,0,pistol,,,,,,,69.78618973405875,4603.973232746124
383396,202,4266.090000000007,3615,79,8,False,0,pistol,,,,,,,96.03278235910295,4641.617087841034
383823,203,77.5809999999997,427,7,1,False,0,pistol,,,,,,,170.12831363143655,4644.12738442421
385012,204,629.8779999999997,1189,20,3,False,0,pistol,,,,,,,169.93609102390718,4651.1244966983795
385810,205,387.8299999999995,798,14,1,False,0,pistol,,,,,,,72.8857180598195,4662.073523283005
386875,206,465.6239999999998,1065,18,2,True,30,machinegun,,,,,,,173.04719082754934,4668.228332042694
388351,207,365.5449999999978,1476,24,3,True,48,machinegun,,,,,,,91.72677674278081,4684.320043325424
390169,208,2216.326000000014,1818,31,4,False,0,pistol,,,,,,,88.91083629974091,4704.768012523651
390985,209,156.3700000000007,816,13,2,False,0,pistol,,,,,,,127.4637678439112,4711.170258760452
392293,210,1133.7,1308,21,3,False,0,pistol,,,,,,,76.65164714461889,4728.234925270081
393374,211,1297.5910000000038,1081,19,2,False,0,pistol,,,,,,,70.54147563289453,4743.559716701508
396272,212,1969.7699999999904,2898,54,6,False,0,pistol,,,,,,,98.27247520599568,4773.0495529174805
399434,213,2940.7950000000346,3162,60,7,False,0,pistol,,,,,,,86.99953985140925,4809.395020484924
403220,214,4181.324000000022,3786,82,9,False,0,pistol,,,,,,,123.74035438322295,4839.991735458374
405503,215,1899.4420000000057,2283,43,5,False,0,pistol,,,,,,,102.9859864532438,4862.160196781158
409153,216,4312.420999999978,3650,74,8,False,0,pistol,,,,,,,93.53629431334305,4901.182993888855
409779,217,22.430000000000113,626,10,2,False,0,pistol,,,,,,,57.87248365106064,4912.000327348709
412245,218,2220.266999999986,2466,45,4,False,0,pistol,,,,,,,91.43188526961923,4938.9716057777405
414557,219,1841.7249999999901,2312,39,4,False,0,pistol,,,,,,,75.5816619293959,4969.561531543732
416831,220,2227.5990000000115,2274,41,5,False,0,pistol,,,,,,,86.83150863467512,4995.750628232956
418253,221,1571.5399999999993,1422,25,3,False,0,pistol,,,,,,,69.50571673217635,5016.209862232208
419362,222,766.8499999999989,1109,19,2,False,0,pistol,,,,,,,122.18213423056996,5025.28688955307
420780,223,867.3299999999999,1418,24,3,False,0,pistol,,,,,,,83.72270500133921,5042.224330663681
421975,224,1197.2099999999994,1195,20,2,False,0,pistol,,,,,,,82.53393517331244,5056.703778266907
424180,225,1873.0010000000025,2205,41,5,False,0,pistol,,,,,,,102.1135011061751,5078.297755479813
425815,226,1362.672999999996,1635,30,3,False,0,pistol,,,,,,,136.04354115716205,5090.316461324692
426850,227,870.7830000000025,1035,18,2,False,0,pistol,,,,,,,68.62823992063029,5105.398308753967
429752,228,3610.5579999999954,2902,58,6,False,0,pistol,,,,,,,104.6841767009997,5133.120212316513
432882,229,2889.261999999967,3130,62,7,False,0,pistol,,,,,,,92.0830184621094,5167.111712217331
434931,230,2418.3339999999866,2049,36,4,False,0,pistol,,,,,,,97.32597547612458,5188.165075778961
438015,231,2083.5900000000024,3084,59,6,False,0,pistol,,,,,,,121.9628501925347,5213.451894521713
440309,232,2529.1699999999983,2294,41,5,False,0,pistol,,,,,,,113.41139758373517,5233.679509162903
441001,233,346.5249999999991,692,11,1,False,0,pistol,,,,,,,66.09736795480765,5244.149279594421
442406,234,1311.8289999999995,1405,24,3,True,35,machinegun,,,,,,,92.858036726766,5259.2803745269775
443919,235,1152.0440000000015,1513,26,3,False,0,pistol,,,,,,,170.04813002796988,5268.178286075592
446929,236,2836.029999999972,3010,57,6,False,0,pistol,,,,,,,93.54480902261565,5300.355763196945
448624,237,1257.9450000000077,1695,30,4,True,24,machinegun,,,,,,,102.07454652221745,5316.9616487026215
449358,238,159.62999999999957,734,11,2,False,0,pistol,,,,,,,163.41224992948358,5321.453722953796
450039,239,650.7799999999994,681,11,2,False,0,pistol,,,,,,,173.03641037781912,5325.38969707489
451064,240,653.3470000000025,1025,18,2,False,0,pistol,,,,,,,80.16081231939789,5338.176933288574
453361,241,1919.9350000000043,2297,39,3,False,0,pistol,,,,,,,112.8106884629964,5358.538832426071
455583,242,1547.3250000000078,2222,38,4,False,0,pistol,,,,,,,109.42004019089909,5378.846446752548
457911,243,1894.8190000000113,2328,39,4,False,0,pistol,,,,,,,115.51271650324367,5399.000524759293
458860,244,478.1899999999997,949,17,2,False,0,pistol,,,,,,,73.26447846990632,5411.953948497772
460942,245,2080.7399999999984,2082,37,4,False,0,pistol,,,,,,,111.52597764688889,5430.622666120529
463769,246,2579.072000000008,2827,56,6,True,47,machinegun,,,,,,,123.39158450124435,5453.53382730484
465509,247,1942.3030000000003,1740,32,4,False,0,pistol,,,,,,,105.58934630661129,5470.013160705566
466992,248,1013.4319999999989,1483,26,3,False,0,pistol,,,,,,,97.24285952830837,5485.264001131058
470595,249,4365.417999999967,3603,67,7,False,0,pistol,,,,,,,122.62640620211198,5514.646484613419
473762,250,3055.8199999999842,3167,58,6,False,0,pistol,,,,,,,99.25129041852885,5546.555779933929
475501,251,1035.414999999998,1739,30,3,False,0,pistol,,,,,,,102.15130557878409,5563.579914808273
476696,252,894.713,1195,20,1,True,12,machinegun,,,,,,,167.53224261303052,5570.713260173798
477133,253,27.3350000000001,437,7,1,False,0,pistol,,,,,,,173.28464185673363,5573.235624551773
480842,254,3841.8029999999867,3709,73,8,False,0,pistol,,,,,,,102.02325292317477,5609.590507984161
484748,255,4129.465000000011,3906,77,8,False,0,pistol,,,,,,,107.90172705976005,5645.790499687195
487876,256,3319.395999999995,3128,61,7,False,0,pistol,,,,,,,95.63610629198969,5678.498186588287
490350,257,1681.3050000000026,2474,46,5,False,0,pistol,,,,,,,114.73045601481302,5700.062169313431
491127,258,164.04500000000067,777,12,1,False,0,pistol,,,,,,,171.2523426129121,5704.599831342697
491466,259,-181.92999999999986,339,6,1,False,0,pistol,,,,,,,163.80506231905045,5706.669725656509
493675,260,1743.5300000000047,2209,41,5,False,0,pistol,,,,,,,78.21587122571168,5734.91246342659
496315,261,1561.816,2640,51,6,True,46,machinegun,,,,,,,114.89626392880662,5757.890167474747
497504,262,584.5739999999997,1189,21,3,True,67,machinegun,,,,,,,167.80144128093943,5764.976449012756
500378,263,1860.4069999999954,2874,51,5,False,0,pistol,,,,,,,95.73811255822679,5794.996202468872
501847,264,1020.7270000000016,1469,26,3,True,50,machinegun,,,,,,,96.90708909340339,5810.155556201935
502745,265,602.0700000000012,898,15,1,False,0,pistol,,,,,,,167.73816406919755,5815.509520292282
503834,266,146.47999999999954,1089,18,1,False,0,pistol,,,,,,,82.22611519375626,5828.753835201263
505571,267,1698.9899999999923,1737,32,4,True,39,machinegun,,,,,,,170.76322785758506,5838.926209926605
506960,268,1213.8230000000005,1389,25,3,True,4,machinegun,,,,,,,94.5107529457268,5853.623336791992
511066,269,4559.815000000012,4106,98,10,True,72,machinegun,,,,,,,109.81980634492476,5891.012251377106
513595,270,2432.570999999993,2529,46,5,False,0,pistol,,,,,,,117.20591516136832,5912.590045928955
515832,271,2544.697999999997,2237,38,4,False,0,pistol,,,,,,,113.33421665494147,5932.328653812408
518706,272,3737.865999999982,2874,54,6,True,74,machinegun,,,,,,,92.6884042727539,5963.336187839508
521246,273,2986.9339999999847,2540,49,4,False,0,pistol,,,,,,,116.84515502180008,5985.074774503708
523658,274,2527.0700000000215,2412,45,5,False,0,pistol,,,,,,,99.49771638849532,6009.316904783249
525206,275,1302.248000000002,1548,28,3,False,0,pistol,,,,,,,88.41559854809454,6026.82555937767
525791,276,252.2000000000011,585,10,2,False,0,pistol,,,,,,,136.60009340613794,6031.108530044556
527165,277,1082.479999999997,1374,23,1,False,0,pistol,,,,,,,74.39316555659457,6049.578462839127
529675,278,2030.3179999999973,2510,47,5,False,0,pistol,,,,,,,98.60403118474166,6075.034252882004
531068,279,971.1890000000027,1393,24,3,False,0,pistol,,,,,,,90.17498996450625,6090.482525587082
532357,280,525.8549999999991,1289,22,2,False,0,pistol,,,,,,,167.48213136203177,6098.179255485535
535690,281,4322.1149999999925,3333,61,7,False,0,pistol,,,,,,,90.69230247488655,6134.930295467377
537009,282,1095.3299999999977,1319,21,3,False,0,pistol,,,,,,,92.82268498272634,6149.140572071075
539365,283,2085.8060000000046,2356,43,5,False,0,pistol,,,,,,,102.67045671280599,6172.0882251262665
541820,284,2490.5210000000097,2455,46,5,False,0,pistol,,,,,,,102.11323303291708,6196.130690097809
545706,285,3902.6730000000252,3886,75,8,False,0,pistol,,,,,,,102.19141583635822,6234.157868146896
546892,286,973.0509999999985,1186,19,2,False,0,pistol,,,,,,,76.67722835264958,6249.625705957413
548114,287,1011.2800000000018,1222,19,2,False,0,pistol,,,,,,,148.50886811668627,6257.854620933533
550593,288,2457.8690000000183,2479,44,5,False,0,pistol,,,,,,,107.06847988883482,6281.008540630341
552868,289,2294.8339999999916,2275,41,5,False,0,pistol,,,,,,,99.48409454146436,6303.876994371414
555553,290,2592.1790000000065,2685,52,6,True,50,machinegun,,,,,,,92.36218412459316,6332.947782754898
558640,291,3340.2249999999963,3087,60,7,False,0,pistol,,,,,,,122.50153195786989,6358.147921562195
559584,292,291.2500000000008,944,14,2,False,0,pistol,,,,,,,76.13650195281092,6370.547059774399
562084,293,2370.487999999988,2500,48,5,False,0,pistol,,,,,,,100.8069751332649,6395.3473925590515
564728,294,2389.5860000000002,2644,51,6,False,0,pistol,,,,,,,117.71182850446819,6417.80943441391
566299,295,1122.4149999999931,1571,28,3,False,0,pistol,,,,,,,97.03183146928592,6434.000384569168
568853,296,2078.784999999986,2554,47,5,False,0,pistol,,,,,,,106.52049270453742,6457.977514743805
572832,297,4106.5350000000035,3979,83,9,True,50,machinegun,,,,,,,97.776077295963,6498.67294383049
576538,298,3198.833000000005,3706,73,8,False,0,pistol,,,,,,,94.69922776410182,6537.807919502258
577873,299,1129.2790000000027,1335,24,3,True,4,machinegun,,,,,,,81.91890578240609,6554.104944944382
579338,300,1438.510000000004,1465,26,3,False,0,pistol,,,,,,,157.13552040398343,6563.428630113602
582779,301,2007.7219999999995,3441,70,7,True,88,machinegun,,,,,,,91.92467745744392,6600.861812829971
583280,302,69.29,501,8,1,False,0,pistol,,,,,,,151.77267809639812,6604.163217306137
587197,303,4793.571000000006,3917,85,8,False,0,pistol,,,,,,,102.38354362031389,6642.421837806702
589401,304,1798.3090000000036,2204,41,5,False,0,pistol,,,,,,,105.70859737480988,6663.272063732147
592178,305,2286.5100000000157,2777,51,6,False,0,pistol,,,,,,,86.7882923729139,6695.269962072372
593553,306,1326.5769999999995,1375,22,3,False,0,pistol,,,,,,,154.6503385837386,6704.161432504654
595159,307,1207.5400000000016,1606,28,3,True,50,machinegun,,,,,,,92.90278848123035,6721.448874950409
596534,308,1152.040000000005,1375,23,3,False,0,pistol,,,,,,,90.47662929825597,6736.6465899944305
600168,309,2651.865000000002,3634,83,8,True,58,machinegun,,,,,,,88.33359738579715,6777.78650188446
601157,310,555.1100000000005,989,17,2,False,0,pistol,,,,,,,145.17336184235094,6784.599449157715
601776,311,255.61999999999983,619,10,2,False,0,pistol,,,,,,,156.63733562207233,6788.55166220665
603280,312,1044.6880000000049,1504,25,3,False,0,pistol,,,,,,,96.9162210523809,6804.070627450943
604620,313,596.0400000000014,1340,22,3,False,0,pistol,,,,,,,93.48129134998138,6818.4054980278015
605386,314,213.13000000000125,766,10,2,False,0,pistol,,,,,,,174.5536656175167,6822.79420208931
606337,315,783.9100000000022,951,15,2,False,0,pistol,,,,,,,75.3570359621667,6835.414554595947
610488,316,4175.128000000021,4151,105,11,True,1,machinegun,,,,,,,85.75620867563774,6883.81969499588
614499,317,4325.77899999998,4011,86,9,True,47,machinegun,,,,,,,92.99420407264712,6926.951848745346
616660,318,2404.643000000005,2161,41,5,True,50,machinegun,,,,,,,101.03486116958622,6948.340894460678
619481,319,2736.489999999994,2821,55,6,False,0,pistol,,,,,,,93.18661852519293,6978.6138870716095
621037,320,1206.7500000000027,1556,28,3,False,0,pistol,,,,,,,82.74779683957016,6997.418550729752
622077,321,419.83999999999844,1040,17,2,False,0,pistol,,,,,,,156.78724181012132,7004.052232980728
624354,322,2399.1560000000004,2277,43,5,False,0,pistol,,,,,,,115.20738884468516,7023.817051887512
626129,323,1698.539000000003,1775,32,3,False,0,pistol,,,,,,,103.90179422428086,7040.901004076004
629118,324,3300.8470000000216,2989,55,6,True,46,machinegun,,,,,,,80.10363512446969,7078.215545654297
630657,325,1742.367,1539,27,3,False,0,pistol,,,,,,,169.66196275756778,7087.286895513535
632285,326,1965.2849999999996,1628,31,4,True,35,machinegun,,,,,,,100.08002812073113,7103.554238319397
635925,327,3097.4620000000023,3640,71,8,False,0,pistol,,,,,,,91.98702113328008,7143.125410318375
637209,328,839.2149999999997,1284,23,3,True,27,machinegun,,,,,,,74.13802452355237,7160.444904565811
639817,329,2590.7300000000055,2608,48,5,False,0,pistol,,,,,,,81.98508664056139,7192.256052970886
641168,330,1110.0680000000002,1351,23,3,False,0,pistol,,,,,,,67.1902514371783,7212.36359333992
643146,331,1700.6960000000058,1978,33,4,False,0,pistol,,,,,,,92.28942911336404,7233.79664683342
644225,332,305.3500000000005,1079,18,1,False,0,pistol,,,,,,,153.63952244669852,7240.8200340271
647871,333,3844.4050000000134,3646,78,8,True,50,machinegun,,,,,,,103.265648576203,7276.127520561218
648197,334,28.100000000000378,326,4,1,False,0,pistol,,,,,,,165.16552378336348,7278.101658344269
648919,335,386.51999999999947,722,11,2,False,0,pistol,,,,,,,166.79568906022195,7282.430663585663
650185,336,1366.700000000002,1266,23,2,False,0,pistol,,,,,,,89.9857414497479,7296.49991774559
653021,337,2370.7169999999915,2836,53,6,False,0,pistol,,,,,,,118.8938049751152,7320.353656291962
655038,338,2190.0479999999943,2017,37,4,False,0,pistol,,,,,,,109.74099825092286,7338.733738899231
657602,339,2387.929999999984,2564,47,5,False,0,pistol,,,,,,,79.43778875866691,7371.011086940765
662066,340,5047.926000000032,4464,95,10,False,0,pistol,,,,,,,100.45287315406433,7415.4503293037415
664557,341,2895.8300000000145,2491,47,5,False,0,pistol,,,,,,,101.2001999902868,7440.065368890762
666892,342,2100.8149999999896,2335,43,5,False,0,pistol,,,,,,,92.16945684824384,7465.399733066559
669201,343,2640.4580000000165,2309,42,5,False,0,pistol,,,,,,,95.55835653622593,7489.56348156929
670334,344,860.5399999999948,1133,19,2,True,4,machinegun,,,,,,,70.79107138776524,7505.568828344345
671004,345,575.1299999999997,670,11,2,False,0,pistol,,,,,,,132.22868647009233,7510.636274576187
673359,346,2397.448999999996,2355,45,5,False,0,pistol,,,,,,,93.69723927315859,7535.770838260651
676125,347,1918.023999999999,2766,54,6,False,0,pistol,,,,,,,78.94579486486721,7570.807964086533
677754,348,675.6949999999949,1629,27,3,False,0,pistol,,,,,,,142.5904903363391,7582.232786893845
679491,349,1712.509999999997,1737,32,3,True,38,machinegun,,,,,,,87.97167395351981,7601.978300333023
680312,350,353.06999999999925,821,14,1,False,0,pistol,,,,,,,58.49608759237766,7616.013862848282
682395,351,1778.5599999999945,2083,35,4,False,0,pistol,,,,,,,93.45374022679793,7638.303472042084
683788,352,1515.2899999999931,1393,24,3,False,0,pistol,,,,,,,140.769569403564,7648.1994841098785
686478,353,2356.3170000000105,2690,53,6,False,0,pistol,,,,,,,78.97055073050896,7682.263203382492
687198,354,362.7699999999991,720,12,2,False,0,pistol,,,,,,,141.4465851941403,7687.353887796402
688660,355,1378.2399999999952,1462,25,2,False,0,pistol,,,,,,,77.80976928940015,7706.143689155579
690329,356,1914.4240000000025,1669,30,3,True,65,machinegun,,,,,,,84.68269093619263,7725.853111028671
693135,357,3648.472000000003,2806,54,6,False,0,pistol,,,,,,,100.13244502033365,7753.876414060593
694127,358,736.6149999999998,992,15,2,False,0,pistol,,,,,,,137.70830936145538,7761.080456018448
695069,359,763.7900000000019,942,16,2,False,0,pistol,,,,,,,66.20220026988346,7775.310025930405
695528,360,45.9200000000001,459,7,1,False,0,pistol,,,,,,,138.15669765408137,7778.632774591446
697213,361,2026.8500000000065,1685,30,3,False,0,pistol,,,,,,,85.5941138435991,7798.319118022919
699212,362,2179.6220000000053,1999,38,4,False,0,pistol,,,,,,,92.05711765687197,7820.034410953522
700489,363,595.8149999999987,1277,20,3,False,0,pistol,,,,,,,71.80606138541597,7837.8188309669495
703663,364,3138.819999999997,3174,65,7,True,36,machinegun,,,,,,,103.43910571541285,7868.504122972488
705765,365,1860.2890000000073,2102,40,5,False,0,pistol,,,,,,,93.73666749795099,7890.929167985916
706394,366,425.2000000000004,629,11,2,False,0,pistol,,,,,,,134.01965334439134,7895.623070478439
709171,367,2971.872999999995,2777,54,6,False,0,pistol,,,,,,,76.97039047459367,7931.702311992645
712988,368,4895.983000000002,3817,91,9,True,191,machinegun,,,,,,,88.79073012539315,7974.691568613052
717516,369,4652.998000000019,4528,112,12,False,0,pistol,,,,,,,91.39136846403169,8024.237186431885
719343,370,1839.109999999991,1827,31,4,False,0,pistol,,,,,,,88.14922753349414,8044.963979959488
723054,371,4849.938999999985,3711,83,9,False,0,pistol,,,,,,,86.90420423385766,8087.666706562042
726786,372,3769.0980000000236,3732,75,8,False,0,pistol,,,,,,,107.75551894882788,8122.30112528801
728356,373,1461.368000000001,1570,28,2,False,0,pistol,,,,,,,78.26047295179357,8142.36289525032
730542,374,2239.2309999999916,2186,39,4,False,0,pistol,,,,,,,95.37008888561306,8165.284626960754
731939,375,1093.8129999999994,1397,22,3,False,0,pistol,,,,,,,77.81747140241377,8183.2373287677765
734224,376,2142.039000000007,2285,42,5,False,0,pistol,,,,,,,96.18284790121443,8206.994628667831
737684,377,4018.8910000000133,3460,67,7,False,0,pistol,,,,,,,84.09540707903706,8248.138784885406
741360,378,3518.8149999999946,3676,70,8,False,0,pistol,,,,,,,107.16021905379104,8282.443053483963
742833,379,1202.5070000000012,1473,25,3,True,46,machinegun,,,,,,,82.63807010356868,8300.268270254135
743447,380,314.16000000000065,614,10,2,False,0,pistol,,,,,,,50.58903777364618,8312.405753612518
743795,381,24.490000000000016,348,5,1,False,0,pistol,,,,,,,140.16901434419736,8314.888952255249
745200,382,1133.319999999998,1405,24,3,False,0,pistol,,,,,,,135.86488462326687,8325.230526685715
746917,383,1913.7469999999998,1717,30,3,False,0,pistol,,,,,,,86.47107772242566,8345.087381601334
749843,384,3948.9390000000076,2926,54,5,False,0,pistol,,,,,,,80.41996415359918,8381.471818208694
752812,385,3159.507000000005,2969,51,6,False,0,pistol,,,,,,,104.99251927719276,8409.75053358078
755770,386,2157.7799999999893,2958,56,6,False,0,pistol,,,,,,,78.58427524295566,8447.39212346077
759176,387,3836.8799999999796,3406,65,7,False,0,pistol,,,,,,,106.81782868277823,8479.278759002686
761001,388,608.9700000000004,1825,32,4,False,0,pistol,,,,,,,88.97275115020798,8499.791152954102
764462,389,3553.9749999999717,3461,61,7,False,0,pistol,,,,,,,85.08112141743167,8540.470385551453
767362,390,2949.153000000031,2900,53,6,False,0,pistol,,,,,,,101.54433781370766,8569.029792785645
770085,391,2261.3000000000025,2723,51,6,False,0,pistol,,,,,,,78.83909582698372,8603.5688996315
773249,392,4032.6239999999993,3164,59,6,True,50,machinegun,,,,,,,102.49284485094621,8634.439875125885
775255,393,1471.5799999999954,2006,36,4,False,0,pistol,,,,,,,91.85075072267546,8656.280072450638
776423,394,604.3800000000022,1168,21,3,False,0,pistol,,,,,,,73.01282832412079,8672.277810573578
780140,395,2802.0850000000178,3717,74,8,False,0,pistol,,,,,,,106.47652805703933,8707.187504053116
782487,396,1873.9399999999914,2347,40,5,False,0,pistol,,,,,,,72.35289212047773,8739.626264572144
783808,397,795.9100000000033,1321,22,3,False,0,pistol,,,,,,,138.28623507420798,8749.17943906784
786954,398,3577.1870000000104,3146,63,7,False,0,pistol,,,,,,,83.14263054315954,8787.018455505371
789534,399,2527.3450000000234,2580,45,5,False,0,pistol,,,,,,,99.24871559714225,8813.014284610748
790771,400,910.2100000000086,1237,22,3,False,0,pistol,,,,,,,72.11497979445019,8830.167875766754
794000,401,4598.888000000004,3229,55,6,False,0,pistol,,,,,,,104.06926084578953,8861.195781946182
796151,402,2570.8259999999887,2151,40,5,False,0,pistol,,,,,,,94.34902155096988,8883.994615793228
798957,403,3330.9310000000114,2806,55,6,False,0,pistol,,,,,,,79.62506954464298,8919.235176801682
800216,404,880.9480000000053,1259,23,3,True,31,machinegun,,,,,,,139.79889982364404,8928.241408586502
801293,405,635.0100000000017,1077,18,2,False,0,pistol,,,,,,,69.59433260260239,8943.71721482277
802800,406,1278.9299999999992,1507,25,3,False,0,pistol,,,,,,,141.47894967681717,8954.369493961334
805550,407,2949.225000000001,2750,54,6,True,7,machinegun,,,,,,,79.2778587177883,8989.058164834976
808821,408,3847.1750000000166,3271,68,7,False,0,pistol,,,,,,,105.3676943176579,9020.102411746979
811539,409,3361.717999999985,2718,51,6,False,0,pistol,,,,,,,75.80914044598121,9055.95610666275
812483,410,-21.470000000000013,944,15,2,False,0,pistol,,,,,,,139.77020110532686,9062.710479974747
814616,411,2034.9579999999999,2133,39,4,True,45,machinegun,,,,,,,92.04897252652448,9085.883404493332
816667,412,1710.5879999999872,2051,34,4,False,0,pistol,,,,,,,92.89081506775902,9107.963498353958
818036,413,1175.0060000000024,1369,24,3,False,0,pistol,,,,,,,79.51628107008877,9125.180527687073
819063,414,508.2499999999969,1027,17,2,False,0,pistol,,,,,,,140.60245394527684,9132.485217094421
819768,415,314.5840000000006,705,13,2,True,20,machinegun,,,,,,,56.35584408342165,9144.99556183815
820859,416,1103.9589999999973,1091,19,2,False,0,pistol,,,,,,,142.7842601078062,9152.637014389038
821673,417,680.2389999999998,814,15,2,True,27,machinegun,,,,,,,61.75547237355417,9165.818541765213
822826,418,887.414999999999,1153,20,3,True,16,machinegun,,,,,,,143.8843182618796,9173.832394838333
823723,419,399.2999999999987,897,14,1,False,0,pistol,,,,,,,63.01900926562463,9188.066706895828
825667,420,1474.2599999999882,1944,32,3,False,0,pistol,,,,,,,89.23185094538205,9209.853068113327
828920,421,3754.2749999999896,3253,60,7,False,0,pistol,,,,,,,104.04276333611554,9241.119551420212
829679,422,477.70899999999887,759,13,2,True,12,machinegun,,,,,,,57.501374886254006,9254.319751501083
832546,423,4165.932000000007,2867,52,6,False,0,pistol,,,,,,,102.98054430876068,9282.160541296005
833584,424,655.4700000000026,1038,16,1,False,0,pistol,,,,,,,68.65445976148354,9297.280252933502
835635,425,2249.7899999999822,2051,37,4,False,0,pistol,,,,,,,86.82877623231786,9320.902062892914
836190,426,-34.72499999999992,555,8,1,False,0,pistol,,,,,,,135.5292171283072,9324.99763059616
837443,427,860.0300000000009,1253,21,3,False,0,pistol,,,,,,,136.47592022437314,9334.17921090126
839292,428,1954.9560000000079,1849,31,4,False,0,pistol,,,,,,,80.76995924637683,9357.071816205978
840017,429,363.3280000000008,725,11,2,False,0,pistol,,,,,,,55.50185341381427,9370.135028123856
841050,430,695.9899999999981,1033,16,2,False,0,pistol,,,,,,,139.2280218276802,9377.555040597916
841590,431,186.6399999999993,540,9,1,False,0,pistol,,,,,,,137.00908409717698,9381.4968521595
842714,432,954.5099999999996,1124,19,2,False,0,pistol,,,,,,,70.48291579341654,9397.444379806519
844488,433,1851.508999999996,1774,29,2,False,0,pistol,,,,,,,84.92378740677376,9418.334181785583
845693,434,806.4000000000028,1205,20,3,False,0,pistol,,,,,,,141.3829254930121,9426.857565879822
847513,435,2298.9079999999963,1820,34,4,False,0,pistol,,,,,,,89.52287083827947,9447.18808221817
850534,436,4054.373000000011,3021,60,6,True,50,machinegun,,,,,,,82.05949060836305,9484.003327131271
851914,437,769.2750000000011,1380,23,3,False,0,pistol,,,,,,,139.30921240108995,9493.909875154495
855081,438,3873.9099999999876,3167,65,7,False,0,pistol,,,,,,,84.26780437314237,9531.49289560318
856309,439,632.2499999999958,1228,22,3,False,0,pistol,,,,,,,75.57853095919029,9547.741308689117
856632,440,64.52000000000014,323,6,1,True,38,machinegun,,,,,,,145.10574425914155,9549.96775841713
857199,441,420.6760000000001,567,10,1,True,2,machinegun,,,,,,,147.74472881714152,9553.805947065353
858687,442,1451.7550000000028,1488,26,3,False,0,pistol,,,,,,,78.38699030474864,9572.789155960083
861881,443,3382.147000000016,3194,64,7,False,0,pistol,,,,,,,104.5622239936219,9603.336064100266
863624,444,1660.4219999999948,1743,32,4,True,42,machinegun,,,,,,,83.24930733774974,9624.273628234863
865285,445,1679.0919999999899,1661,30,4,True,21,machinegun,,,,,,,85.96040762282077,9643.596997976303
866318,446,756.649,1033,18,2,False,0,pistol,,,,,,,68.56004534342424,9658.664603233337
868778,447,2611.3360000000225,2460,42,5,False,0,pistol,,,,,,,98.61450603698685,9683.610630989075
870411,448,846.576000000001,1633,28,3,False,0,pistol,,,,,,,83.98928343929187,9703.054001808167
873211,449,2621.552000000003,2800,48,5,False,0,pistol,,,,,,,97.18914478452211,9731.864234924316
874558,450,1041.7999999999972,1347,23,3,False,0,pistol,,,,,,,79.3115254582483,9748.848308086395
875499,451,405.0800000000006,941,16,2,False,0,pistol,,,,,,,137.9698993201902,9755.669090509415
876032,452,197.92000000000135,533,9,1,False,0,pistol,,,,,,,141.70766903361243,9759.430875778198
879619,453,3738.0459999999885,3587,79,8,False,0,pistol,,,,,,,85.35265224463082,9801.456922531128
883188,454,4183.396000000004,3569,69,7,True,56,machinegun,,,,,,,88.23997277750742,9841.903960466385
883912,455,442.4399999999989,724,11,2,False,0,pistol,,,,,,,140.374247800149,9847.062052488327
886394,456,2075.586000000003,2482,47,4,True,48,machinegun,,,,,,,97.45702216728111,9872.5303003788
890294,457,2890.8510000000247,3900,84,9,True,50,machinegun,,,,,,,88.71920905338297,9916.489762544632
893507,458,1798.0310000000004,3213,64,7,False,0,pistol,,,,,,,83.56691835402864,9954.93841123581
897787,459,3687.867000000014,4280,83,9,False,0,pistol,,,,,,,91.19173543231825,10001.872919082642
900516,460,2160.7980000000025,2729,55,6,True,72,machinegun,,,,,,,98.56858222697967,10029.559719324112
902806,461,1609.9730000000102,2290,41,5,False,0,pistol,,,,,,,95.4743534438328,10053.545617103577
905194,462,2277.6319999999987,2388,46,4,False,0,pistol,,,,,,,97.87058014351899,10077.945708274841
907724,463,3211.096999999991,2530,48,5,False,0,pistol,,,,,,,75.82376594043474,10111.313032865524
910430,464,3218.1910000000034,2706,54,6,True,53,machinegun,,,,,,,100.97942473956294,10138.11101436615
912870,465,1968.3039999999921,2440,45,5,True,75,machinegun,,,,,,,98.20764161280678,10162.95687699318
914550,466,1499.6059999999989,1680,28,3,False,0,pistol,,,,,,,87.07941591054261,10182.250138282776
917539,467,2651.0469999999964,2989,60,7,True,58,machinegun,,,,,,,80.02921483347636,10219.59949874878
918081,468,65.8399999999999,542,9,1,False,0,pistol,,,,,,,137.80790983740965,10223.532989740372
920348,469,1804.1550000000025,2267,40,5,False,0,pistol,,,,,,,95.85257411661479,10247.18446302414
922546,470,1311.3900000000076,2198,38,4,False,0,pistol,,,,,,,94.03396927446636,10270.55950808525
925376,471,2361.237000000021,2830,55,6,True,49,machinegun,,,,,,,101.67557921636667,10298.393656015396
927247,472,1769.4329999999932,1871,33,4,False,0,pistol,,,,,,,87.77676665061657,10319.709534168243
928563,473,1029.9700000000007,1316,22,3,False,0,pistol,,,,,,,78.26023478988921,10336.525648355484
930161,474,767.4099999999985,1598,27,3,False,0,pistol,,,,,,,84.77061200165076,10355.377000331879
931916,475,1453.5229999999997,1755,31,4,False,0,pistol,,,,,,,88.89886567468736,10375.118997335434
932456,476,182.75000000000006,540,9,1,False,0,pistol,,,,,,,140.73373757889973,10378.956534385681
933282,477,239.06999999999985,826,14,2,False,0,pistol,,,,,,,139.88421890592903,10384.861877202988
935084,478,1527.123000000005,1802,31,4,False,0,pistol,,,,,,,88.22980774033736,10405.286239147186
935841,479,181.50999999999934,757,12,2,False,0,pistol,,,,,,,143.61511168987778,10410.557764291763
937936,480,1259.7649999999994,2095,33,4,False,0,pistol,,,,,,,94.25786345899311,10432.784486293793
939771,481,1219.2999999999972,1835,32,4,False,0,pistol,,,,,,,87.83314852519914,10453.676826238632
944667,482,5496.4830000000375,4896,91,10,False,0,pistol,,,,,,,82.97274195168363,10512.684578418732
946240,483,1069.6859999999992,1573,28,2,True,17,machinegun,,,,,,,84.14059218618515,10531.406543970108
949106,484,2392.6200000000044,2866,57,6,False,0,pistol,,,,,,,102.79281478892433,10559.288336992264
952817,485,3231.937000000008,3711,73,8,False,0,pistol,,,,,,,89.26446332302726,10600.861901521683
953497,486,765.0499999999997,680,11,2,False,0,pistol,,,,,,,142.52416369342257,10605.63351225853
955090,487,1263.4179999999972,1593,29,3,False,0,pistol,,,,,,,84.75117616766975,10624.430210113525
956265,488,651.4760000000002,1175,20,2,True,71,machinegun,,,,,,,141.83468770109744,10632.715016126633
958744,489,2309.4109999999964,2479,46,5,False,0,pistol,,,,,,,75.2603844236199,10665.654539346695
960536,490,1080.3269999999998,1792,31,4,True,7,machinegun,,,,,,,88.14195528742242,10685.985805034637
963853,491,3436.1170000000066,3317,68,7,False,0,pistol,,,,,,,101.81549527282489,10718.564837932587
964741,492,335.3990000000016,888,14,2,False,0,pistol,,,,,,,63.17190655432569,10732.622143507004
965859,493,910.3400000000014,1118,20,3,False,0,pistol,,,,,,,127.5403383016302,10741.388446331024
966355,494,-197.30999999999977,496,8,1,False,0,pistol,,,,,,,130.41852692732633,10745.192061901093
967715,495,431.0900000000011,1360,22,3,False,0,pistol,,,,,,,78.66147614085135,10762.481823682785
969641,496,1509.4099999999999,1926,35,3,True,34,machinegun,,,,,,,80.50613725256663,10786.405951499939
971237,497,1073.9049999999975,1596,29,2,False,0,pistol,,,,,,,72.11568114611516,10808.537561416626
972563,498,323.0400000000012,1326,21,3,False,0,pistol,,,,,,,125.2962396284706,10819.121031999588
974423,499,2193.320999999998,1860,32,4,False,0,pistol,,,,,,,77.65206841180877,10843.074538230896
975724,500,1150.728000000005,1301,23,3,False,0,pistol,,,,,,,66.01358047422734,10862.783073186874
976805,501,892.4599999999998,1081,19,2,False,0,pistol,,,,,,,127.83354886363274,10871.239827394485
979438,502,2544.4200000000155,2633,53,6,False,0,pistol,,,,,,,68.92610438070933,10909.44062781334
982180,503,3284.815000000005,2742,51,6,False,0,pistol,,,,,,,88.86693630823339,10940.29623556137
983610,504,1345.1899999999964,1430,24,3,False,0,pistol,,,,,,,69.80930099829719,10960.781169891357
984860,505,887.4099999999945,1250,20,3,False,0,pistol,,,,,,,126.57987027378866,10970.656800746918
987209,506,2132.3150000000137,2349,42,5,False,0,pistol,,,,,,,64.79879176320932,11006.907929420471
989454,507,2296.759000000012,2245,41,5,False,0,pistol,,,,,,,82.91548207748681,11033.98429274559
990197,508,352.72000000000037,743,13,1,False,0,pistol,,,,,,,125.20668605132354,11039.919133901596
991339,509,927.9500000000004,1142,19,2,False,0,pistol,,,,,,,62.38175751828633,11058.226217985153
992027,510,592.3299999999984,688,11,2,False,0,pistol,,,,,,,127.54285851679995,11063.62102818489
993077,511,857.4300000000018,1050,18,2,False,0,pistol,,,,,,,126.48009861269111,11071.923157215118
994848,512,1653.7599999999993,1771,31,4,False,0,pistol,,,,,,,77.97470531691583,11094.63612151146
995534,513,352.0000000000002,686,12,2,False,0,pistol,,,,,,,47.12693018757707,11109.19300866127
998046,514,3611.2909999999883,2512,48,4,False,0,pistol,,,,,,,84.32451781097441,11138.98313832283
1000551,515,3234.368000000008,2505,49,5,False,0,pistol,,,,,,,87.10265121147987,11167.742896556854
1003828,516,4028.1050000000037,3277,70,8,False,0,pistol,,,,,,,80.4235221906656,11208.490221500397
