timestep,episode,episode_reward,episode_length,zombies_killed,wave,has_machinegun,mg_ammo,weapon,policy_loss,value_loss,entropy_loss,total_loss,clip_fraction,approx_kl,fps,elapsed_time
2003581,1,749.96736227308,2685,49,5,False,0,pistol,,,,,,,471.33760832321394,5.696554660797119
2005605,2,513.0405828890642,2024,34,4,False,0,pistol,,,,,,,481.4331092785341,9.909231185913086
2007819,3,604.3902520135725,2214,40,5,True,48,machinegun,,,,,,,502.3725641566907,14.316464185714722
2011054,4,1382.3199954502604,3235,62,7,True,50,pistol,,,,,,,442.25718684817656,21.63141393661499
2012744,5,704.2600000000155,1690,26,3,True,20,pistol,,,,,,,458.06711427958624,25.33196187019348
2014624,6,971.5922407016029,1880,33,4,False,0,pistol,,,,,,,497.0011498359894,29.114869117736816
2016603,7,509.7043908478488,1979,35,4,False,0,pistol,,,,,,,499.28997754721405,33.07871389389038
2018998,8,1094.8699999999697,2395,43,5,False,0,pistol,,,,,,,567.5363427826696,37.29891633987427
2020568,9,381.42045974848156,1570,27,3,False,0,pistol,,,,,,,476.38774340597564,40.59476041793823
2023456,10,1060.67881208452,2888,52,6,False,0,pistol,,,,,,,461.79440845680614,46.84886837005615
2026478,11,860.6264824377307,3022,55,6,False,0,pistol,,,,,,,623.3590560687844,51.69698357582092
2029852,12,1190.4087576750135,3374,62,7,False,0,pistol,,,,,,,495.4497309343456,58.50721740722656
2032072,13,843.444289488996,2220,39,4,False,0,pistol,,,,,,,547.6886771755046,62.56094574928284
2033161,14,224.22468792230555,1089,17,2,False,0,pistol,,,,,,,916.5476847504153,63.74932503700256
2034844,15,729.1500000000142,1683,28,2,True,28,pistol,,,,,,,480.23365965438893,67.2540545463562
2036894,16,512.7200000000203,2050,34,3,False,0,pistol,,,,,,,540.5451253658586,71.04688596725464
2039038,17,571.8072466926113,2144,38,4,False,0,pistol,,,,,,,560.7176477337065,74.87072777748108
2041381,18,737.2515242775089,2343,38,4,True,13,pistol,,,,,,,570.8491474748029,78.97534155845642
2043497,19,723.6914892647427,2116,38,3,True,9,pistol,,,,,,,542.948619315277,82.87281584739685
2045395,20,595.0270893383868,1898,29,3,True,10,pistol,,,,,,,533.4811335270116,86.43082547187805
2046997,21,361.78000000001464,1602,25,3,False,0,pistol,,,,,,,484.302614254953,89.73886179924011
2048840,22,632.9243468053612,1843,31,4,False,0,pistol,,,,,,,505.044252006038,93.3882372379303
2050770,23,654.5300000000207,1930,32,4,False,0,pistol,,,,,,,515.2748287150234,97.1340115070343
2052475,24,390.2237032120014,1705,27,3,False,0,pistol,,,,,,,492.9901379751448,100.59279346466064
2054245,25,593.6021019223823,1770,29,3,False,0,pistol,,,,,,,511.15320368323546,104.05577516555786
2056188,26,465.1842539497088,1943,31,4,False,0,pistol,,,,,,,938.4014838417573,106.12655735015869
2059213,27,1049.71628855024,3025,55,6,False,0,pistol,,,,,,,473.0673730193906,112.52128601074219
2062044,28,1412.1823121513373,2831,54,6,False,0,pistol,,,,,,,604.7460000764968,117.2027895450592
2064501,29,699.9507140180689,2457,45,5,False,0,pistol,,,,,,,420.0960564782585,123.06554937362671
2066006,30,353.00196538167546,1505,25,3,False,0,pistol,,,,,,,922.8610204321218,124.69658279418945
2069377,31,1503.7964659839554,3371,69,7,False,0,pistol,,,,,,,499.63361555326117,131.44375610351562
2072923,32,1259.298925151543,3546,68,7,False,0,pistol,,,,,,,506.1567817784944,138.45722818374634
2074859,33,506.6854730734201,1936,34,4,False,0,pistol,,,,,,,521.9000914205561,142.16698002815247
2077322,34,672.2612186437476,2463,45,5,False,0,pistol,,,,,,,582.5852584183995,146.39488768577576
2079583,35,614.9908178310698,2261,40,5,False,0,pistol,,,,,,,560.3024233100598,150.43043756484985
2081949,36,651.4208445353235,2366,43,5,False,0,pistol,,,,,,,574.4175214963982,154.54960227012634
2084532,37,1142.2078842644255,2583,46,5,True,46,machinegun,,,,,,,597.2432385231522,158.8746817111969
2086053,38,354.2200000000137,1521,25,3,False,0,pistol,,,,,,,478.2037828368285,162.05559468269348
2087438,39,306.0600000000116,1385,21,3,False,0,pistol,,,,,,,453.9875380497431,165.106703042984
2088365,40,345.6214731779809,927,14,2,True,6,pistol,,,,,,,901.5273573124183,166.13524842262268
2090051,41,414.7811817225167,1686,28,3,False,0,pistol,,,,,,,488.49417597031066,169.58687281608582
2090917,42,169.38628092692818,866,14,2,False,0,pistol,,,,,,,897.2218709404748,170.55229234695435
2092613,43,391.2166584093831,1696,27,2,False,0,pistol,,,,,,,494.6043051298389,173.98144388198853
2093860,44,255.41713011032166,1247,19,1,False,0,pistol,,,,,,,436.2073837291878,176.84044337272644
2095203,45,435.73218277262947,1343,23,3,True,18,machinegun,,,,,,,450.2028185998305,179.82381391525269
2097225,46,751.1368216008566,2022,36,4,False,0,pistol,,,,,,,530.8377223347944,183.6330692768097
2099155,47,720.7277359885326,1930,33,4,False,0,pistol,,,,,,,931.351321188921,185.70549416542053
2100401,48,275.6480734208286,1246,20,3,False,0,pistol,,,,,,,425.78977186068914,188.63207030296326
2102475,49,537.6516377752159,2074,36,3,False,0,pistol,,,,,,,531.877447517451,192.53168606758118
2104245,50,438.2793595032509,1770,29,3,False,0,pistol,,,,,,,504.837632796747,196.0379660129547
2105611,51,317.0351280208507,1366,22,3,False,0,pistol,,,,,,,451.7798550893428,199.06179285049438
2108636,52,1111.5677664581467,3025,59,5,False,0,pistol,,,,,,,610.9731479455871,204.01313614845276
2111057,53,863.235691644988,2421,45,5,False,0,pistol,,,,,,,567.5984458469559,208.27869391441345
2114172,54,869.3235272204199,3115,58,6,False,0,pistol,,,,,,,476.7165127557562,214.81319046020508
2116372,55,546.7312024673149,2200,36,4,False,0,pistol,,,,,,,559.6637748231662,218.74433541297913
2117989,56,601.9361514927796,1617,27,3,False,0,pistol,,,,,,,479.9094359360746,222.1139349937439
2120285,57,630.4700000000236,2296,42,5,False,0,pistol,,,,,,,570.4200035172493,226.13927912712097
2122270,58,491.0213447632185,1985,33,4,False,0,pistol,,,,,,,528.2663981964425,229.89708828926086
2124698,59,849.4303857580883,2428,41,5,False,0,pistol,,,,,,,567.8366636501057,234.17318987846375
2127120,60,648.7900000000258,2422,43,5,False,0,pistol,,,,,,,566.3135132049454,238.45022225379944
2129531,61,654.6842674688996,2411,44,5,False,0,pistol,,,,,,,578.708269932738,242.61659979820251
2131272,62,425.98000000001707,1741,29,3,False,0,pistol,,,,,,,491.5314585095085,246.15878438949585
2132392,63,211.26534539672298,1120,16,1,False,0,pistol,,,,,,,405.5973222542845,248.92033648490906
2134020,64,622.2328946189773,1628,28,3,False,0,pistol,,,,,,,489.59923273980036,252.24573016166687
2136163,65,785.9136578768939,2143,40,4,False,0,pistol,,,,,,,562.8563667583867,256.05325841903687
2138047,66,477.2100000000181,1884,31,4,False,0,pistol,,,,,,,930.0973246222115,258.0790114402771
2139617,67,572.8788866190981,1570,24,3,False,0,pistol,,,,,,,478.9081367639197,261.357483625412
2141007,68,585.2846949371437,1390,23,3,False,0,pistol,,,,,,,460.5106319182745,264.37611961364746
2142051,69,211.5000000000046,1044,16,2,True,48,machinegun,,,,,,,920.6921667057397,265.51026225090027
2143539,70,547.7641384889878,1488,25,3,True,53,pistol,,,,,,,471.4457938408092,268.6667082309723
2144721,71,243.50758626596107,1182,18,1,False,0,pistol,,,,,,,411.28248341693654,271.5409290790558
2146322,72,351.3600000000148,1601,24,3,False,0,pistol,,,,,,,470.2341972046786,274.94580364227295
2149209,73,914.1713605958981,2887,55,6,True,37,pistol,,,,,,,611.3963633168917,279.66796469688416
2150292,74,211.5000000000046,1083,16,1,False,0,pistol,,,,,,,900.4004700984221,280.87097430229187
2151670,75,313.558796960746,1378,22,3,False,0,pistol,,,,,,,438.3052955249148,284.01512384414673
2151932,76,-10.334932491656179,262,3,1,False,0,pistol,,,,,,,878.0990937000084,284.31371879577637
2153403,77,455.7961097951247,1471,25,3,True,29,machinegun,,,,,,,458.4013724206746,287.52288126945496
2154914,78,386.740000000013,1511,22,3,True,34,pistol,,,,,,,479.93436972387616,290.6714301109314
2156215,79,281.6288516732833,1301,20,3,False,0,pistol,,,,,,,932.4888439648624,292.0669364929199
2157437,80,254.47000000000867,1222,18,2,False,0,pistol,,,,,,,419.78519062592346,294.9781708717346
2158444,81,196.72130535720348,1007,15,2,False,0,pistol,,,,,,,919.2481867127605,296.0739064216614
2159575,82,372.6663565132509,1131,16,2,True,10,pistol,,,,,,,401.196056948053,298.8932695388794
2161437,83,578.684906924327,1862,33,4,True,22,machinegun,,,,,,,507.0034241486321,302.56609869003296
2162499,84,210.72462956722373,1062,16,2,False,0,pistol,,,,,,,918.8189893828453,303.7221591472626
2163113,85,86.94479420681124,614,9,1,False,0,pistol,,,,,,,270.4114786314986,305.9930109977722
2164988,86,476.0153137475613,1875,32,4,False,0,pistol,,,,,,,517.326475571955,309.6176459789276
2166795,87,639.6832676348673,1807,30,4,False,0,pistol,,,,,,,516.802444067957,313.11441683769226
2168620,88,452.0127185387634,1825,31,4,False,0,pistol,,,,,,,912.5223001326951,315.11457872390747
2171333,89,732.3633228105007,2713,47,5,False,0,pistol,,,,,,,441.65368750456776,321.25767254829407
2171854,90,71.2599999999996,521,9,1,False,0,pistol,,,,,,,908.3372686272472,321.83149099349976
2174146,91,888.0414550447025,2292,41,5,False,0,pistol,,,,,,,563.1353068429645,325.90175318717957
2176039,92,675.3996953182477,1893,28,3,False,0,pistol,,,,,,,516.4255371404354,329.56753945350647
2177231,93,239.76727209043094,1192,17,2,False,0,pistol,,,,,,,393.5706304154619,332.59648060798645
2178897,94,368.2681375405591,1666,25,3,False,0,pistol,,,,,,,919.8612652723635,334.40785455703735
2180379,95,318.2721035316128,1482,22,3,False,0,pistol,,,,,,,467.00567337543526,337.5814745426178
2182438,96,501.7016965522037,2059,32,4,True,49,pistol,,,,,,,537.4248934431473,341.4129321575165
2183341,97,168.6331469048541,903,14,2,False,0,pistol,,,,,,,358.02130173219075,343.9353549480438
2185316,98,503.22281435331166,1975,30,4,True,97,machinegun,,,,,,,529.0917174659627,347.66838669776917
2187682,99,1135.0197615337058,2366,41,5,True,44,machinegun,,,,,,,562.7626441531136,351.87287616729736
2188909,100,315.3149880091781,1227,19,2,True,32,machinegun,,,,,,,924.8204072478852,353.1998641490936
2190445,101,521.6734036112362,1536,25,2,False,0,pistol,,,,,,,470.7147747040009,356.463250875473
2191956,102,366.058748134449,1511,25,3,False,0,pistol,,,,,,,456.74748574572453,359.7715976238251
2192903,103,176.7700000000035,947,14,2,False,0,pistol,,,,,,,918.1557136153599,360.8032417297363
2193940,104,192.7196816113388,1037,15,2,False,0,pistol,,,,,,,383.0225042692171,363.5108232498169
2196070,105,752.870709498939,2130,36,4,False,0,pistol,,,,,,,550.2179237717006,367.3822252750397
2198282,106,599.1924218217088,2212,39,3,False,0,pistol,,,,,,,555.5978010597307,371.36378049850464
2199906,107,393.12174441129025,1624,27,3,True,49,machinegun,,,,,,,486.6363479514163,374.7012269496918
2202631,108,789.4417285767324,2725,49,5,True,36,machinegun,,,,,,,592.9950444001306,379.29674434661865
2204393,109,434.0945932017604,1762,30,4,False,0,pistol,,,,,,,496.2080990336974,382.8478651046753
2206288,110,500.7834934730897,1895,32,4,True,47,machinegun,,,,,,,513.3776746312421,386.53935503959656
2207687,111,335.2662696806005,1399,24,3,False,0,pistol,,,,,,,914.3564472085772,388.06967329978943
2209553,112,615.8640662564382,1866,31,4,False,0,pistol,,,,,,,510.553335491252,391.72471714019775
2211879,113,630.7087525322057,2326,41,5,False,0,pistol,,,,,,,407.04987141106614,397.43923807144165
2214485,114,897.1913960162525,2606,44,5,True,50,pistol,,,,,,,591.5031968001207,401.845121383667
2216434,115,666.3662300635106,1949,36,4,True,68,pistol,,,,,,,522.9939990702838,405.57197976112366
2219022,116,944.9141941865831,2588,49,5,True,50,machinegun,,,,,,,587.8256370044168,409.9749414920807
2221886,117,1231.722862348626,2864,58,6,True,68,machinegun,,,,,,,608.4495723272217,414.68220019340515
2222705,118,161.3160869887494,819,13,2,True,50,machinegun,,,,,,,324.10297068563716,417.20940375328064
2224693,119,533.0791842917374,1988,35,4,False,0,pistol,,,,,,,539.4712808026404,420.894734621048
2225817,120,270.50848981692957,1124,19,2,False,0,pistol,,,,,,,920.1352676013234,422.11653184890747
2228784,121,833.9058576440916,2967,53,6,True,50,pistol,,,,,,,466.2876577259363,428.479843378067
2231329,122,909.1565714794658,2545,45,5,False,0,pistol,,,,,,,576.074711540449,432.89793157577515
2234438,123,1094.385861193524,3109,58,5,True,7,pistol,,,,,,,479.2449480989434,439.3854773044586
2236861,124,768.9008143822845,2423,43,5,True,20,pistol,,,,,,,568.5049825025881,443.6477761268616
2238870,125,555.0267319172683,2009,36,4,True,49,machinegun,,,,,,,524.2261248781176,447.48029375076294
2240972,126,525.6500000000227,2102,35,4,False,0,pistol,,,,,,,538.8986723355865,451.3810963630676
2242045,127,248.3951683957745,1073,17,2,False,0,pistol,,,,,,,908.562533815048,452.5623207092285
2244241,128,748.6591378169223,2196,39,4,False,0,pistol,,,,,,,551.0233928060892,456.54783272743225
2245868,129,374.5200000000148,1627,26,3,False,0,pistol,,,,,,,486.19266092760535,459.89446997642517
2249458,130,1331.4996000032818,3590,73,8,True,50,pistol,,,,,,,508.22732634590506,466.9584472179413
2252087,131,686.3455344225979,2629,45,5,False,0,pistol,,,,,,,591.7334284243151,471.40152168273926
2255040,132,821.8480787597744,2953,55,6,False,0,pistol,,,,,,,463.11952450322013,477.7781608104706
2257198,133,600.5306257542466,2158,39,4,False,0,pistol,,,,,,,546.359644766646,481.7282781600952
2259954,134,861.8617091008074,2756,50,6,True,16,machinegun,,,,,,,606.2038525915099,486.27478790283203
2262455,135,682.7658372926443,2501,45,5,False,0,pistol,,,,,,,583.5661657878088,490.5607211589813
2264902,136,795.8673219822305,2447,45,4,True,14,pistol,,,,,,,582.5525715703413,494.7614552974701
2268403,137,1440.13193323587,3501,69,7,False,0,pistol,,,,,,,503.16626309677554,501.71964716911316
2271438,138,1080.4281361562096,3035,57,5,False,0,pistol,,,,,,,463.8955445453089,508.2623255252838
2273517,139,510.968405391489,2079,35,3,False,0,pistol,,,,,,,538.9316331029719,512.1202318668365
2275780,140,598.9450339051689,2263,40,5,False,0,pistol,,,,,,,561.7747007461024,516.1488544940948
2278209,141,663.1937207835258,2429,45,5,False,0,pistol,,,,,,,572.6483474389045,520.3907680511475
2280748,142,673.2971325643767,2539,44,5,False,0,pistol,,,,,,,586.97901786076,524.7165236473083
2282369,143,389.20796349454986,1621,27,3,False,0,pistol,,,,,,,489.0667464637978,528.0312798023224
2284958,144,914.6642874708092,2589,47,5,False,0,pistol,,,,,,,598.408648343148,532.3579754829407
2287506,145,715.2049152861343,2548,48,5,True,50,pistol,,,,,,,592.9662900812863,536.6553401947021
2291650,146,1670.870193436129,4144,79,8,False,0,pistol,,,,,,,542.1250456080444,544.2995216846466
2294388,147,757.8019704099827,2738,50,6,False,0,pistol,,,,,,,444.0990649908417,550.4737439155579
2297592,148,869.7162761334574,3204,57,6,False,0,pistol,,,,,,,628.9985980804486,555.5677299499512
2299632,149,513.9593794557369,2040,35,3,False,0,pistol,,,,,,,534.6895129836105,559.3832280635834
2302074,150,673.1791740008381,2442,45,5,False,0,pistol,,,,,,,417.50199214977306,565.2324981689453
2303462,151,348.3894804207509,1388,24,3,False,0,pistol,,,,,,,909.6904236689453,566.7585353851318
2305978,152,898.0100000000284,2516,45,5,False,0,pistol,,,,,,,580.7177659526991,571.0913364887238
2308735,153,1221.1617849123554,2757,52,6,False,0,pistol,,,,,,,443.522895054793,577.3077139854431
2312008,154,1197.0209191146764,3273,65,7,True,48,pistol,,,,,,,636.8390949174347,582.447389125824
2314803,155,761.5466127620257,2795,49,5,True,48,machinegun,,,,,,,450.8740497306504,588.6466665267944
2316460,156,404.2860615783227,1657,27,3,False,0,pistol,,,,,,,487.76490977457485,592.0440099239349
2319635,157,1381.3900118495214,3175,61,7,False,0,pistol,,,,,,,631.6773229195641,597.0705516338348
2322087,158,669.9185608694498,2452,45,5,False,0,pistol,,,,,,,575.613078940686,601.330650806427
2324327,159,565.1912634519676,2240,38,4,False,0,pistol,,,,,,,569.8174993228473,605.2619578838348
2327182,160,1065.4425667069625,2855,54,6,False,0,pistol,,,,,,,457.30389186540725,611.5052917003632
2329353,161,534.195596018023,2171,35,4,False,0,pistol,,,,,,,549.0035930064373,615.4599914550781
2332406,162,837.271937443568,3053,54,6,True,48,machinegun,,,,,,,624.3107396846837,620.3503849506378
2335452,163,1047.9444802145551,3046,55,5,False,0,pistol,,,,,,,464.39511386337836,626.9097139835358
2337860,164,852.309876448689,2408,43,5,False,0,pistol,,,,,,,563.075997511733,631.1865482330322
2340551,165,760.6747702829383,2691,50,6,False,0,pistol,,,,,,,598.668786969357,635.6818170547485
2340954,166,33.14055640955648,403,6,1,False,0,pistol,,,,,,,197.3857420682159,637.723729133606
2343365,167,888.1067198283821,2411,45,4,True,50,machinegun,,,,,,,571.3790156281218,641.9435520172119
2345993,168,769.1514630646807,2628,51,6,False,0,pistol,,,,,,,587.5042572965723,646.4169812202454
2349610,169,1559.3099999999718,3617,72,8,True,42,machinegun,,,,,,,513.1567060305157,653.4657073020935
2351019,170,337.00297059895644,1409,23,3,False,0,pistol,,,,,,,925.2927287063382,654.9886765480042
2353283,171,631.9600000000239,2264,42,5,True,50,pistol,,,,,,,396.8197375514103,660.6942796707153
2356036,172,798.5948058045645,2753,53,6,True,50,pistol,,,,,,,612.3408907169859,665.1903486251831
2358538,173,690.2102365679176,2502,46,5,False,0,pistol,,,,,,,594.7937977046181,669.3970420360565
2361046,174,1146.567959748987,2508,47,5,False,0,pistol,,,,,,,591.3579673589603,673.638343334198
2363518,175,818.3046414123893,2472,44,5,True,3,machinegun,,,,,,,422.93934225903104,679.483392238617
2365904,176,650.8370126413937,2386,43,5,True,47,pistol,,,,,,,561.8833159506529,683.729975938797
2368129,177,566.2589963276562,2225,38,4,False,0,pistol,,,,,,,556.2215212412627,687.7303910255432
2370154,178,548.7880562849888,2025,36,4,False,0,pistol,,,,,,,540.7135423205315,691.4756324291229
2373054,179,844.8852380506149,2900,56,6,False,0,pistol,,,,,,,604.7028437954765,696.2716524600983
2375169,180,542.5258919855822,2115,36,4,False,0,pistol,,,,,,,541.3447756565282,700.1788277626038
2378246,181,1113.614755488418,3077,60,7,False,0,pistol,,,,,,,469.41837699677535,706.7339153289795
2380713,182,667.5716493179776,2467,45,5,False,0,pistol,,,,,,,591.7065380658886,710.9034893512726
2384384,183,1283.1231110691094,3671,70,8,False,0,pistol,,,,,,,514.9944785216361,718.0319602489471
2386406,184,498.942045888124,2022,34,4,False,0,pistol,,,,,,,542.974256287522,721.7562432289124
2389039,185,726.9315813737384,2633,48,5,False,0,pistol,,,,,,,585.4236990631505,726.254075050354
2392448,186,1227.4923966955537,3409,68,7,False,0,pistol,,,,,,,503.1239911662544,733.0299966335297
2395644,187,1198.9040441153527,3196,65,7,False,0,pistol,,,,,,,646.5935402655226,737.9730954170227
2397395,188,449.1900000000165,1751,31,4,False,0,pistol,,,,,,,508.1590295015144,741.4190502166748
2399723,189,654.7675837703816,2328,42,5,False,0,pistol,,,,,,,554.5555237635585,745.6172180175781
2401830,190,550.6255284420887,2107,37,4,False,0,pistol,,,,,,,548.6115129100713,749.4580345153809
2404083,191,593.3351062341399,2253,38,4,False,0,pistol,,,,,,,551.9548920822717,753.5400848388672
2406562,192,911.0728850974709,2479,47,5,False,0,pistol,,,,,,,424.24033388310556,759.3836841583252
2408970,193,657.3800000000265,2408,44,5,False,0,pistol,,,,,,,583.1969126933226,763.5128853321075
2410711,194,526.4097070214277,1741,29,3,True,74,machinegun,,,,,,,503.98863467583374,766.9675748348236
2412682,195,483.77736836090173,1971,33,4,False,0,pistol,,,,,,,527.5416418486672,770.7040531635284
2413908,196,479.55157678674385,1226,20,3,False,0,pistol,,,,,,,917.2852469216406,772.040824174881
2415227,197,290.82000000001,1319,21,3,False,0,pistol,,,,,,,437.1671219332721,775.0581195354462
2417197,198,720.8100000000078,1970,32,4,True,34,machinegun,,,,,,,532.3543163731778,778.7589483261108
2418611,199,313.90378515356883,1414,22,3,False,0,pistol,,,,,,,921.2471365709932,780.2941174507141
2420801,200,729.6670301904139,2190,35,3,False,0,pistol,,,,,,,397.189510386549,785.8080406188965
2423185,201,854.2102182348739,2384,42,4,False,0,pistol,,,,,,,571.702790864598,789.9782466888428
2425285,202,532.0300000000218,2100,35,4,False,0,pistol,,,,,,,537.8579315043842,793.8828639984131
2428648,203,1247.2986404317912,3363,68,7,False,0,pistol,,,,,,,641.0338617458267,799.1293048858643
2429435,204,141.42579026130258,787,12,2,False,0,pistol,,,,,,,321.5530131568257,801.5769970417023
2431300,205,456.9635159695719,1865,31,4,False,0,pistol,,,,,,,516.093323544175,805.1909365653992
2434685,206,1414.391355154019,3385,65,7,False,0,pistol,,,,,,,639.9654399202637,810.4805068969727
2438436,207,1315.197693053666,3751,73,8,True,49,machinegun,,,,,,,528.3859670251845,817.5796852111816
2441189,208,773.3887476231348,2753,52,6,False,0,pistol,,,,,,,619.510911398319,822.0237138271332
2443911,209,726.9961986834958,2722,48,5,False,0,pistol,,,,,,,453.4892953580932,828.0262892246246
2446453,210,713.8063829712462,2542,48,5,False,0,pistol,,,,,,,587.2944154341811,832.3548181056976
2448956,211,696.3375448009807,2503,47,5,False,0,pistol,,,,,,,580.3682886466744,836.6678454875946
2451202,212,615.3991624091558,2246,41,5,False,0,pistol,,,,,,,544.7877934404252,840.790777683258
2454922,213,1624.9287500632868,3720,80,9,True,46,machinegun,,,,,,,523.2261112007961,847.9007525444031
2457780,214,783.1461591685919,2858,50,6,False,0,pistol,,,,,,,458.919227324285,854.1286268234253
2460217,215,661.0247492922852,2437,44,5,True,46,machinegun,,,,,,,574.8263389931068,858.3683910369873
2462830,216,742.6954178036689,2613,48,5,False,0,pistol,,,,,,,589.8835661343601,862.7983729839325
2466399,217,959.6239968373802,3569,62,7,False,0,pistol,,,,,,,510.4442380999291,869.7905592918396
2468706,218,844.934607116276,2307,43,5,False,0,pistol,,,,,,,568.986421487682,873.8454327583313
2470297,219,408.9200000000143,1591,25,3,True,39,machinegun,,,,,,,483.39613543157554,877.1369199752808
2471958,220,382.0100000000158,1661,26,3,False,0,pistol,,,,,,,488.2368797978412,880.5392265319824
2473967,221,479.5404873741287,2009,30,4,False,0,pistol,,,,,,,926.8798784393394,882.7068774700165
2476071,222,474.09552961545853,2104,32,1,False,0,pistol,,,,,,,384.5398761585786,888.1785986423492
2478193,223,543.7880694713592,2122,37,3,False,0,pistol,,,,,,,539.1821118026871,892.1143610477448
2481231,224,1034.2444845472671,3038,55,6,False,0,pistol,,,,,,,610.9044417936202,897.0875329971313
2483821,225,726.1514704459493,2590,49,5,False,0,pistol,,,,,,,593.5832591803733,901.451110124588
2485741,226,741.5400000000182,1920,32,4,True,31,machinegun,,,,,,,526.5805451965092,905.0975048542023
2487948,227,777.5878088832297,2207,37,3,False,0,pistol,,,,,,,555.0115149180463,909.0742106437683
2489249,228,310.19159663734416,1301,22,3,False,0,pistol,,,,,,,447.00577754931936,911.9849450588226
2492009,229,1141.2700000000018,2760,50,6,True,10,machinegun,,,,,,,611.4532662046792,916.4990487098694
2492324,230,-0.9442073806191615,315,4,1,False,0,pistol,,,,,,,921.3866208439451,916.8411116600037
2493754,231,313.72125467534926,1430,21,3,False,0,pistol,,,,,,,456.9915588612604,919.9704170227051
2496974,232,1026.8986118667813,3220,57,6,True,15,machinegun,,,,,,,482.8297383011736,926.639707326889
2498156,233,401.1100000000092,1182,18,2,True,55,pistol,,,,,,,921.329622493399,927.9228529930115
2498579,234,43.732306936704894,423,6,1,True,50,machinegun,,,,,,,207.76700367991486,929.9589796066284
2500327,235,738.5700000000165,1748,25,3,True,11,pistol,,,,,,,910.0694665531962,931.8799867630005
2502721,236,592.9825431265497,2394,39,4,False,0,pistol,,,,,,,414.5087064604221,937.6557190418243
2504410,237,396.7367115945992,1689,27,3,False,0,pistol,,,,,,,942.7355186836957,939.4475040435791
2506007,238,385.12812491908585,1597,27,3,False,0,pistol,,,,,,,476.9822001412937,942.7958724498749
2507850,239,463.1488343523321,1843,31,4,False,0,pistol,,,,,,,513.802238606071,946.3830654621124
2509652,240,571.2700000000153,1802,30,4,True,21,pistol,,,,,,,508.3815058194108,949.9278223514557
2512559,241,781.1401300933688,2907,51,6,False,0,pistol,,,,,,,610.1685703509273,954.6922745704651
2514582,242,520.0332669291953,2023,34,4,False,0,pistol,,,,,,,536.9554574018464,958.4599990844727
2515309,243,134.21727834401068,727,11,2,False,0,pistol,,,,,,,318.14744030964414,960.7453327178955
2516858,244,364.1810854441948,1549,24,3,False,0,pistol,,,,,,,918.0693846440373,962.4327919483185
2518343,245,351.1549565726304,1485,25,3,False,0,pistol,,,,,,,466.28595247770363,965.6177487373352
2520083,246,449.59000210263605,1740,30,4,True,50,pistol,,,,,,,515.2662869783601,968.9948325157166
2523622,247,1212.4688342593495,3539,67,6,False,0,pistol,,,,,,,512.8394285330096,975.8958683013916
2525903,248,592.7368470557964,2281,40,5,False,0,pistol,,,,,,,566.4308192311379,979.9230623245239
2528850,249,808.0572617315587,2947,52,6,True,50,machinegun,,,,,,,608.4419833849441,984.766800403595
2530272,250,324.14051209275505,1422,23,3,False,0,pistol,,,,,,,449.3220383698989,987.9317734241486
2531648,251,308.54515222590345,1376,21,3,True,46,machinegun,,,,,,,442.4558880159326,991.0418558120728
2533554,252,547.4820688334011,1906,32,4,True,34,machinegun,,,,,,,532.5199169480472,994.6213126182556
2536431,253,917.8700000000313,2877,51,6,False,0,pistol,,,,,,,617.1626060918136,999.2832088470459
2538577,254,588.7081090743932,2146,37,4,False,0,pistol,,,,,,,548.3113376108755,1003.1972351074219
2541105,255,804.1041955236045,2528,44,5,False,0,pistol,,,,,,,582.4007624730302,1007.5381062030792
2543308,256,795.3100000000225,2203,39,4,False,0,pistol,,,,,,,550.3507818570614,1011.5412662029266
2545938,257,953.388966559675,2630,49,5,False,0,pistol,,,,,,,438.01927170202765,1017.5457394123077
2549691,258,2018.9537491097549,3753,82,9,True,29,machinegun,,,,,,,649.5753416257385,1023.323627948761
2552794,259,1345.6899999999903,3103,62,7,False,0,pistol,,,,,,,480.67083907845694,1029.7959065437317
2555394,260,652.3336313302538,2600,42,5,False,0,pistol,,,,,,,591.1277208204286,1034.1944983005524
2558278,261,1090.281851285644,2884,56,6,True,42,machinegun,,,,,,,448.98645937018597,1040.6181168556213
2561027,262,732.7883170955924,2749,48,5,False,0,pistol,,,,,,,601.8747513512653,1045.1857616901398
2563930,263,820.7093766448908,2903,55,6,False,0,pistol,,,,,,,610.745242785748,1049.9392158985138
2566577,264,832.0609735546797,2647,47,5,True,20,machinegun,,,,,,,438.18669423323684,1055.980257511139
2568572,265,510.3794245058203,1995,35,3,False,0,pistol,,,,,,,525.307742134512,1059.7782475948334
2570840,266,790.0117234568535,2268,38,4,False,0,pistol,,,,,,,568.1724989568522,1063.770207643509
2572904,267,642.8600000000215,2064,33,4,True,12,machinegun,,,,,,,553.155677941691,1067.5017235279083
2574187,268,278.52317698982586,1283,20,3,False,0,pistol,,,,,,,943.1253263341493,1068.862366437912
2576659,269,863.7082812509552,2472,42,4,False,0,pistol,,,,,,,420.0405122424181,1074.747710943222
2578519,270,502.23122779815753,1860,33,3,False,0,pistol,,,,,,,518.4609932042673,1078.3354895114899
2580326,271,428.72837979175813,1807,28,3,False,0,pistol,,,,,,,927.7904660382574,1080.2833907604218
2582171,272,664.7423406477714,1845,30,4,False,0,pistol,,,,,,,521.4196268279187,1083.8220162391663
2584723,273,774.9432266289417,2552,45,5,True,21,machinegun,,,,,,,428.0430385475976,1089.7842643260956
2585998,274,253.41016222705207,1275,18,2,False,0,pistol,,,,,,,917.8557097099413,1091.1736273765564
2587470,275,317.45725688602744,1472,22,3,False,0,pistol,,,,,,,463.6212186599338,1094.348884344101
2588943,276,539.3206197543118,1473,23,3,False,0,pistol,,,,,,,464.6021568900236,1097.5196166038513
2590110,277,247.40505159013037,1167,19,2,False,0,pistol,,,,,,,933.0997132694243,1098.7705414295197
2592589,278,864.0122623602443,2479,45,5,True,8,machinegun,,,,,,,573.3306683682213,1103.0945527553558
2596268,279,1086.9315047177527,3679,66,7,True,50,machinegun,,,,,,,520.6920018222885,1110.1603863239288
2600921,280,2189.860987536529,4653,98,8,False,0,pistol,,,,,,,574.6544967875924,1118.257613658905
2601410,281,71.85490911068548,489,8,1,False,0,pistol,,,,,,,228.33498406509293,1120.4142429828644
2604043,282,922.9073433453932,2633,46,5,False,0,pistol,,,,,,,600.0818014186979,1124.8021636009216
2606030,283,496.4856902134277,1987,33,4,False,0,pistol,,,,,,,528.0410912539035,1128.5654077529907
2608137,284,531.8007365208507,2107,35,4,False,0,pistol,,,,,,,539.571945136,1132.470562696457
2609765,285,590.5595912781657,1628,26,3,True,50,pistol,,,,,,,477.76714808428255,1135.8784866333008
2610522,286,143.6800000000024,757,12,2,False,0,pistol,,,,,,,905.6540417718836,1136.714584827423
2613167,287,1349.731203201637,2645,48,5,False,0,pistol,,,,,,,594.8315022791018,1141.1615426540375
2614233,288,215.43488645526483,1066,16,2,True,48,machinegun,,,,,,,394.49676139876374,1143.8639495372772
2615720,289,345.57000000001227,1487,24,3,False,0,pistol,,,,,,,473.8371314549257,1147.002387046814
2617238,290,349.44737174685145,1518,24,3,False,0,pistol,,,,,,,934.8433464494267,1148.6264538764954
2618457,291,288.2300000000095,1219,21,3,True,46,machinegun,,,,,,,422.5770564388855,1151.511355638504
2619741,292,506.0600000000092,1284,21,3,False,0,pistol,,,,,,,428.442951071301,1154.5084788799286
2622276,293,868.3927729069117,2535,44,5,False,0,pistol,,,,,,,594.7942938113216,1158.7706935405731
2625336,294,1197.196723097187,3060,53,6,False,0,pistol,,,,,,,628.6385906503936,1163.6385865211487
2627731,295,1068.5676488614758,2395,44,5,False,0,pistol,,,,,,,418.00052405285686,1169.3685097694397
2628940,296,255.7961705657027,1209,19,2,False,0,pistol,,,,,,,918.9580668170563,1170.6843755245209
2629861,297,172.9300000000039,921,14,2,False,0,pistol,,,,,,,368.01253562990627,1173.1871974468231
2631553,298,400.1645774528628,1692,28,2,False,0,pistol,,,,,,,924.0032185605743,1175.0185742378235
2633988,299,608.4249770747116,2435,40,5,False,0,pistol,,,,,,,419.2259520254496,1180.8271238803864
2636040,300,531.7351373523475,2052,37,3,False,0,pistol,,,,,,,534.1625558191254,1184.6689040660858
2638816,301,740.5152572752924,2776,48,5,False,0,pistol,,,,,,,606.1888714969784,1189.2485783100128
2639790,302,195.90414373694028,974,14,2,False,0,pistol,,,,,,,916.1639691021743,1190.3119506835938
2641674,303,431.32276359540543,1884,29,1,False,0,pistol,,,,,,,537.757227249314,1193.8155300617218
2643390,304,407.0956173263026,1716,28,3,False,0,pistol,,,,,,,517.5266024004278,1197.1315577030182
2644894,305,577.1444625837593,1504,24,2,False,0,pistol,,,,,,,467.29910333447214,1200.3502323627472
2646861,306,503.3043041367476,1967,34,3,False,0,pistol,,,,,,,529.6486053078518,1204.0642535686493
2648536,307,393.13341178966454,1675,26,3,False,0,pistol,,,,,,,498.1457921060433,1207.4269661903381
2650040,308,519.6500000000128,1504,26,3,True,13,machinegun,,,,,,,922.1837837901054,1209.058143377304
2651020,309,186.96618969578336,980,15,2,False,0,pistol,,,,,,,368.4549243924003,1211.7181746959686
2652634,310,528.8500000000167,1614,24,3,False,0,pistol,,,,,,,498.8886852767626,1214.9535846710205
2654660,311,494.315461452237,2026,33,4,True,50,pistol,,,,,,,538.3324724399233,1218.7173159122467
2657069,312,756.5486771033421,2409,40,5,True,50,pistol,,,,,,,572.5831548747224,1222.9247817993164
2659323,313,573.0029258724473,2254,38,4,False,0,pistol,,,,,,,567.2991681898318,1226.8982872962952
2661448,314,675.0400000000204,2125,33,4,False,0,pistol,,,,,,,565.8374075519891,1230.654010772705
2662774,315,334.6391542472986,1326,22,3,False,0,pistol,,,,,,,450.6089727432331,1233.5969347953796
2664267,316,355.13520227769936,1493,23,3,False,0,pistol,,,,,,,933.831668309024,1235.1959924697876
2665952,317,586.9633129733182,1685,26,3,False,0,pistol,,,,,,,493.02670543034486,1238.613864183426
2667179,318,254.220000000009,1227,18,2,False,0,pistol,,,,,,,417.0599224943151,1241.5561537742615
2669148,319,652.0578661725341,1969,31,4,False,0,pistol,,,,,,,531.5688258560771,1245.260508775711
2671473,320,643.7000000000239,2325,42,5,False,0,pistol,,,,,,,561.7757811222731,1249.399446964264
2673121,321,384.26000000001545,1648,25,3,False,0,pistol,,,,,,,499.3804529642829,1252.6997578144073
2674400,322,440.67000000001013,1279,18,2,False,0,pistol,,,,,,,911.3566181517206,1254.10343003273
2675695,323,275.3671561855114,1295,18,2,False,0,pistol,,,,,,,447.7483203122585,1256.9958980083466
2676466,324,137.09000000000222,771,12,2,False,0,pistol,,,,,,,923.827002715081,1257.830727815628
2677275,325,161.3200000000029,809,14,2,False,0,pistol,,,,,,,330.4507545206281,1260.2791967391968
2678306,326,324.3828853001041,1031,13,1,False,0,pistol,,,,,,,883.6976111113495,1261.446140050888
2679098,327,131.89319570034726,792,11,2,False,0,pistol,,,,,,,328.1482884794658,1263.859949350357
2679749,328,76.1613888198233,651,9,1,False,0,pistol,,,,,,,906.8111847794753,1264.578094959259
2680838,329,212.34000000000555,1089,16,2,False,0,pistol,,,,,,,375.7081181334477,1267.476839542389
2681853,330,195.14193178689524,1015,14,2,True,50,pistol,,,,,,,897.1281697902277,1268.6084146499634
2682666,331,153.30243995947163,813,13,2,False,0,pistol,,,,,,,897.2812007362509,1269.5146985054016
2683763,332,386.5800000000077,1097,17,1,True,5,machinegun,,,,,,,383.76652550095065,1272.3734707832336
2684483,333,110.84000000000205,720,10,2,False,0,pistol,,,,,,,886.3827329210048,1273.1860280036926
2685310,334,123.34000000000334,827,10,2,False,0,pistol,,,,,,,331.76240509397013,1275.678973197937
2686122,335,121.70000000000319,812,10,2,False,0,pistol,,,,,,,907.0668663801645,1276.5744216442108
2687227,336,242.21644061052262,1105,17,2,False,0,pistol,,,,,,,395.6879417995322,1279.3672490119934
2688251,337,196.69816297894693,1024,15,2,False,0,pistol,,,,,,,885.755864026881,1280.523574590683
2689829,338,578.5686267164346,1578,24,3,False,0,pistol,,,,,,,487.92452067394595,1283.7579391002655
2690916,339,192.93141510089347,1087,14,2,False,0,pistol,,,,,,,907.7721470647089,1284.955573797226
2692262,340,301.2500000000094,1346,22,3,False,0,pistol,,,,,,,442.8304700713309,1287.9953496456146
2693182,341,183.30295993006214,920,14,2,False,0,pistol,,,,,,,323.06042250797236,1290.8433818817139
2694363,342,245.29203694866095,1181,18,2,False,0,pistol,,,,,,,816.294709455343,1292.2903196811676
2696704,343,837.9796866848232,2341,35,4,True,26,machinegun,,,,,,,544.7219369221231,1296.5881309509277
2698101,344,401.7800000000109,1397,20,3,True,20,machinegun,,,,,,,431.44002888125135,1299.8263628482819
2699739,345,634.8770657994268,1638,27,3,False,0,pistol,,,,,,,452.7781760795024,1303.444224357605
2700702,346,187.87055147625736,963,14,2,False,0,pistol,,,,,,,800.341835130303,1304.6477115154266
2702126,347,442.7121674232431,1424,20,3,True,8,machinegun,,,,,,,399.75308763936954,1308.210212469101
2703292,348,230.42000000000837,1166,17,2,False,0,pistol,,,,,,,732.1735667018539,1309.802966594696
2704420,349,212.30276444094216,1128,16,2,False,0,pistol,,,,,,,381.79573190586336,1312.7575607299805
2705521,350,221.36000000000723,1101,16,2,False,0,pistol,,,,,,,382.2615252222002,1315.6380319595337
2706260,351,125.35418165572032,739,11,2,False,0,pistol,,,,,,,800.765182058631,1316.5610916614532
2707253,352,189.30000000000453,993,15,2,False,0,pistol,,,,,,,752.4056751482206,1317.8811004161835
2708076,353,132.0500000000032,823,11,2,False,0,pistol,,,,,,,301.2098518371083,1320.613676071167
2709087,354,188.9777636484457,1011,15,2,False,0,pistol,,,,,,,710.8216434061643,1322.0362524986267
2710811,355,394.089935816722,1724,24,3,False,0,pistol,,,,,,,438.5628572809671,1325.9674611091614
2712755,356,671.4600000000188,1944,31,4,False,0,pistol,,,,,,,468.7673968889912,1330.1147122383118
2715555,357,1176.7938175812296,2800,49,5,False,0,pistol,,,,,,,549.1339068228936,1335.213876247406
2717290,358,433.5593104822501,1735,29,3,False,0,pistol,,,,,,,497.33084104689425,1338.7027249336243
2719793,359,625.5800000000263,2503,41,5,False,0,pistol,,,,,,,376.2752381024405,1345.3549864292145
2722563,360,785.001937046671,2770,51,6,False,0,pistol,,,,,,,495.11668984383283,1350.9498310089111
2724815,361,933.3188689074675,2252,38,4,False,0,pistol,,,,,,,518.2803664801958,1355.2952270507812
2726332,362,385.28735945810575,1517,25,3,False,0,pistol,,,,,,,349.64347533601364,1359.6341137886047
2727972,363,398.47692945664846,1640,28,3,False,0,pistol,,,,,,,301.96774566266924,1365.0653743743896
2730270,364,617.9781776653616,2298,41,5,True,50,pistol,,,,,,,510.26646918491025,1369.5691690444946
2733067,365,1018.34341775063,2797,53,6,False,0,pistol,,,,,,,593.813966234487,1374.279613018036
2735451,366,998.3241395792527,2384,44,5,True,14,machinegun,,,,,,,510.86347642303934,1378.9464094638824
2737598,367,563.8473427090512,2147,38,4,False,0,pistol,,,,,,,498.1431692202589,1383.2566623687744
2741767,368,1218.1263211501928,4169,76,8,False,0,pistol,,,,,,,503.7860729073545,1391.5321745872498
2744140,369,845.0674577441739,2373,43,5,False,0,pistol,,,,,,,511.1760804262802,1396.1745746135712
2746785,370,1049.1037047689924,2645,47,5,True,15,machinegun,,,,,,,430.06013706106535,1402.3251044750214
2749041,371,605.269671639745,2256,41,5,False,0,pistol,,,,,,,529.5505849856972,1406.585563659668
2751457,372,864.513628053201,2416,43,5,True,44,machinegun,,,,,,,540.6004969276249,1411.05499625206
2754952,373,974.9881126230391,3495,64,7,False,0,pistol,,,,,,,490.0767351888288,1418.1867513656616
2757866,374,893.6335566728503,2914,53,6,True,26,machinegun,,,,,,,571.7974191974047,1423.283173084259
2760210,375,716.7463817761596,2344,40,5,True,18,machinegun,,,,,,,559.4931645472227,1427.473034620285
2763417,376,1192.634473854198,3207,61,7,False,0,pistol,,,,,,,447.3916082390287,1434.6414654254913
2766047,377,786.0233113888577,2630,47,5,True,36,machinegun,,,,,,,558.091162621082,1439.3542108535767
2767035,378,313.33000000000516,988,15,2,True,17,machinegun,,,,,,,361.6381367413184,1442.0863995552063
2767510,379,64.7300320728426,475,8,1,False,0,pistol,,,,,,,839.1572433377518,1442.6526641845703
2769305,380,448.73000000001826,1795,31,4,False,0,pistol,,,,,,,472.2165850868192,1446.4540286064148
2769955,381,281.71906752556595,650,10,1,True,3,pistol,,,,,,,845.5028099200209,1447.2229661941528
2771477,382,375.4365911691952,1522,26,3,False,0,pistol,,,,,,,440.7292034215395,1450.6764965057373
2774010,383,670.046618035377,2533,44,5,False,0,pistol,,,,,,,552.2492712210587,1455.263385772705
2774587,384,73.53457511102754,577,8,1,False,0,pistol,,,,,,,891.1097950469873,1455.9111306667328
2777013,385,617.9000000000273,2426,41,5,False,0,pistol,,,,,,,549.4068304663741,1460.3269836902618
2779406,386,650.7402787982334,2393,43,5,False,0,pistol,,,,,,,392.2377362612326,1466.4280326366425
2781497,387,537.899794802167,2091,37,4,False,0,pistol,,,,,,,521.9415718504127,1470.4344494342804
2783802,388,820.3913025767134,2305,43,5,True,5,machinegun,,,,,,,451.8282285750499,1475.5361585617065
2786312,389,1061.559999999989,2510,44,5,True,49,machinegun,,,,,,,455.9529586023054,1481.0413234233856
2789224,390,1066.3170662292575,2912,51,6,True,21,machinegun,,,,,,,482.92322905738223,1487.0714917182922
2791862,391,754.4556224864394,2638,50,6,False,0,pistol,,,,,,,359.06578007375265,1494.4184894561768
2794046,392,562.4543000642719,2184,38,4,False,0,pistol,,,,,,,464.17732823035345,1499.1237905025482
2795378,393,526.1956390559465,1332,22,3,False,0,pistol,,,,,,,805.2180406588914,1500.7781918048859
2797946,394,710.6643776298384,2568,48,5,False,0,pistol,,,,,,,374.0932547282836,1507.6429431438446
2799531,395,601.3091308909837,1585,29,3,True,53,machinegun,,,,,,,784.547724259102,1509.6634683609009
2801726,396,733.9684154514088,2195,39,4,True,8,machinegun,,,,,,,348.1206782912123,1515.9689455032349
2803958,397,602.8300600455258,2232,41,5,False,0,pistol,,,,,,,486.543823386474,1520.5565614700317
2806577,398,816.2527804836863,2619,50,5,True,34,machinegun,,,,,,,550.2047663219982,1525.316801071167
2808818,399,573.7963919708678,2241,38,4,False,0,pistol,,,,,,,552.9257804310398,1529.3700635433197
2812148,400,1177.2858386168532,3330,61,7,False,0,pistol,,,,,,,470.8570539344319,1536.4424726963043
2814460,401,814.4897068973079,2312,41,5,False,0,pistol,,,,,,,519.667772517512,1540.891755104065
2817055,402,734.5378455184986,2595,46,5,False,0,pistol,,,,,,,609.5525037100806,1545.1492049694061
2819824,403,763.400000000024,2769,50,6,False,0,pistol,,,,,,,589.4886903865507,1549.8467421531677
2822994,404,1147.4545612783106,3170,60,7,True,97,machinegun,,,,,,,402.6275215124711,1557.720209121704
2824824,405,898.7895880145632,1830,32,4,False,0,pistol,,,,,,,434.9290121653685,1561.927987575531
2826861,406,510.06000000001785,2037,33,4,True,44,machinegun,,,,,,,542.9809936889673,1565.6797091960907
2828653,407,435.5954018341919,1792,29,3,False,0,pistol,,,,,,,516.9556035525411,1569.1463799476624
2830061,408,497.90000000000697,1408,22,3,False,0,pistol,,,,,,,905.387767166643,1570.7017407417297
2832871,409,1057.417402203028,2810,50,6,True,21,machinegun,,,,,,,452.0947440066922,1576.9174859523773
2835372,410,872.6974474913379,2501,45,5,False,0,pistol,,,,,,,582.8292803371602,1581.2088730335236
2837562,411,557.2629644072802,2190,36,4,True,50,machinegun,,,,,,,544.9201964519153,1585.228078365326
2840607,412,815.983524460901,3045,52,5,False,0,pistol,,,,,,,469.9311281396032,1591.7080254554749
2842888,413,621.2826753227127,2281,42,5,False,0,pistol,,,,,,,549.3792599154145,1595.8601441383362
2845757,414,829.0915224404345,2869,54,6,False,0,pistol,,,,,,,607.9426517647828,1600.579573392868
2849154,415,1278.9663292755956,3397,66,7,False,0,pistol,,,,,,,493.5948326264608,1607.4620943069458
2851066,416,451.1090598213718,1912,30,4,False,0,pistol,,,,,,,525.4985086265335,1611.1008596420288
2852753,417,611.6444368690956,1687,28,2,False,0,pistol,,,,,,,903.3605274678359,1612.9685363769531
2854602,418,670.126150014503,1849,32,4,False,0,pistol,,,,,,,517.5164138787031,1616.541588306427
2856965,419,782.7309651376562,2363,37,4,False,0,pistol,,,,,,,396.5627111173387,1622.5005435943604
2858652,420,843.4371355125462,1687,27,2,True,36,machinegun,,,,,,,781.3884950726124,1624.6597244739532
2860182,421,355.2193901130257,1530,24,3,False,0,pistol,,,,,,,433.74916880264726,1628.1873733997345
2861397,422,288.59007216038276,1215,20,3,False,0,pistol,,,,,,,391.9869877115224,1631.2872214317322
2862313,423,418.7248181275222,916,15,2,False,0,pistol,,,,,,,810.7656460863075,1632.417203426361
2863935,424,366.17331477512766,1622,25,3,False,0,pistol,,,,,,,387.5714530845126,1636.6024296283722
2865157,425,271.8400000000086,1222,20,3,False,0,pistol,,,,,,,343.2191725544634,1640.1631543636322
2866819,426,426.77000000001607,1662,29,3,False,0,pistol,,,,,,,836.603781926953,1642.1500322818756
2869417,427,1110.90164901875,2598,46,5,False,0,pistol,,,,,,,401.157505761429,1648.6265125274658
2871435,428,840.3028005642612,2018,37,4,True,24,machinegun,,,,,,,489.6097459816666,1652.7483308315277
2873556,429,720.1150860551375,2121,35,4,False,0,pistol,,,,,,,518.7149931237362,1656.8374745845795
2874937,430,511.74000000000893,1381,23,3,True,46,machinegun,,,,,,,875.8944547523457,1658.414377450943
2875903,431,187.35000000000446,966,15,2,False,0,pistol,,,,,,,349.1926785068365,1661.180986881256
2877518,432,339.94464850813426,1615,23,3,False,0,pistol,,,,,,,456.8168265134188,1664.7165660858154
2879124,433,377.3100000000143,1606,25,3,False,0,pistol,,,,,,,804.3111776536003,1666.7135393619537
2879977,434,158.77252950066872,853,13,2,False,0,pistol,,,,,,,294.1838018646418,1669.6132445335388
2882326,435,742.5900000000255,2349,40,4,True,10,machinegun,,,,,,,435.7522046741498,1675.004133939743
2883135,436,175.46013183779976,809,13,2,False,0,pistol,,,,,,,846.4814348408315,1675.960099697113
2885520,437,637.7877002519863,2385,42,5,False,0,pistol,,,,,,,546.4817166210793,1680.3245723247528
2886339,438,155.9624411984926,819,13,2,False,0,pistol,,,,,,,292.1721585928113,1683.127985239029
2889346,439,1189.1158196138715,3007,51,6,False,0,pistol,,,,,,,568.8295325663441,1688.414469718933
2892020,440,741.2905269921353,2674,48,5,False,0,pistol,,,,,,,409.3838687795424,1694.9464728832245
2893554,441,374.99976538197774,1534,26,3,False,0,pistol,,,,,,,891.8511784547255,1696.6666958332062
2895579,442,514.3950209369465,2025,35,3,False,0,pistol,,,,,,,503.1006311958603,1700.6919567584991
2897322,443,433.9879249183112,1743,30,4,False,0,pistol,,,,,,,477.6894365716786,1704.34104514122
2899546,444,592.6923083375032,2224,40,4,False,0,pistol,,,,,,,531.1657183393585,1708.5282399654388
2902334,445,714.6357938975608,2788,45,5,False,0,pistol,,,,,,,403.279740697392,1715.4417412281036
2905402,446,1272.7050912782324,3068,58,6,False,0,pistol,,,,,,,536.6533511921342,1721.1590304374695
2907686,447,627.3125266253116,2284,42,5,False,0,pistol,,,,,,,455.74816080421994,1726.1707601547241
2908608,448,187.9683589022716,922,14,2,False,0,pistol,,,,,,,293.90339802988154,1729.308015346527
2911748,449,1161.94137767363,3140,63,7,False,0,pistol,,,,,,,545.415557485223,1735.0652992725372
2913044,450,298.20017211261484,1296,21,3,True,48,machinegun,,,,,,,366.4663181164942,1738.60196352005
2914911,451,624.5200000000175,1867,29,2,False,0,pistol,,,,,,,433.51936127969935,1742.9087927341461
2916851,452,473.8412895432267,1940,33,4,False,0,pistol,,,,,,,456.30545523633793,1747.1604928970337
2919354,453,670.0681881383957,2503,43,5,False,0,pistol,,,,,,,502.6350811357133,1752.14044713974
2922702,454,909.1755120531902,3348,59,6,False,0,pistol,,,,,,,442.6220503325687,1759.7046937942505
2925824,455,1245.3121232587825,3122,57,6,False,0,pistol,,,,,,,544.5216129838042,1765.4384145736694
2928416,456,777.492534172197,2592,48,5,True,47,machinegun,,,,,,,575.4348202441699,1769.9430522918701
2930829,457,686.6944273281263,2413,44,5,False,0,pistol,,,,,,,391.7101005096561,1776.103529214859
2934125,458,1464.5948570656801,3296,69,7,True,1,pistol,,,,,,,576.0496720859948,1781.8254585266113
2936529,459,828.9557776459069,2404,46,5,False,0,pistol,,,,,,,535.7456927203967,1786.3128802776337
2938934,460,641.6929525319831,2405,42,5,False,0,pistol,,,,,,,389.1728050442883,1792.4929378032684
2940939,461,866.0466202280564,2005,34,3,False,0,pistol,,,,,,,463.5467064848025,1796.8184723854065
2943375,462,885.6677119085359,2436,45,5,False,0,pistol,,,,,,,545.5284794249072,1801.2842500209808
2945209,463,444.56046312355767,1834,30,4,False,0,pistol,,,,,,,404.7220418688123,1805.8159306049347
2947797,464,918.3739136443953,2588,49,5,False,0,pistol,,,,,,,494.3305514601157,1811.0515842437744
2949565,465,438.8300000000176,1768,29,3,False,0,pistol,,,,,,,470.0335529920396,1814.8132073879242
2952282,466,1167.408097526343,2717,53,6,False,0,pistol,,,,,,,590.5692962238863,1819.4141099452972
2955430,467,979.8000000000227,3148,53,6,False,0,pistol,,,,,,,429.41215930328633,1826.7452764511108
2960387,468,1638.0605547371745,4957,94,10,False,0,pistol,,,,,,,498.8560647193367,1836.682234287262
2961997,469,385.24600454609094,1610,27,3,False,0,pistol,,,,,,,469.3357442217528,1840.112924337387
2963781,470,439.96688476391415,1784,30,4,False,0,pistol,,,,,,,425.4120414539527,1844.3067498207092
2966851,471,1127.3595945364525,3070,60,7,False,0,pistol,,,,,,,543.5879163314935,1849.9546155929565
2970091,472,1296.914896016431,3240,65,7,True,57,pistol,,,,,,,459.6360412992246,1857.003879070282
2970978,473,173.9059488218663,887,14,2,False,0,pistol,,,,,,,756.122269805148,1858.1771535873413
2972782,474,441.18619465584766,1804,30,4,False,0,pistol,,,,,,,476.5336310485929,1861.9630494117737
2975450,475,726.8628334242253,2668,48,5,False,0,pistol,,,,,,,542.4106503705685,1866.8820958137512
2978059,476,744.7844029104915,2609,48,5,True,43,machinegun,,,,,,,410.50297514089243,1873.2379593849182
2981683,477,989.255719224454,3624,65,7,False,0,pistol,,,,,,,571.1151906347699,1879.5836160182953
2984795,478,885.4678648897831,3112,58,6,False,0,pistol,,,,,,,453.1469817359119,1886.4513428211212
2987712,479,1212.5218760291925,2917,56,6,True,2,machinegun,,,,,,,541.1025483658437,1891.8424785137177
2989976,480,614.216039859034,2264,39,4,False,0,pistol,,,,,,,529.2354986840875,1896.1205847263336
2993752,481,1385.05842489262,3776,65,7,False,0,pistol,,,,,,,495.0312716568673,1903.7486581802368
2995177,482,351.7223630897117,1425,24,3,True,50,pistol,,,,,,,427.7957737360614,1907.0799486637115
2997999,483,767.5924893021136,2822,51,6,False,0,pistol,,,,,,,576.5578354249378,1911.9747412204742
3000411,484,625.754105360943,2412,42,5,False,0,pistol,,,,,,,387.1720943248169,1918.2047216892242
3002437,485,503.5900000000203,2026,34,4,False,0,pistol,,,,,,,475.78190556655755,1922.4632127285004
3004428,486,476.1281029818102,1991,32,4,False,0,pistol,,,,,,,413.73664809799567,1927.275927066803
3007016,487,954.5257677554588,2588,47,5,False,0,pistol,,,,,,,435.5864320464486,1933.2174961566925
3009193,488,729.097882975952,2177,37,4,False,0,pistol,,,,,,,393.7970009409985,1938.746018409729
3010619,489,526.2279944618102,1426,24,3,False,0,pistol,,,,,,,337.9002381824016,1942.966381072998
3013627,490,847.8519164393194,3008,56,6,False,0,pistol,,,,,,,455.3767474156899,1949.5720918178558
3016713,491,843.0554409051945,3086,55,6,False,0,pistol,,,,,,,347.87860273425946,1958.4432232379913
3019155,492,756.1636667215661,2442,41,5,False,0,pistol,,,,,,,417.5759149242649,1964.2914552688599
3020920,493,536.1700000000137,1765,28,3,True,18,machinegun,,,,,,,381.3934774701627,1968.919442653656
3023653,494,1044.0801221014137,2733,52,6,True,48,pistol,,,,,,,427.5819933402887,1975.3114085197449
3026988,495,1337.7734323623542,3335,70,8,True,48,machinegun,,,,,,,398.2273660130972,1983.6862602233887
3030116,496,885.1023712699265,3128,58,6,True,48,machinegun,,,,,,,493.49291041695386,1990.0249245166779
3032473,497,649.9835389869941,2357,43,5,False,0,pistol,,,,,,,424.70784089336144,1995.574844121933
3035449,498,1105.928459678769,2976,60,6,False,0,pistol,,,,,,,346.0032446929047,2004.1761424541473
3037480,499,540.0428119386573,2031,37,4,True,47,pistol,,,,,,,379.8757911615725,2009.522893190384
3039380,500,492.0098297868949,1900,34,4,False,0,pistol,,,,,,,387.00242778029843,2014.4326360225677
3042590,501,1120.3656342807828,3210,59,6,False,0,pistol,,,,,,,441.5767824889989,2021.7024056911469
3044889,502,646.5579330235265,2299,43,5,False,0,pistol,,,,,,,330.7608079907506,2028.6533143520355
3047139,503,612.300289750014,2250,41,5,False,0,pistol,,,,,,,404.0182182677319,2034.2226734161377
3049603,504,685.3642416744239,2464,45,5,False,0,pistol,,,,,,,312.5263863544158,2042.107012271881
3051725,505,540.3537373944657,2122,37,4,False,0,pistol,,,,,,,403.8743294390478,2047.361294746399
3054209,506,680.1719822851401,2484,46,5,False,0,pistol,,,,,,,417.52329009591097,2053.310931444168
3056191,507,499.34513587619455,1982,33,4,False,0,pistol,,,,,,,405.0292005459368,2058.204651594162
