timestep,episode,episode_reward,episode_length,zombies_killed,policy_loss,value_loss,entropy_loss,total_loss,clip_fraction,approx_kl,fps,elapsed_time
3318,1,236.4100000000182,3318,53,,,,,,,1070.5650940578244,3.0992984771728516
6452,2,202.27000000001917,3134,52,,,,,,,700.7624365559628,7.5878355503082275
7936,3,89.68000000000141,1484,24,,,,,,,1917.046513504507,8.36214828491211
9332,4,55.989999999999355,1396,21,,,,,,,615.157142501437,10.631697654724121
10096,5,12.169999999999803,764,10,,,,,,,1871.2390704909972,11.04016375541687
10729,6,-22.080000000000048,633,9,,,,,,,339.28596346106144,12.906037330627441
11313,7,-7.230000000000032,584,8,,,,,,,1872.7248467667146,13.218112707138062
12027,8,6.869999999999827,714,11,,,,,,,1909.8831429976294,13.592113494873047
12295,9,-41.07000000000006,268,3,,,,,,,159.01132428961313,15.277743577957153
13348,10,28.479999999999464,1053,14,,,,,,,1830.0923424226025,15.853298664093018
14414,11,34.87999999999928,1066,16,,,,,,,510.8501491260382,17.94023108482361
15402,12,11.279999999999497,988,15,,,,,,,1844.7966957262668,18.475974321365356
16825,13,68.71000000000018,1423,20,,,,,,,618.6485941162978,20.776343822479248
17735,14,27.999999999999574,910,11,,,,,,,1894.8647740276374,21.25679922103882
18968,15,63.109999999998955,1233,18,,,,,,,557.215876866333,23.46974205970764
20229,16,66.11999999999897,1261,16,,,,,,,1889.42601647857,24.137356758117676
21754,17,94.69999999999835,1525,24,,,,,,,642.649821948711,26.51054358482361
22546,18,15.209999999999667,792,12,,,,,,,399.06867658893697,28.49538540840149
23990,19,80.73000000000121,1444,22,,,,,,,1885.5505312881078,29.26140594482422
25914,20,137.47000000000546,1924,30,,,,,,,724.9353942266516,31.915658950805664
27327,21,82.55000000000089,1413,22,,,,,,,617.4234680759474,34.20439648628235
30006,22,198.99000000001348,2679,44,,,,,,,892.6180649072758,37.20588302612305
31073,23,40.00999999999919,1067,14,,,,,,,496.4684904994979,39.35527777671814
32325,24,64.76999999999882,1252,17,,,,,,,1895.1880738100283,40.01620078086853
33827,25,76.70999999999928,1502,24,,,,,,,641.5980920235271,42.35743546485901
35537,26,93.41000000000251,1710,25,,,,,,,670.7899462592517,44.90689134597778
36687,27,43.99999999999916,1150,16,,,,,,,1845.3090365423593,45.530426263809204
37663,28,34.96999999999924,976,15,,,,,,,444.3314925714474,47.72722339630127
38983,29,57.02999999999883,1320,19,,,,,,,567.157072154527,50.05479717254639
40822,30,128.19000000000506,1839,27,,,,,,,1598.6483992220362,51.205345153808594
41915,31,22.599999999999547,1093,18,,,,,,,422.49030439028724,53.7926230430603
43669,32,83.6800000000001,1754,26,,,,,,,599.6407780648861,56.71794772148132
44829,33,55.049999999998875,1160,16,,,,,,,1629.345762468931,57.430097818374634
46524,34,72.30999999999833,1695,24,,,,,,,661.4937569615603,59.99290442466736
47969,35,85.56000000000006,1445,21,,,,,,,582.8341434757451,62.472391843795776
48846,36,24.38999999999956,877,13,,,,,,,1669.026675172715,62.99807262420654
50315,37,83.18000000000038,1469,22,,,,,,,616.4726389309808,65.38117146492004
51343,38,40.829999999999174,1028,15,,,,,,,448.58712297643956,67.67299556732178
52521,39,41.729999999998945,1178,17,,,,,,,1773.6390354290572,68.33734798431396
53086,40,-9.479999999999997,565,8,,,,,,,1715.3785617289134,68.66692996025085
53686,41,-5.7300000000000395,600,9,,,,,,,289.5838161490077,70.73907947540283
54523,42,19.699999999999534,837,12,,,,,,,1634.5255994625195,71.25137662887573
55612,43,42.10999999999901,1089,15,,,,,,,494.18556444042827,73.45527935028076
56960,44,35.13999999999877,1348,20,,,,,,,1876.0078346143828,74.17402029037476
57781,45,8.249999999999638,821,11,,,,,,,404.23476705096584,76.20524144172668
59175,46,64.95000000000007,1394,20,,,,,,,1844.4538796606148,76.96124505996704
59965,47,14.729999999999578,790,12,,,,,,,383.15042021082235,79.02330756187439
62151,48,109.78999999999814,2186,33,,,,,,,780.7847049542399,81.82327175140381
63545,49,79.79000000000055,1394,21,,,,,,,586.4689017080827,84.20042753219604
64370,50,19.03999999999988,825,14,,,,,,,1804.1305785020552,84.6578779220581
65807,51,75.51999999999877,1437,22,,,,,,,529.3540229866886,87.37267065048218
66838,52,36.49999999999979,1031,16,,,,,,,1788.5048148247718,87.94937658309937
67392,53,-10.450000000000031,554,9,,,,,,,1604.919662998178,88.29472708702087
67909,54,-14.650000000000029,517,6,,,,,,,247.86562741934029,90.3807430267334
68530,55,-18.050000000000086,621,9,,,,,,,1350.611008412207,90.840749502182
69143,56,-18.690000000000097,613,10,,,,,,,1680.6508126071606,91.20569276809692
70379,57,63.47999999999877,1236,18,,,,,,,519.8574872263299,93.58350706100464
71554,58,32.499999999999154,1175,17,,,,,,,1866.9683127643727,94.21309566497803
72842,59,54.84999999999908,1288,20,,,,,,,567.3162150533931,96.48364996910095
73698,60,22.739999999999583,856,12,,,,,,,1856.335802019759,96.94499015808105
74802,61,29.459999999999404,1104,15,,,,,,,507.8359439029406,99.1191635131836
75595,62,1.0799999999997922,793,12,,,,,,,1841.3882768612589,99.55000233650208
76014,63,-24.420000000000087,419,7,,,,,,,231.58686609112573,101.3594880104065
76984,64,35.09999999999934,970,14,,,,,,,1820.2831757996812,101.892578125
79126,65,156.43000000000828,2142,33,,,,,,,780.9726430061426,104.63548851013184
81059,66,113.93000000000579,1933,31,,,,,,,636.8386470971044,107.67099261283875
82950,67,119.25000000000416,1891,31,,,,,,,622.3035192495665,110.70999932289124
83842,68,26.70999999999941,892,13,,,,,,,1693.321418484912,111.23697447776794
86923,69,248.350000000021,3081,50,,,,,,,585.1242049014295,116.5027527809143
89736,70,234.28000000001856,2813,44,,,,,,,906.9487611315443,119.61058473587036
91548,71,111.42000000000597,1812,29,,,,,,,672.6769892600267,122.3044683933258
92902,72,76.62000000000013,1354,22,,,,,,,503.4233961239213,124.99422836303711
94829,73,99.23000000000512,1927,28,,,,,,,704.9308828050627,127.72810792922974
97179,74,139.40000000000964,2350,36,,,,,,,827.3284747602484,130.56880640983582
98884,75,99.91000000000466,1705,27,,,,,,,686.9399753360933,133.05105447769165
101886,76,251.24000000002195,3002,48,,,,,,,943.7403430632731,136.2322554588318
106145,77,377.69000000004064,4259,70,,,,,,,722.6623890512377,142.13663578033447
107587,78,86.92000000000196,1442,24,,,,,,,533.672701064789,144.85060834884644
110668,79,260.48000000002304,3081,48,,,,,,,610.7276709507136,149.8956606388092
114002,80,292.66000000002674,3334,53,,,,,,,983.4932459524067,153.28579425811768
118697,81,441.530000000047,4695,78,,,,,,,771.9736488050324,159.36782813072205
124032,82,470.31000000005554,5335,88,,,,,,,634.0029000249588,167.79428911209106
128158,83,373.99000000003883,4126,67,,,,,,,738.7907511826259,173.39089345932007
130749,84,211.76000000001522,2591,42,,,,,,,853.3533148252628,176.42733478546143
133686,85,239.64000000002034,2937,47,,,,,,,599.2427443550666,181.32869863510132
137019,86,277.8500000000265,3333,54,,,,,,,970.6730109786278,184.76261949539185
146468,87,943.1600000001183,9449,156,,,,,,,712.4333528501205,198.02579426765442
149980,88,297.4100000000299,3512,57,,,,,,,672.0071927017143,203.26504111289978
152321,89,184.740000000012,2341,38,,,,,,,792.9333933297391,206.21759271621704
154651,90,163.28000000001185,2330,34,,,,,,,802.263271164479,209.12205481529236
156849,91,169.24000000001067,2198,34,,,,,,,775.3030894032993,211.95728969573975
158948,92,142.5400000000081,2099,32,,,,,,,748.8842962629893,214.7603313922882
161157,93,155.04000000001037,2209,34,,,,,,,777.6927481539149,217.6010012626648
162537,94,79.6300000000006,1380,22,,,,,,,566.3338788454347,220.03794980049133
164240,95,114.71000000000438,1703,24,,,,,,,660.915676875334,222.61488151550293
165508,96,52.31999999999911,1268,16,,,,,,,1866.9502600837295,223.2942681312561
167642,97,136.71000000000674,2134,32,,,,,,,757.8545317071539,226.11031889915466
169631,98,130.7100000000072,1989,30,,,,,,,743.2831120760833,228.78649711608887
171035,99,82.0500000000009,1404,20,,,,,,,590.4464999858625,231.16456532478333
172969,100,139.9100000000077,1934,31,,,,,,,708.507198457174,233.89449334144592
174831,101,131.96000000000612,1862,29,,,,,,,703.6308804618535,236.54093861579895
177623,102,232.91000000001836,2792,44,,,,,,,898.3593453716051,239.64905786514282
178827,103,60.409999999998966,1204,18,,,,,,,518.2596268344164,241.97243857383728
179667,104,20.749999999999766,840,11,,,,,,,1802.4456920446557,242.43869614601135
181028,105,61.989999999998986,1361,20,,,,,,,579.2920692834989,244.78835272789001
184561,106,287.14000000002756,3533,57,,,,,,,690.2469410694404,249.90704727172852
185642,107,46.65999999999961,1081,18,,,,,,,1853.9917998231078,250.4903256893158
186978,108,74.05999999999983,1336,21,,,,,,,566.563107047412,252.84859156608582
189294,109,164.88000000000983,2316,36,,,,,,,799.0431941959604,255.74728894233704
189631,110,-33.71000000000007,337,4,,,,,,,1777.8689025233887,255.93702840805054
191213,111,95.71999999999798,1582,24,,,,,,,629.3071632770955,258.45110535621643
193040,112,122.04000000000491,1827,29,,,,,,,690.871883049886,261.0957736968994
195142,113,137.02000000000712,2102,33,,,,,,,752.3199539618871,263.8900156021118
197525,114,183.10000000000937,2383,39,,,,,,,816.66605783876,266.8082060813904
199666,115,161.53000000000864,2141,35,,,,,,,772.6940785335548,269.5792233943939
203619,116,318.7800000000366,3953,64,,,,,,,722.6192729606429,275.04977774620056
205637,117,148.59000000000702,2018,32,,,,,,,736.0171076627261,277.7917425632477
207157,118,95.1800000000028,1520,25,,,,,,,620.9183098448888,280.23990964889526
209212,119,138.19000000000813,2055,33,,,,,,,721.4104108207695,283.0886950492859
212130,120,246.54000000001878,2918,47,,,,,,,907.3435326067456,286.3048949241638
214032,121,131.47000000000685,1902,30,,,,,,,715.13423103785,288.96474862098694
215327,122,69.76999999999897,1295,21,,,,,,,549.2061066000806,291.3228962421417
217154,123,127.90000000000553,1827,28,,,,,,,675.4469326811617,294.0279791355133
221951,124,430.1200000000477,4797,79,,,,,,,817.1757460558829,299.89838218688965
223526,125,85.61999999999941,1575,26,,,,,,,622.0050999299659,302.4306917190552
227392,126,338.68000000003354,3866,63,,,,,,,721.9111233275911,307.7861204147339
233453,127,571.5400000000674,6061,99,,,,,,,932.6838734147484,314.28479051589966
239099,128,536.8000000000604,5646,92,,,,,,,700.4560035641232,322.3454737663269
244683,129,459.63000000005894,5584,89,,,,,,,702.8594794721071,330.29037284851074
247240,130,206.57000000001318,2557,41,,,,,,,841.2437207153466,333.33009243011475
248522,131,68.67999999999952,1282,17,,,,,,,548.3477185396696,335.66825127601624
249627,132,29.79999999999928,1105,17,,,,,,,1881.3928467625,336.2557921409607
251157,133,95.85000000000247,1530,22,,,,,,,604.8598256983973,338.78549432754517
252499,134,75.44000000000075,1342,20,,,,,,,565.0459949712842,341.16071915626526
253509,135,39.5499999999993,1010,18,,,,,,,1843.6838101273095,341.70876002311707
254589,136,42.099999999999184,1080,17,,,,,,,478.43635426895173,343.966299533844
255870,137,53.93999999999886,1281,18,,,,,,,1924.435078429392,344.63211584091187
257263,138,80.9000000000008,1393,20,,,,,,,562.4605696223674,347.1089367866516
258465,139,60.39999999999903,1202,17,,,,,,,523.565212126562,349.40494561195374
259628,140,55.92999999999918,1163,17,,,,,,,1919.2039992666228,350.011127948761
261193,141,99.32000000000177,1565,24,,,,,,,602.8223693768767,352.60749912261963
264329,142,220.00000000002075,3136,48,,,,,,,624.5040770006646,357.62929105758667
265605,143,67.6099999999992,1276,19,,,,,,,1927.6877048554431,358.29140281677246
267098,144,76.12999999999894,1493,23,,,,,,,611.8680128468819,360.7316744327545
268294,145,59.389999999998906,1196,19,,,,,,,512.7970163571244,363.0641574859619
270717,146,192.19000000001142,2423,38,,,,,,,819.8622600879221,366.0197114944458
273414,147,221.64000000001568,2697,44,,,,,,,868.0980327423503,369.12672901153564
282411,148,870.5700000001141,8997,148,,,,,,,784.5393707082553,380.594810962677
283880,149,73.08999999999907,1469,23,,,,,,,581.6305237450675,383.12070894241333
285632,150,109.26000000000349,1752,25,,,,,,,643.8307848801297,385.8421301841736
287972,151,132.37000000000643,2340,38,,,,,,,749.3865445373847,388.96488785743713
289522,152,97.09000000000168,1550,23,,,,,,,555.6262146792221,391.7547376155853
290871,153,75.15,1349,21,,,,,,,518.9105061905725,394.3546476364136
293106,154,111.21000000000852,2235,36,,,,,,,662.8870397004465,397.72648668289185
295077,155,142.60000000000622,1971,30,,,,,,,725.2092195470792,400.4445469379425
297267,156,141.84000000000952,2190,33,,,,,,,763.0766286122155,403.3146913051605
298536,157,67.21999999999949,1269,18,,,,,,,1899.882377003684,403.98283863067627
300296,158,115.35000000000447,1760,28,,,,,,,675.1302767138073,406.58990716934204
302076,159,52.519999999998305,1780,27,,,,,,,668.111355634433,409.25434398651123
303210,160,53.299999999999116,1134,17,,,,,,,475.01622000264257,411.6418402194977
304525,161,52.47999999999875,1315,20,,,,,,,1871.5561832333565,412.344651222229
305556,162,42.0099999999992,1031,16,,,,,,,462.40119505191194,414.5745301246643
306925,163,78.32999999999893,1369,19,,,,,,,1927.68277511014,415.2849199771881
308436,164,73.52000000000184,1511,22,,,,,,,603.7582259000891,417.78775691986084
309663,165,62.19999999999859,1227,15,,,,,,,526.9808852080313,420.1162619590759
310561,166,26.819999999999418,898,13,,,,,,,1933.3322341894986,420.5809543132782
311924,167,47.00999999999852,1363,20,,,,,,,562.7118143039197,423.00334072113037
313120,168,54.16999999999891,1196,17,,,,,,,1888.7314338038732,423.6368110179901
314515,169,65.40999999999856,1395,22,,,,,,,579.2986917039669,426.0450689792633
316501,170,139.7400000000063,1986,31,,,,,,,716.3521090920067,428.81765580177307
317692,171,33.51999999999899,1191,19,,,,,,,511.69607682156567,431.1453573703766
319388,172,113.19000000000365,1696,27,,,,,,,1902.448814957628,432.0370364189148
321945,173,206.8000000000132,2557,43,,,,,,,536.6975299424271,436.80159401893616
323434,174,60.93999999999915,1489,23,,,,,,,1907.4037561567516,437.58246064186096
324908,175,83.96000000000001,1474,22,,,,,,,589.475985715438,440.0832109451294
326313,176,81.05000000000001,1405,22,,,,,,,563.890253296219,442.57502460479736
328400,177,135.3300000000067,2087,32,,,,,,,742.767284514213,445.38502836227417
330758,178,184.90000000001027,2358,38,,,,,,,790.2209889978187,448.3692374229431
333225,179,191.3100000000112,2467,39,,,,,,,829.3700764971381,451.34396624565125
337142,180,338.39000000003415,3917,64,,,,,,,711.4739117753732,456.84962463378906
341298,181,379.0600000000381,4156,67,,,,,,,739.5601196752042,462.4693832397461
343427,182,160.21000000000825,2129,33,,,,,,,742.9138744118453,465.33531951904297
346351,183,211.64000000001653,2924,47,,,,,,,589.1772386957276,470.2983453273773
350540,184,368.480000000039,4189,67,,,,,,,731.1834353296819,476.0276219844818
355283,185,417.3500000000459,4743,76,,,,,,,799.9668920821124,481.95682668685913
357618,186,127.43000000001025,2335,38,,,,,,,789.6622385151379,484.91399097442627
360707,187,198.75000000001728,3089,50,,,,,,,606.2506775993452,490.009464263916
363502,188,211.53000000001467,2795,43,,,,,,,884.932040051527,493.16811990737915
364900,189,81.1799999999986,1398,21,,,,,,,569.284757961815,495.62409567832947
366152,190,50.109999999999175,1252,20,,,,,,,1915.038981868415,496.2780771255493
367718,191,99.05999999999966,1566,26,,,,,,,621.5423627690045,498.79783177375793
369509,192,123.71000000000545,1791,28,,,,,,,665.4138303529219,501.4895598888397
371238,193,116.59000000000349,1729,27,,,,,,,650.4429415034248,504.1479766368866
372724,194,90.30000000000115,1486,23,,,,,,,1850.1687854119896,504.951372385025
375531,195,208.070000000015,2807,44,,,,,,,565.5586991038372,509.9148347377777
377694,196,148.0600000000078,2163,34,,,,,,,756.570674883278,512.7739808559418
381984,197,348.0200000000351,4290,71,,,,,,,752.7300579119204,518.4734284877777
386933,198,418.7400000000489,4949,81,,,,,,,803.3051723367281,524.6344044208527
390220,199,285.1600000000245,3287,53,,,,,,,628.4595141707787,529.8648312091827
392350,200,145.27000000000828,2130,35,,,,,,,713.5282554670301,532.8501970767975
392847,201,-16.200000000000102,497,6,,,,,,,1896.5248555249866,533.1124293804169
395894,202,234.44000000002086,3047,50,,,,,,,595.2080833262348,538.231861114502
401051,203,478.7900000000527,5157,85,,,,,,,826.2807279895101,544.4733126163483
408297,204,688.230000000087,7246,121,,,,,,,666.9542379895609,555.3378541469574
409590,205,39.74999999999907,1293,17,,,,,,,1895.2128892653757,556.0203261375427
410939,206,50.83999999999874,1349,21,,,,,,,539.9226428298923,558.5190145969391
412606,207,94.81000000000358,1667,25,,,,,,,635.6345248067206,561.1418046951294
414511,208,120.70000000000007,1905,30,,,,,,,674.8372920796695,563.964982509613
415532,209,40.31999999999938,1021,16,,,,,,,1911.147381668556,564.4994549751282
417886,210,183.68000000000978,2354,37,,,,,,,493.72050807040745,569.2675139904022
418285,211,-26.94000000000009,399,5,,,,,,,1870.9792166499342,569.4809792041779
419434,212,53.76999999999893,1149,17,,,,,,,1906.9054080201324,570.0837180614471
420002,213,-13.690000000000097,568,8,,,,,,,273.34845951218324,572.1618285179138
420660,214,-8.820000000000135,658,9,,,,,,,1772.335210225638,572.5332880020142
420917,215,-42.17000000000006,257,3,,,,,,,1757.9067732345281,572.6796479225159
421898,216,36.08999999999929,981,13,,,,,,,431.25934713025146,574.954576253891
423795,217,134.71000000000538,1897,30,,,,,,,1946.34132742984,575.9294378757477
431249,218,733.6000000000903,7454,121,,,,,,,673.3537391055038,586.9995913505554
432651,219,66.27999999999967,1402,23,,,,,,,547.0318133338915,589.5627155303955
434037,220,79.35999999999991,1386,20,,,,,,,1900.917265883581,590.2920253276825
436607,221,192.36000000001212,2570,42,,,,,,,512.719370206319,595.3047482967377
438214,222,83.97000000000011,1607,24,,,,,,,1920.000583385367,596.1419162750244
439206,223,22.05999999999984,992,16,,,,,,,421.0601404387385,598.498063325882
442513,224,247.53000000002305,3307,51,,,,,,,618.7120511960529,603.8432393074036
445964,225,283.3600000000281,3451,54,,,,,,,961.2467597324575,607.4335632324219
447346,226,58.66000000000011,1382,23,,,,,,,542.6657973820353,609.980427980423
448865,227,94.1200000000022,1519,23,,,,,,,583.5092422844347,612.5838198661804
449955,228,27.62999999999893,1090,17,,,,,,,1879.9574152942255,613.1638662815094
450721,229,12.629999999999718,766,13,,,,,,,341.409648622433,615.4077084064484
452159,230,85.17000000000098,1438,22,,,,,,,1926.9690114817965,616.154159784317
453342,231,47.979999999999045,1183,18,,,,,,,487.77593060451693,618.5796656608582
454460,232,25.859999999999275,1118,17,,,,,,,1773.2526523734468,619.2103362083435
456102,233,106.870000000002,1642,22,,,,,,,611.6162933748831,621.8952462673187
457358,234,30.569999999998984,1256,18,,,,,,,495.49038298026034,624.4303109645844
458326,235,34.69999999999925,968,14,,,,,,,1908.7533153306304,624.9376378059387
459546,236,61.829999999998904,1220,18,,,,,,,499.04559868004384,627.3825099468231
460600,237,43.6099999999993,1054,14,,,,,,,1894.3699423649648,627.9390828609467
461988,238,55.569999999999006,1388,20,,,,,,,544.3029467859334,630.4893298149109
463340,239,75.59999999999957,1352,22,,,,,,,539.0499752752,632.9976546764374
465051,240,114.31000000000385,1711,28,,,,,,,607.7157696073106,635.8133397102356
466486,241,85.28000000000108,1435,21,,,,,,,1907.7557279491589,636.5657212734222
468605,242,148.82000000000818,2119,33,,,,,,,722.165119357091,639.5001611709595
470062,243,82.3799999999984,1457,21,,,,,,,569.283045724849,642.0597321987152
471242,244,57.37999999999876,1180,18,,,,,,,475.03584115864976,644.5439548492432
473381,245,136.71000000000888,2139,33,,,,,,,725.0979781654705,647.4941005706787
474993,246,49.41999999999835,1612,26,,,,,,,1921.3840930669,648.3332889080048
478581,247,248.17000000002037,3588,59,,,,,,,635.4779840233214,653.9796259403229
480979,248,152.56000000000637,2398,39,,,,,,,771.914917562027,657.08638048172
485618,249,429.6000000000461,4639,77,,,,,,,584.7149815554043,665.0203380584717
486880,250,65.51999999999927,1262,16,,,,,,,1940.5509243186073,665.6708385944366
488054,251,46.22999999999908,1174,16,,,,,,,474.740361444215,668.143931388855
489008,252,32.2699999999993,954,14,,,,,,,1842.4819779290758,668.6619374752045
490701,253,112.30000000000103,1693,25,,,,,,,624.6598193234561,671.3723964691162
492031,254,67.90999999999971,1330,18,,,,,,,524.0525703678235,673.9104671478271
493012,255,20.409999999999307,981,14,,,,,,,1905.6373853209948,674.4254906177521
494002,256,36.52999999999986,990,12,,,,,,,418.1025653779749,676.7935404777527
494806,257,1.6799999999998505,804,12,,,,,,,1714.9592525463345,677.2625539302826
496518,258,79.22999999999797,1712,26,,,,,,,630.5474447177057,679.9778425693512
497260,259,-25.24000000000006,742,11,,,,,,,1911.2154627868044,680.3662827014923
498225,260,13.439999999999465,965,15,,,,,,,400.33595156290136,682.7769501209259
499024,261,0.8699999999999477,799,12,,,,,,,1877.6775766703422,683.2026991844177
500161,262,52.3899999999989,1137,17,,,,,,,461.8092140595994,685.6649441719055
501316,263,39.35999999999951,1155,15,,,,,,,1894.7011333583123,686.2747569084167
503012,264,86.93999999999937,1696,26,,,,,,,611.3656031047076,689.0490462779999
503945,265,14.599999999999788,933,13,,,,,,,395.97982137786875,691.4054048061371
505365,266,57.56999999999842,1420,21,,,,,,,1875.677425307975,692.162636756897
506166,267,0.9699999999999065,801,11,,,,,,,341.6828377380596,694.5070946216583
507113,268,16.209999999999432,947,13,,,,,,,1670.845550076286,695.0740928649902
508440,269,72.0199999999991,1327,20,,,,,,,514.2993246371827,697.65447473526
509295,270,21.869999999999607,855,11,,,,,,,1881.5485433480278,698.1090548038483
510240,271,21.889999999999617,945,12,,,,,,,400.24474239279795,700.4703013896942
511126,272,9.789999999999928,886,14,,,,,,,1912.2497513303122,700.933836221695
511977,273,6.569999999999894,851,11,,,,,,,1923.0296841403172,701.3765649795532
513533,274,57.139999999998885,1556,23,,,,,,,574.112002007089,704.0870106220245
513944,275,-31.060000000000077,411,4,,,,,,,1859.171289630605,704.3082835674286
514804,276,2.1799999999999287,860,13,,,,,,,373.8796819158022,706.6086931228638
515777,277,23.749999999999297,973,15,,,,,,,1825.2245012234332,707.1419413089752
516408,278,-7.640000000000029,631,9,,,,,,,283.73166286586144,709.3660635948181
517679,279,36.479999999999,1271,19,,,,,,,1935.8131670407474,710.0228474140167
518249,280,-8.82,570,8,,,,,,,252.9946107962491,712.2760317325592
520463,281,147.94000000000779,2214,34,,,,,,,727.7721359387349,715.3184106349945
522957,282,172.1900000000092,2494,40,,,,,,,777.0951926912034,718.5279817581177
523743,283,14.059999999999896,786,8,,,,,,,1892.9157797005187,718.9433920383453
524568,284,3.0000000000000426,825,13,,,,,,,357.9886922651162,721.2481229305267
525212,285,-0.9600000000000364,644,8,,,,,,,1912.6807706714874,721.585040807724
525672,286,-25.57000000000008,460,4,,,,,,,1764.0415204159722,721.8459715843201
527810,287,129.36000000000362,2138,35,,,,,,,710.1099032428726,724.8569686412811
528999,288,57.66999999999889,1189,18,,,,,,,481.2287056987606,727.3279073238373
529855,289,21.749999999999403,856,12,,,,,,,1920.832583794773,727.7737679481506
530661,290,-8.570000000000096,806,11,,,,,,,343.2251364480243,730.1222701072693
532880,291,152.5500000000054,2219,35,,,,,,,725.514961042148,733.1809687614441
534382,292,90.2600000000005,1502,24,,,,,,,1921.7864293517105,733.9627628326416
536404,293,142.10000000000633,2022,31,,,,,,,689.3728536968162,736.8960587978363
539291,294,194.41000000001077,2887,47,,,,,,,545.2635296795064,742.1909351348877
540442,295,38.5899999999988,1151,18,,,,,,,1819.197988032653,742.8238105773926
542335,296,97.67000000000166,1893,30,,,,,,,650.7770794649866,745.7328546047211
543542,297,59.28999999999837,1207,19,,,,,,,480.15788063480875,748.2468194961548
546095,298,188.11000000000948,2553,40,,,,,,,793.9086534016628,751.4627659320831
547183,299,46.04999999999908,1088,16,,,,,,,443.4555845012007,753.9164130687714
548089,300,-22.840000000000142,906,15,,,,,,,1554.1829270686778,754.49955701828
549606,301,87.1200000000012,1517,22,,,,,,,565.2652598968252,757.1834571361542
555226,302,480.5600000000593,5620,91,,,,,,,646.559045747284,765.8758645057678
559543,303,377.44000000004036,4317,70,,,,,,,705.930367175746,771.9914345741272
562930,304,276.99000000002394,3387,54,,,,,,,924.5524241527501,775.6550233364105
565199,305,152.49000000000714,2269,34,,,,,,,741.6531776555692,778.7146470546722
565601,306,-26.850000000000037,402,6,,,,,,,188.26041971737104,780.8501780033112
567067,307,87.33000000000098,1466,23,,,,,,,1911.4749007479152,781.6173334121704
567514,308,-22.15000000000001,447,6,,,,,,,209.6250424733434,783.7499032020569
567854,309,-33.48000000000007,340,5,,,,,,,1854.4362881192612,783.9334292411804
570172,310,168.32000000000676,2318,36,,,,,,,742.4484550875194,787.0557339191437
575027,311,399.560000000044,4855,79,,,,,,,768.3731150123663,793.3744738101959
577984,312,246.66000000001634,2957,46,,,,,,,552.0343782421161,798.7312078475952
582365,313,379.48000000003896,4381,73,,,,,,,719.729571116634,804.818422794342
583377,314,38.65999999999917,1012,16,,,,,,,1863.520484899359,805.3617134094238
587688,315,362.39000000004046,4311,69,,,,,,,711.9319111660656,811.4172761440277
594263,316,605.0800000000773,6575,108,,,,,,,596.1524300537337,822.4465250968933
596823,317,205.60000000001196,2560,40,,,,,,,768.4423078106681,825.7781465053558
598745,318,120.92000000000431,1922,31,,,,,,,654.3618173500296,828.7155718803406
600667,319,110.79000000000035,1922,27,,,,,,,640.3379205888904,831.7173838615417
602263,320,76.74999999999802,1596,25,,,,,,,558.5295629948745,834.57506108284
605728,321,303.19000000002114,3465,57,,,,,,,940.3052750280007,838.2602496147156
607251,322,53.839999999998554,1523,23,,,,,,,562.479499327491,840.9680700302124
609945,323,168.74000000000962,2694,43,,,,,,,806.9204101010171,844.306866645813
611251,324,40.04999999999878,1306,20,,,,,,,503.2247590033437,846.9023094177246
613063,325,99.35000000000433,1812,26,,,,,,,624.2516325653585,849.8051853179932
616480,326,289.770000000024,3417,55,,,,,,,607.8300049913361,855.4270634651184
617654,327,55.61999999999885,1174,18,,,,,,,1895.9247777133069,856.0464706420898
619035,328,58.699999999998695,1381,20,,,,,,,518.8708065548453,858.7082228660583
620295,329,49.45999999999868,1260,19,,,,,,,1883.339863176212,859.3774275779724
624656,330,353.9000000000401,4361,71,,,,,,,533.5932278079715,867.5505049228668
626218,331,98.33000000000227,1562,22,,,,,,,1808.424121990665,868.4144690036774
628050,332,111.95000000000425,1832,27,,,,,,,600.4977908707664,871.4654579162598
638050,333,1026.6800000001228,10000,167,,,,,,,653.2316691544465,886.7741520404816
639289,334,63.81999999999896,1239,19,,,,,,,472.5026273065307,889.4089679718018
640847,335,83.19999999999959,1558,23,,,,,,,1934.6735688217595,890.2144894599915
641987,336,53.21999999999916,1140,17,,,,,,,438.35069254088853,892.8153250217438
643319,337,73.949999999999,1332,20,,,,,,,503.3796065236289,895.4616076946259
645384,338,138.62000000000847,2065,32,,,,,,,680.3936575320243,898.4968101978302
647042,339,99.25000000000257,1658,26,,,,,,,1921.552469031757,899.3598589897156
649094,340,127.23000000000276,2052,33,,,,,,,683.1363961971356,902.3638756275177
651248,341,147.19000000000534,2154,35,,,,,,,699.1276442771438,905.4450173377991
654339,342,245.72000000001748,3091,51,,,,,,,559.7773110589816,910.9670565128326
655945,343,103.84000000000079,1606,27,,,,,,,570.8524639177599,913.7805850505829
663540,344,697.2700000000896,7595,126,,,,,,,776.1897193199337,923.5658204555511
668457,345,451.39000000004967,4917,82,,,,,,,581.8584041544289,932.0165076255798
670089,346,106.0400000000008,1632,26,,,,,,,570.4199250107124,934.877738237381
672091,347,140.9000000000059,2002,31,,,,,,,665.5935633739338,937.8858006000519
674332,348,171.4500000000079,2241,35,,,,,,,711.6049961306046,941.0352334976196
676085,349,114.1300000000041,1753,28,,,,,,,591.742320668864,943.9978895187378
679961,350,322.73000000003026,3876,64,,,,,,,652.8293074423427,949.9353218078613
687379,351,618.3200000000879,7418,121,,,,,,,752.0945931207112,959.7986857891083
688927,352,77.24999999999875,1548,23,,,,,,,547.1509941239763,962.6280717849731
689837,353,2.819999999999766,910,15,,,,,,,1850.124764603091,963.1201107501984
691407,354,94.49000000000242,1570,24,,,,,,,529.418043985775,966.0859005451202
693059,355,87.82000000000252,1652,25,,,,,,,536.8972030630381,969.1630549430847
703059,356,1079.280000000069,10000,166,,,,,,,653.2316488072519,984.4718050956726
705820,357,202.92000000001562,2761,45,,,,,,,799.0496627016655,987.9390385150909
707598,358,102.36000000000388,1778,27,,,,,,,619.4060152249439,990.8097202777863
710580,359,247.02000000001996,2982,48,,,,,,,838.2527715811771,994.3672835826874
712939,360,160.01000000001005,2359,37,,,,,,,453.57361015435833,999.5684504508972
722720,361,954.410000000126,9781,161,,,,,,,743.1762465983977,1012.7297224998474
724908,362,160.41000000000707,2188,34,,,,,,,698.2407329462746,1015.8635272979736
728654,363,253.54000000002307,3746,62,,,,,,,636.6660348306206,1021.7475776672363
732445,364,302.5900000000297,3791,63,,,,,,,643.4143875323188,1027.6398141384125
733526,365,26.229999999999016,1081,16,,,,,,,422.6456346355121,1030.1977739334106
735512,366,123.41000000000446,1986,30,,,,,,,659.7419814924436,1033.208268404007
737395,367,107.64000000000246,1883,30,,,,,,,633.9720192185356,1036.1786451339722
740043,368,214.29000000001298,2648,42,,,,,,,783.7133647815496,1039.5576303005219
742713,369,202.16000000001043,2670,41,,,,,,,792.0907766071488,1042.928691625595
747526,370,421.8500000000467,4813,78,,,,,,,567.2254204572199,1051.4141113758087
748373,371,21.24999999999978,847,13,,,,,,,1875.9286312110928,1051.8657982349396
749193,372,18.379999999999818,820,11,,,,,,,1843.9347806040278,1052.3107488155365
751222,373,148.01000000000414,2029,31,,,,,,,669.1563512723711,1055.3431315422058
752357,374,37.29999999999909,1135,18,,,,,,,444.5722742844592,1057.8963553905487
753548,375,48.50999999999917,1191,18,,,,,,,1904.6692591396493,1058.5218906402588
755200,376,92.50999999999982,1652,25,,,,,,,565.992055678863,1061.44082570076
756787,377,100.99000000000282,1587,24,,,,,,,561.867775597638,1064.265513420105
757393,378,-4.8500000000000725,606,9,,,,,,,1921.7931334833418,1064.5811009407043
758193,379,15.749999999999737,800,12,,,,,,,335.9191385748218,1066.962828874588
759335,380,53.28999999999918,1142,18,,,,,,,1875.9823833957435,1067.5717771053314
761170,381,102.67000000000013,1835,28,,,,,,,624.133501865496,1070.5120329856873
762459,382,38.91999999999916,1289,20,,,,,,,473.5845135737133,1073.2340297698975
764063,383,102.22000000000138,1604,25,,,,,,,568.656309526788,1076.054943561554
764384,384,-35.39000000000006,321,4,,,,,,,1818.2834037622406,1076.231686115265
765050,385,-18.180000000000113,666,8,,,,,,,1909.9418513142357,1076.5805728435516
766032,386,35.2599999999993,982,15,,,,,,,392.7342681273877,1079.081209897995
767369,387,73.2799999999999,1337,20,,,,,,,1897.8590555351557,1079.7858684062958
767980,388,-9.700000000000024,611,8,,,,,,,1818.4357925465072,1080.122086763382
769402,389,57.209999999999255,1422,22,,,,,,,523.991228245114,1082.836102962494
770289,390,25.639999999999446,887,14,,,,,,,362.8236519020667,1085.2810349464417
771329,391,41.99999999999925,1040,15,,,,,,,1934.5974493208182,1085.8188240528107
772536,392,60.64999999999922,1207,17,,,,,,,462.8589564847066,1088.426769733429
773567,393,40.43999999999922,1031,16,,,,,,,1940.5116765173234,1088.958292722702
774701,394,46.42999999999887,1134,16,,,,,,,439.81635339393966,1091.5368173122406
776276,395,99.33000000000197,1575,23,,,,,,,559.307579219655,1094.353012084961
777708,396,59.359999999998685,1432,22,,,,,,,1885.178666643231,1095.1128208637238
778432,397,8.06999999999988,724,10,,,,,,,307.4652045813456,1097.4677739143372
779838,398,66.04000000000033,1406,22,,,,,,,1925.8141252917446,1098.1980192661285
780672,399,19.92999999999948,834,12,,,,,,,346.58682560687504,1100.6045467853546
781170,400,-16.34000000000011,498,7,,,,,,,1891.730229904316,1100.8679811954498
782661,401,86.21000000000014,1491,21,,,,,,,533.7399127694674,1103.661663532257
783762,402,33.74999999999937,1101,17,,,,,,,1940.2678619371802,1104.2293434143066
785600,403,97.89000000000331,1838,29,,,,,,,625.5637201592341,1107.16765999794
786146,404,-16.52000000000003,546,8,,,,,,,1882.2157197466258,1107.4579210281372
788684,405,203.87000000001268,2538,41,,,,,,,473.34593846870365,1112.8199558258057
794346,406,499.87000000005526,5662,93,,,,,,,808.4379189587952,1119.8238151073456
800668,407,595.6000000000712,6322,104,,,,,,,671.4398533853786,1129.239587545395
800948,408,-54.690000000000055,280,4,,,,,,,118.2257913513137,1131.60817527771
802865,409,130.7800000000047,1917,29,,,,,,,649.1680140134399,1134.5613911151886
803739,410,18.79999999999965,874,10,,,,,,,1888.6311322961328,1135.0244510173798
804245,411,-25.910000000000032,506,6,,,,,,,1833.9335994241517,1135.300549507141
805307,412,34.26999999999902,1062,16,,,,,,,413.53691487139497,1137.8688442707062
806401,413,32.49999999999937,1094,15,,,,,,,1914.9435462129463,1138.440361738205
808225,414,111.02999999999909,1824,30,,,,,,,622.199277214024,1141.3721106052399
808868,415,-1.4400000000000261,643,7,,,,,,,1820.4616479171195,1141.7254900932312
812392,416,303.8300000000274,3524,55,,,,,,,566.1053153026555,1147.9506764411926
813966,417,88.70000000000105,1574,23,,,,,,,557.9176470260139,1150.7720983028412
817303,418,283.1400000000246,3337,52,,,,,,,554.113793475592,1156.7944810390472
819955,419,140.90000000001055,2652,43,,,,,,,782.6068320479961,1160.1833910942078
822816,420,198.90000000001277,2861,45,,,,,,,800.2745860163031,1163.7585847377777
823917,421,33.289999999999516,1101,16,,,,,,,420.12041248128054,1166.3794870376587
825679,422,95.2699999999981,1762,28,,,,,,,595.473244020502,1169.338706254959
826106,423,-39.240000000000045,427,7,,,,,,,1768.6666897094535,1169.5803377628326
827989,424,132.7900000000036,1883,30,,,,,,,630.8505212746898,1172.5653977394104
828698,425,-8.570000000000121,709,11,,,,,,,1926.182268763485,1172.933702468872
829343,426,-0.6500000000000696,645,9,,,,,,,1548.3062426707554,1173.350490808487
830158,427,17.569999999999716,815,12,,,,,,,340.64023098132486,1175.7432599067688
833782,428,286.2900000000274,3624,59,,,,,,,604.5279026503819,1181.7382609844208
835486,429,114.00000000000433,1704,28,,,,,,,1911.8030325767272,1182.629770040512
837004,430,77.96999999999915,1518,22,,,,,,,537.3392736186685,1185.4550340175629
842125,431,480.67000000005464,5121,84,,,,,,,582.4808796769353,1194.2469840049744
851971,432,955.2500000001287,9846,164,,,,,,,659.1496418189382,1209.184625864029
854914,433,241.7400000000162,2943,49,,,,,,,832.5594873783014,1212.7196974754333
857039,434,153.9200000000076,2125,35,,,,,,,685.4744025812838,1215.8199064731598
862737,435,522.9800000000624,5698,92,,,,,,,632.8340127363068,1224.8240237236023
868709,436,552.5700000000668,5972,99,,,,,,,659.283985808661,1233.8825602531433
876720,437,766.2300000000986,8011,131,,,,,,,663.1096569608333,1245.9637274742126
882905,438,551.900000000069,6185,103,,,,,,,666.3587918963765,1255.2456903457642
887581,439,403.8500000000411,4676,77,,,,,,,729.4498712564795,1261.6562061309814
889904,440,170.1100000000091,2323,36,,,,,,,717.3999539520705,1264.8944439888
892378,441,196.5100000000104,2474,39,,,,,,,750.9088551049598,1268.189311504364
894429,442,146.10000000000747,2051,31,,,,,,,677.3050254395329,1271.217670917511
896075,443,107.81000000000321,1646,25,,,,,,,568.351982157377,1274.1139628887177
899378,444,261.5000000000225,3303,54,,,,,,,576.2994147562882,1279.8455443382263
908190,445,857.6900000001109,8812,143,,,,,,,696.4968186517488,1292.4976422786713
910605,446,190.49000000001087,2415,38,,,,,,,742.8800786206189,1295.7486827373505
916843,447,594.0900000000705,6238,99,,,,,,,676.0216080373706,1304.9764161109924
917727,448,25.16999999999942,884,12,,,,,,,346.57244333092206,1307.527333021164
918601,449,24.349999999999824,874,11,,,,,,,1882.888353568776,1307.991745710373
919858,450,50.64999999999874,1257,18,,,,,,,474.8357201777887,1310.6391496658325
921116,451,66.15999999999892,1258,19,,,,,,,1883.4090294817054,1311.30730342865
922582,452,47.72999999999891,1466,23,,,,,,,512.6460221481169,1314.1671788692474
924215,453,91.5100000000036,1633,24,,,,,,,565.053094609559,1317.0573644638062
925994,454,91.78999999999903,1779,25,,,,,,,607.8160732578963,1319.984459400177
927207,455,60.299999999998974,1213,19,,,,,,,1933.5583025305766,1320.6119875907898
929024,456,104.68000000000391,1817,29,,,,,,,608.6042194896128,1323.5977218151093
939024,457,1028.7300000001192,10000,167,,,,,,,659.5095620304371,1338.7607266902924
945892,458,671.8300000000793,6868,111,,,,,,,716.3131032337046,1348.3488874435425
947123,459,48.0099999999989,1231,17,,,,,,,462.36610735511425,1351.0114681720734
949531,460,175.49000000001075,2408,35,,,,,,,742.9290388697581,1354.2529096603394
953237,461,329.39000000003034,3706,62,,,,,,,621.0797912666238,1360.2201082706451
954861,462,69.42000000000041,1624,25,,,,,,,567.5624527451358,1363.0817465782166
957145,463,161.66000000000906,2284,34,,,,,,,711.0621375025348,1366.2940683364868
959206,464,137.60000000000733,2061,33,,,,,,,671.5534162216878,1369.3632609844208
962511,465,282.4900000000253,3305,55,,,,,,,864.6883206544751,1373.1856067180634
972511,466,1061.1500000000885,10000,167,,,,,,,659.2766907111268,1388.3539481163025
976600,467,366.8300000000375,4089,64,,,,,,,664.5158582293042,1394.5074949264526
978071,468,83.9200000000018,1471,22,,,,,,,511.52220020945657,1397.3834438323975
983245,469,473.1200000000548,5174,82,,,,,,,591.0905581081205,1406.1369268894196
985171,470,127.20000000000492,1926,29,,,,,,,639.9711303424446,1409.1466414928436
985947,471,13.029999999999838,776,9,,,,,,,1875.9213984772598,1409.5605146884918
990819,472,416.44000000005,4872,78,,,,,,,745.044823154823,1416.0998809337616
993452,473,210.06000000001467,2633,43,,,,,,,485.07169019441295,1421.5281648635864
997080,474,292.6900000000302,3628,58,,,,,,,926.820229361732,1425.4428186416626
999110,475,148.53000000000375,2030,30,,,,,,,654.5441373337452,1428.544450044632
1000308,476,59.11999999999895,1198,20,,,,,,,459.590684665131,1431.151329278946
